Archive member included to satisfy reference by file (symbol)

app/libapp.a(main.c.obj)      (--whole-archive)
zephyr/libzephyr.a(cbprintf_packaged.c.obj)
                              (--whole-archive)
zephyr/libzephyr.a(crc32c_sw.c.obj)
                              (--whole-archive)
zephyr/libzephyr.a(crc32_sw.c.obj)
                              (--whole-archive)
zephyr/libzephyr.a(crc16_sw.c.obj)
                              (--whole-archive)
zephyr/libzephyr.a(crc8_sw.c.obj)
                              (--whole-archive)
zephyr/libzephyr.a(crc7_sw.c.obj)
                              (--whole-archive)
zephyr/libzephyr.a(dec.c.obj)
                              (--whole-archive)
zephyr/libzephyr.a(fdtable.c.obj)
                              (--whole-archive)
zephyr/libzephyr.a(hex.c.obj)
                              (--whole-archive)
zephyr/libzephyr.a(notify.c.obj)
                              (--whole-archive)
zephyr/libzephyr.a(printk.c.obj)
                              (--whole-archive)
zephyr/libzephyr.a(onoff.c.obj)
                              (--whole-archive)
zephyr/libzephyr.a(rb.c.obj)  (--whole-archive)
zephyr/libzephyr.a(sem.c.obj)
                              (--whole-archive)
zephyr/libzephyr.a(thread_entry.c.obj)
                              (--whole-archive)
zephyr/libzephyr.a(timeutil.c.obj)
                              (--whole-archive)
zephyr/libzephyr.a(heap.c.obj)
                              (--whole-archive)
zephyr/libzephyr.a(heap-validate.c.obj)
                              (--whole-archive)
zephyr/libzephyr.a(bitarray.c.obj)
                              (--whole-archive)
zephyr/libzephyr.a(multi_heap.c.obj)
                              (--whole-archive)
zephyr/libzephyr.a(cbprintf_complete.c.obj)
                              (--whole-archive)
zephyr/libzephyr.a(cbprintf.c.obj)
                              (--whole-archive)
zephyr/libzephyr.a(assert.c.obj)
                              (--whole-archive)
zephyr/libzephyr.a(reboot.c.obj)
                              (--whole-archive)
zephyr/libzephyr.a(configs.c.obj)
                              (--whole-archive)
zephyr/libzephyr.a(soc.c.obj)
                              (--whole-archive)
zephyr/libzephyr.a(power.c.obj)
                              (--whole-archive)
zephyr/libzephyr.a(soc_nrf_common.S.obj)
                              (--whole-archive)
zephyr/libzephyr.a(soc_secure.c.obj)
                              (--whole-archive)
zephyr/libzephyr.a(validate_base_addresses.c.obj)
                              (--whole-archive)
zephyr/libzephyr.a(validate_enabled_instances.c.obj)
                              (--whole-archive)
zephyr/libzephyr.a(pm.c.obj)  (--whole-archive)
zephyr/libzephyr.a(policy.c.obj)
                              (--whole-archive)
zephyr/libzephyr.a(state.c.obj)
                              (--whole-archive)
zephyr/libzephyr.a(tracing_none.c.obj)
                              (--whole-archive)
zephyr/libzephyr.a(flash_map_partition_manager.c.obj)
                              (--whole-archive)
zephyr/arch/common/libarch__common.a(sw_isr_common.c.obj)
                              (--whole-archive)
zephyr/arch/arch/arm/core/aarch32/libarch__arm__core__aarch32.a(cpu_idle.S.obj)
                              (--whole-archive)
zephyr/arch/arch/arm/core/aarch32/libarch__arm__core__aarch32.a(fatal.c.obj)
                              (--whole-archive)
zephyr/arch/arch/arm/core/aarch32/libarch__arm__core__aarch32.a(irq_manage.c.obj)
                              (--whole-archive)
zephyr/arch/arch/arm/core/aarch32/libarch__arm__core__aarch32.a(nmi.c.obj)
                              (--whole-archive)
zephyr/arch/arch/arm/core/aarch32/libarch__arm__core__aarch32.a(nmi_on_reset.S.obj)
                              (--whole-archive)
zephyr/arch/arch/arm/core/aarch32/libarch__arm__core__aarch32.a(prep_c.c.obj)
                              (--whole-archive)
zephyr/arch/arch/arm/core/aarch32/libarch__arm__core__aarch32.a(swap.c.obj)
                              (--whole-archive)
zephyr/arch/arch/arm/core/aarch32/libarch__arm__core__aarch32.a(swap_helper.S.obj)
                              (--whole-archive)
zephyr/arch/arch/arm/core/aarch32/libarch__arm__core__aarch32.a(thread.c.obj)
                              (--whole-archive)
zephyr/arch/arch/arm/core/aarch32/libarch__arm__core__aarch32.a(isr_wrapper.S.obj)
                              (--whole-archive)
zephyr/arch/arch/arm/core/aarch32/cortex_m/libarch__arm__core__aarch32__cortex_m.a(exc_exit.S.obj)
                              (--whole-archive)
zephyr/arch/arch/arm/core/aarch32/cortex_m/libarch__arm__core__aarch32__cortex_m.a(fault.c.obj)
                              (--whole-archive)
zephyr/arch/arch/arm/core/aarch32/cortex_m/libarch__arm__core__aarch32__cortex_m.a(fault_s.S.obj)
                              (--whole-archive)
zephyr/arch/arch/arm/core/aarch32/cortex_m/libarch__arm__core__aarch32__cortex_m.a(fpu.c.obj)
[...]
Memory Configuration

Name             Origin             Length             Attributes
FLASH            0x0000000000008000 0x00000000000f8000 xr
SRAM             0x000000002000c4e8 0x0000000000033b18 xw
IDT_LIST         0x00000000fffff7ff 0x0000000000000800 xw
*default*        0x0000000000000000 0xffffffffffffffff

Linker script and memory map

LOAD zephyr/CMakeFiles/zephyr_pre1.dir/misc/empty_file.c.obj
LOAD zephyr/CMakeFiles/zephyr_pre1.dir/dev_handles.c.obj
                0x0000000000000020                _region_min_align = 0x20

.rel.plt        0x0000000000008000        0x0
 *(SORT_BY_ALIGNMENT(.rel.plt))
                [!provide]                        PROVIDE (__rel_iplt_start = .)
 *(SORT_BY_ALIGNMENT(.rel.iplt))
 .rel.iplt      0x0000000000008000        0x0 app/libapp.a(main.c.obj)
                [!provide]                        PROVIDE (__rel_iplt_end = .)

.rela.plt       0x0000000000000000        0x0
 *(SORT_BY_ALIGNMENT(.rela.plt))
                [!provide]                        PROVIDE (__rela_iplt_start = .)
 *(SORT_BY_ALIGNMENT(.rela.iplt))
                [!provide]                        PROVIDE (__rela_iplt_end = .)

.rel.dyn
 *(SORT_BY_ALIGNMENT(.rel.*))

.rela.dyn
 *(SORT_BY_ALIGNMENT(.rela.*))

/DISCARD/
 *(SORT_BY_ALIGNMENT(.plt))
 *(SORT_BY_ALIGNMENT(.iplt))
 *(SORT_BY_ALIGNMENT(.got.plt))
 *(SORT_BY_ALIGNMENT(.igot.plt))
 *(SORT_BY_ALIGNMENT(.got))
 *(SORT_BY_ALIGNMENT(.igot))
 *(SORT_BY_ALIGNMENT(.note.GNU-stack))
                0x0000000000008000                __rom_region_start = 0x8000

rom_start       0x0000000000008000      0x144
                0x0000000000000000                . = 0x0
                0x0000000000000000                . = ALIGN (0x4)
                0x0000000000000000                . = ALIGN (0x80)
                0x0000000000000000                . = ALIGN (0x200)
                0x0000000000008000                _vector_start = .
 *(SORT_BY_ALIGNMENT(.exc_vector_table))
 *(SORT_BY_ALIGNMENT(.exc_vector_table.*))
 .exc_vector_table._vector_table_section
                0x0000000000008000       0x40 zephyr/arch/arch/arm/core/aarch32/cortex_m/libarch__arm__core__aarch32__cortex_m.a(vector_table.S.obj)
                0x0000000000008000                _vector_table
 *(SORT_BY_ALIGNMENT(.vectors))
                0x0000000000008144                _vector_end = .
                0x0000000000008040                . = ALIGN (0x4)
 *(SORT_BY_ALIGNMENT(.gnu.linkonce.irq_vector_table*))
 .gnu.linkonce.irq_vector_table
                0x0000000000008040      0x104 zephyr/arch/common/libisr_tables.a(isr_tables.c.obj)
                0x0000000000008040                _irq_vector_table
                0x0000000000008144                _vector_end = .

text            0x0000000000008144     0x7cb6
                0x0000000000008144                __text_region_start = .
 *(SORT_BY_ALIGNMENT(.text))
 .text          0x0000000000008144       0x30 /opt/nordic/ncs/toolchains/v2.1.1/opt/zephyr-sdk/arm-zephyr-eabi/bin/../lib/gcc/arm-zephyr-eabi/10.3.0/thumb/v8-m.main/nofp/libgcc.a(_aeabi_uldivmod.o)
                0x0000000000008144                __aeabi_uldivmod
 .text          0x0000000000008174        0x4 /opt/nordic/ncs/toolchains/v2.1.1/opt/zephyr-sdk/arm-zephyr-eabi/bin/../lib/gcc/arm-zephyr-eabi/10.3.0/thumb/v8-m.main/nofp/libgcc.a(_dvmd_tls.o)
                0x0000000000008174                __aeabi_ldiv0
                0x0000000000008174                __aeabi_idiv0
 .text          0x0000000000008178      0x2a2 /opt/nordic/ncs/toolchains/v2.1.1/opt/zephyr-sdk/arm-zephyr-eabi/bin/../lib/gcc/arm-zephyr-eabi/10.3.0/thumb/v8-m.main/nofp/libgcc.a(_udivmoddi4.o)
                0x0000000000008178                __udivmoddi4
 .text          0x000000000000841a       0x10 /opt/nordic/ncs/toolchains/v2.1.1/opt/zephyr-sdk/arm-zephyr-eabi/arm-zephyr-eabi/lib/thumb/v8-m.main/nofp/libc_nano.a(lib_a-strlen.o)
                0x000000000000841a                strlen
 *(SORT_BY_ALIGNMENT(.text.*))
 *fill*         0x000000000000842a        0x2 
 .text.spi_test_send
                0x000000000000842c       0x88 app/libapp.a(main.c.obj)
                0x000000000000842c                spi_test_send
 .text.main     0x00000000000084b4       0x40 app/libapp.a(main.c.obj)
                0x00000000000084b4                main
 .text.char_out
                0x00000000000084f4        0xc zephyr/libzephyr.a(printk.c.obj)
 .text.__printk_hook_install
                0x0000000000008500        0xc zephyr/libzephyr.a(printk.c.obj)
                0x0000000000008500                __printk_hook_install
 .text.vprintk  0x000000000000850c       0x1c zephyr/libzephyr.a(printk.c.obj)
                0x000000000000850c                vprintk
 .text.process_event
                0x0000000000008528      0x1c0 zephyr/libzephyr.a(onoff.c.obj)
 .text.extract_decimal
                0x00000000000086e8       0x28 zephyr/libzephyr.a(cbprintf_complete.c.obj)
 .text.encode_uint
                0x0000000000008710       0x98 zephyr/libzephyr.a(cbprintf_complete.c.obj)
 .text.z_cbvprintf_impl
                0x00000000000087a8      0x73c zephyr/libzephyr.a(cbprintf_complete.c.obj)
                0x00000000000087a8                z_cbvprintf_impl
 .text.nordicsemi_nrf91_init
                0x0000000000008ee4       0x28 zephyr/libzephyr.a(soc.c.obj)
 .text.arch_busy_wait
                0x0000000000008f0c       0x14 zephyr/libzephyr.a(soc.c.obj)
                0x0000000000008f0c                arch_busy_wait
 .text.z_arm_platform_init
                0x0000000000008f20        0x4 zephyr/libzephyr.a(soc_nrf_common.S.obj)
                0x0000000000008f20                z_arm_platform_init
 .text.pm_state_notify
                0x0000000000008f24       0x5c zephyr/libzephyr.a(pm.c.obj)
 .text.pm_system_resume
                0x0000000000008f80       0x74 zephyr/libzephyr.a(pm.c.obj)
                0x0000000000008f80                pm_system_resume
 .text.pm_system_suspend
                0x0000000000008ff4       0xe8 zephyr/libzephyr.a(pm.c.obj)
                0x0000000000008ff4                pm_system_suspend
 .text.pm_policy_next_state
                0x00000000000090dc       0x90 zephyr/libzephyr.a(policy.c.obj)
                0x00000000000090dc                pm_policy_next_state
 .text.pm_state_cpu_get_all
                0x000000000000916c       0x10 zephyr/libzephyr.a(state.c.obj)
                0x000000000000916c                pm_state_cpu_get_all
 .text.z_arm_cpu_idle_init
                0x000000000000917c        0xc zephyr/arch/arch/arm/core/aarch32/libarch__arm__core__aarch32.a(cpu_idle.S.obj)
                0x000000000000917c                z_arm_cpu_idle_init
 .text.arch_cpu_idle
                0x0000000000009188       0x1c zephyr/arch/arch/arm/core/aarch32/libarch__arm__core__aarch32.a(cpu_idle.S.obj)
                0x0000000000009188                arch_cpu_idle
 .text.arch_cpu_atomic_idle
                0x00000000000091a4       0x14 zephyr/arch/arch/arm/core/aarch32/libarch__arm__core__aarch32.a(cpu_idle.S.obj)
                0x00000000000091a4                arch_cpu_atomic_idle
 .text.arch_irq_enable
                0x00000000000091b8       0x20 zephyr/arch/arch/arm/core/aarch32/libarch__arm__core__aarch32.a(irq_manage.c.obj)
                0x00000000000091b8                arch_irq_enable
 .text.arch_irq_disable
                0x00000000000091d8       0x28 zephyr/arch/arch/arm/core/aarch32/libarch__arm__core__aarch32.a(irq_manage.c.obj)
                0x00000000000091d8                arch_irq_disable
 .text.arch_irq_is_enabled
                0x0000000000009200       0x1c zephyr/arch/arch/arm/core/aarch32/libarch__arm__core__aarch32.a(irq_manage.c.obj)
                0x0000000000009200                arch_irq_is_enabled
 .text.z_arm_irq_priority_set
                0x000000000000921c       0x2c zephyr/arch/arch/arm/core/aarch32/libarch__arm__core__aarch32.a(irq_manage.c.obj)
                0x000000000000921c                z_arm_irq_priority_set
 .text._arch_isr_direct_pm
                0x0000000000009248       0x1c zephyr/arch/arch/arm/core/aarch32/libarch__arm__core__aarch32.a(irq_manage.c.obj)
                0x0000000000009248                _arch_isr_direct_pm
 .text.z_SysNmiOnReset
                0x0000000000009264        0x8 zephyr/arch/arch/arm/core/aarch32/libarch__arm__core__aarch32.a(nmi_on_reset.S.obj)
                0x0000000000009264                z_SysNmiOnReset
 .text.z_arm_prep_c
                0x000000000000926c       0x38 zephyr/arch/arch/arm/core/aarch32/libarch__arm__core__aarch32.a(prep_c.c.obj)
                0x000000000000926c                z_arm_prep_c
 .text.arch_swap
                0x00000000000092a4       0x34 zephyr/arch/arch/arm/core/aarch32/libarch__arm__core__aarch32.a(swap.c.obj)
                0x00000000000092a4                arch_swap
 .text.z_arm_pendsv
                0x00000000000092d8       0x60 zephyr/arch/arch/arm/core/aarch32/libarch__arm__core__aarch32.a(swap_helper.S.obj)
                0x00000000000092d8                z_arm_pendsv
 .text.z_arm_svc
                0x0000000000009338       0x20 zephyr/arch/arch/arm/core/aarch32/libarch__arm__core__aarch32.a(swap_helper.S.obj)
                0x0000000000009338                z_arm_svc
 .text.arch_new_thread
                0x0000000000009358       0x40 zephyr/arch/arch/arm/core/aarch32/libarch__arm__core__aarch32.a(thread.c.obj)
                0x0000000000009358                arch_new_thread
 .text.arch_switch_to_main_thread
                0x0000000000009398       0x28 zephyr/arch/arch/arm/core/aarch32/libarch__arm__core__aarch32.a(thread.c.obj)
                0x0000000000009398                arch_switch_to_main_thread
 .text._isr_wrapper
                0x00000000000093c0       0x40 zephyr/arch/arch/arm/core/aarch32/libarch__arm__core__aarch32.a(isr_wrapper.S.obj)
                0x00000000000093c0                _isr_wrapper
 .text._HandlerModeExit
                0x0000000000009400       0x1c zephyr/arch/arch/arm/core/aarch32/cortex_m/libarch__arm__core__aarch32__cortex_m.a(exc_exit.S.obj)
                0x0000000000009400                z_arm_exc_exit
                0x0000000000009400                z_arm_int_exit
 .text.usage_fault.constprop.0
                0x000000000000941c       0x2c zephyr/arch/arch/arm/core/aarch32/cortex_m/libarch__arm__core__aarch32__cortex_m.a(fault.c.obj)
 .text.bus_fault.constprop.0
                0x0000000000009448       0x3c zephyr/arch/arch/arm/core/aarch32/cortex_m/libarch__arm__core__aarch32__cortex_m.a(fault.c.obj)
 .text.mem_manage_fault.constprop.0
                0x0000000000009484       0x50 zephyr/arch/arch/arm/core/aarch32/cortex_m/libarch__arm__core__aarch32__cortex_m.a(fault.c.obj)
 .text.z_arm_fault
                0x00000000000094d4      0x114 zephyr/arch/arch/arm/core/aarch32/cortex_m/libarch__arm__core__aarch32__cortex_m.a(fault.c.obj)
                0x00000000000094d4                z_arm_fault
 .text.z_arm_fault_init
                0x00000000000095e8       0x18 zephyr/arch/arch/arm/core/aarch32/cortex_m/libarch__arm__core__aarch32__cortex_m.a(fault.c.obj)
                0x00000000000095e8                z_arm_fault_init
 .text.__fault  0x0000000000009600       0x14 zephyr/arch/arch/arm/core/aarch32/cortex_m/libarch__arm__core__aarch32__cortex_m.a(fault_s.S.obj)
                0x0000000000009600                z_arm_bus_fault
                0x0000000000009600                z_arm_usage_fault
                0x0000000000009600                z_arm_mpu_fault
                0x0000000000009600                z_arm_exc_spurious
                0x0000000000009600                z_arm_debug_monitor
                0x0000000000009600                z_arm_hard_fault
 .text.z_arm_interrupt_init
                0x0000000000009614       0x18 zephyr/arch/arch/arm/core/aarch32/cortex_m/libarch__arm__core__aarch32__cortex_m.a(irq_init.c.obj)
                0x0000000000009614                z_arm_interrupt_init
 .text._reset_section
                0x000000000000962c       0x60 zephyr/arch/arch/arm/core/aarch32/cortex_m/libarch__arm__core__aarch32__cortex_m.a(reset.S.obj)
                0x000000000000962c                z_arm_reset
                0x000000000000962c                __start
 .text.sys_arch_reboot
                0x000000000000968c       0x24 zephyr/arch/arch/arm/core/aarch32/cortex_m/libarch__arm__core__aarch32__cortex_m.a(scb.c.obj)
                0x000000000000968c                sys_arch_reboot
 .text.z_arm_clear_arm_mpu_config
                0x00000000000096b0       0x24 zephyr/arch/arch/arm/core/aarch32/cortex_m/libarch__arm__core__aarch32__cortex_m.a(scb.c.obj)
                0x00000000000096b0                z_arm_clear_arm_mpu_config
 .text.z_arm_init_arch_hw_at_boot
                0x00000000000096d4       0x48 zephyr/arch/arch/arm/core/aarch32/cortex_m/libarch__arm__core__aarch32__cortex_m.a(scb.c.obj)
                0x00000000000096d4                z_arm_init_arch_hw_at_boot
 .text.z_impl_k_thread_abort
                0x000000000000971c       0x2c zephyr/arch/arch/arm/core/aarch32/cortex_m/libarch__arm__core__aarch32__cortex_m.a(thread_abort.c.obj)
                0x000000000000971c                z_impl_k_thread_abort
 .text.z_arm_configure_static_mpu_regions
                0x0000000000009748       0x38 zephyr/arch/arch/arm/core/aarch32/mpu/libarch__arm__core__aarch32__mpu.a(arm_core_mpu.c.obj)
                0x0000000000009748                z_arm_configure_static_mpu_regions
 .text.region_init
                0x0000000000009780       0x34 zephyr/arch/arch/arm/core/aarch32/mpu/libarch__arm__core__aarch32__mpu.a(arm_mpu.c.obj)
 .text.mpu_configure_regions_and_partition.constprop.0
                0x00000000000097b4      0x15c zephyr/arch/arch/arm/core/aarch32/mpu/libarch__arm__core__aarch32__mpu.a(arm_mpu.c.obj)
 .text.arm_core_mpu_enable
                0x0000000000009910       0x18 zephyr/arch/arch/arm/core/aarch32/mpu/libarch__arm__core__aarch32__mpu.a(arm_mpu.c.obj)
                0x0000000000009910                arm_core_mpu_enable
 .text.arm_core_mpu_disable
                0x0000000000009928       0x14 zephyr/arch/arch/arm/core/aarch32/mpu/libarch__arm__core__aarch32__mpu.a(arm_mpu.c.obj)
                0x0000000000009928                arm_core_mpu_disable
 .text.arm_core_mpu_configure_static_mpu_regions
                0x000000000000993c       0x14 zephyr/arch/arch/arm/core/aarch32/mpu/libarch__arm__core__aarch32__mpu.a(arm_mpu.c.obj)
                0x000000000000993c                arm_core_mpu_configure_static_mpu_regions
 .text.arm_core_mpu_mark_areas_for_dynamic_regions
                0x0000000000009950       0xb8 zephyr/arch/arch/arm/core/aarch32/mpu/libarch__arm__core__aarch32__mpu.a(arm_mpu.c.obj)
                0x0000000000009950                arm_core_mpu_mark_areas_for_dynamic_regions
 .text.z_arm_mpu_init
                0x0000000000009a08       0x4c zephyr/arch/arch/arm/core/aarch32/mpu/libarch__arm__core__aarch32__mpu.a(arm_mpu.c.obj)
                0x0000000000009a08                z_arm_mpu_init
 .text.__stdout_hook_install
                0x0000000000009a54        0xc zephyr/lib/libc/newlib/liblib__libc__newlib.a(libc-hooks.c.obj)
                0x0000000000009a54                __stdout_hook_install
 .text._sbrk    0x0000000000009a60       0x28 zephyr/lib/libc/newlib/liblib__libc__newlib.a(libc-hooks.c.obj)
                0x0000000000009a60                _sbrk
                0x0000000000009a60                sbrk
 .text.onoff_stop
                0x0000000000009a88       0x30 zephyr/drivers/clock_control/libdrivers__clock_control.a(clock_control_nrf.c.obj)
 .text.onoff_start
                0x0000000000009ab8       0x44 zephyr/drivers/clock_control/libdrivers__clock_control.a(clock_control_nrf.c.obj)
 .text.clk_init
                0x0000000000009afc       0x58 zephyr/drivers/clock_control/libdrivers__clock_control.a(clock_control_nrf.c.obj)
 .text.clkstarted_handle.constprop.0
                0x0000000000009b54       0x34 zephyr/drivers/clock_control/libdrivers__clock_control.a(clock_control_nrf.c.obj)
 .text.clock_event_handler
                0x0000000000009b88       0x1c zephyr/drivers/clock_control/libdrivers__clock_control.a(clock_control_nrf.c.obj)
 .text.generic_hfclk_start
                0x0000000000009ba4       0x64 zephyr/drivers/clock_control/libdrivers__clock_control.a(clock_control_nrf.c.obj)
 .text.api_blocking_start
                0x0000000000009c08       0x3c zephyr/drivers/clock_control/libdrivers__clock_control.a(clock_control_nrf.c.obj)
 .text.generic_hfclk_stop
                0x0000000000009c44       0x24 zephyr/drivers/clock_control/libdrivers__clock_control.a(clock_control_nrf.c.obj)
 .text.z_nrf_clock_control_lf_on
                0x0000000000009c68       0xf8 zephyr/drivers/clock_control/libdrivers__clock_control.a(clock_control_nrf.c.obj)
                0x0000000000009c68                z_nrf_clock_control_lf_on
 .text.uart_console_init
                0x0000000000009d60       0x30 zephyr/drivers/console/libdrivers__console.a(uart_console.c.obj)
 .text.console_out
                0x0000000000009d90       0x28 zephyr/drivers/console/libdrivers__console.a(uart_console.c.obj)
 .text.gpio_nrfx_pin_interrupt_configure
                0x0000000000009db8       0xc8 zephyr/drivers/gpio/libdrivers__gpio.a(gpio_nrfx.c.obj)
 .text.gpio_nrfx_init
                0x0000000000009e80       0x38 zephyr/drivers/gpio/libdrivers__gpio.a(gpio_nrfx.c.obj)
 .text.nrfx_gpio_handler
                0x0000000000009eb8       0x34 zephyr/drivers/gpio/libdrivers__gpio.a(gpio_nrfx.c.obj)
 .text.gpio_nrfx_pin_configure
                0x0000000000009eec      0x140 zephyr/drivers/gpio/libdrivers__gpio.a(gpio_nrfx.c.obj)
 .text.transfer_next_chunk
                0x000000000000a02c       0xd0 zephyr/drivers/spi/libdrivers__spi.a(spi_nrfx_spim.c.obj)
 .text.transceive
                0x000000000000a0fc      0x2a0 zephyr/drivers/spi/libdrivers__spi.a(spi_nrfx_spim.c.obj)
 .text.uarte_nrfx_configure
                0x000000000000a39c      0x164 zephyr/drivers/serial/libdrivers__serial.a(uart_nrfx_uarte.c.obj)
 .text.uarte_0_init
                0x000000000000a500       0xec zephyr/drivers/serial/libdrivers__serial.a(uart_nrfx_uarte.c.obj)
 .text.uarte_nrfx_poll_out
                0x000000000000a5ec       0xc8 zephyr/drivers/serial/libdrivers__serial.a(uart_nrfx_uarte.c.obj)
 .text.compare_int_lock
                0x000000000000a6b4       0x44 zephyr/drivers/timer/libdrivers__timer.a(nrf_rtc_timer.c.obj)
 .text.sys_clock_timeout_handler
                0x000000000000a6f8       0x78 zephyr/drivers/timer/libdrivers__timer.a(nrf_rtc_timer.c.obj)
 .text.compare_int_unlock
                0x000000000000a770       0x50 zephyr/drivers/timer/libdrivers__timer.a(nrf_rtc_timer.c.obj)
 .text.z_nrf_rtc_timer_read
                0x000000000000a7c0       0x44 zephyr/drivers/timer/libdrivers__timer.a(nrf_rtc_timer.c.obj)
                0x000000000000a7c0                z_nrf_rtc_timer_read
 .text.compare_set
                0x000000000000a804      0x13c zephyr/drivers/timer/libdrivers__timer.a(nrf_rtc_timer.c.obj)
 .text.sys_clock_driver_init
                0x000000000000a940       0x80 zephyr/drivers/timer/libdrivers__timer.a(nrf_rtc_timer.c.obj)
 .text.rtc_nrf_isr
                0x000000000000a9c0       0xe8 zephyr/drivers/timer/libdrivers__timer.a(nrf_rtc_timer.c.obj)
                0x000000000000a9c0                rtc_nrf_isr
 .text.sys_clock_set_timeout
                0x000000000000aaa8       0x60 zephyr/drivers/timer/libdrivers__timer.a(nrf_rtc_timer.c.obj)
                0x000000000000aaa8                sys_clock_set_timeout
 .text.sys_clock_elapsed
                0x000000000000ab08       0x14 zephyr/drivers/timer/libdrivers__timer.a(nrf_rtc_timer.c.obj)
                0x000000000000ab08                sys_clock_elapsed
 .text.nrf_gpio_pin_write
                0x000000000000ab1c       0x18 zephyr/drivers/pinctrl/libdrivers__pinctrl.a(pinctrl_nrf.c.obj)
 .text.nrf_pin_configure
                0x000000000000ab34       0x34 zephyr/drivers/pinctrl/libdrivers__pinctrl.a(pinctrl_nrf.c.obj)
 .text.pinctrl_configure_pins
                0x000000000000ab68      0x120 zephyr/drivers/pinctrl/libdrivers__pinctrl.a(pinctrl_nrf.c.obj)
                0x000000000000ab68                pinctrl_configure_pins
 .text._nrf_modem_lib_init
                0x000000000000ac88       0x8c modules/nrf/lib/nrf_modem_lib/lib..__nrf__lib__nrf_modem_lib.a(nrf_modem_lib.c.obj)
 .text.thread_monitor_entry_get
                0x000000000000ad14       0x4c modules/nrf/lib/nrf_modem_lib/lib..__nrf__lib__nrf_modem_lib.a(nrf_modem_os.c.obj)
 .text.on_init  0x000000000000ad60       0x20 modules/nrf/lib/nrf_modem_lib/lib..__nrf__lib__nrf_modem_lib.a(nrf_modem_os.c.obj)
 .text.nrf_modem_os_timedwait
                0x000000000000ad80      0x184 modules/nrf/lib/nrf_modem_lib/lib..__nrf__lib__nrf_modem_lib.a(nrf_modem_os.c.obj)
                0x000000000000ad80                nrf_modem_os_timedwait
 .text.nrf_modem_os_sem_init
                0x000000000000af04       0x38 modules/nrf/lib/nrf_modem_lib/lib..__nrf__lib__nrf_modem_lib.a(nrf_modem_os.c.obj)
                0x000000000000af04                nrf_modem_os_sem_init
 .text.nrf_modem_os_application_irq_set
                0x000000000000af3c       0x10 modules/nrf/lib/nrf_modem_lib/lib..__nrf__lib__nrf_modem_lib.a(nrf_modem_os.c.obj)
                0x000000000000af3c                nrf_modem_os_application_irq_set
 .text.nrf_modem_os_application_irq_clear
                0x000000000000af4c       0x10 modules/nrf/lib/nrf_modem_lib/lib..__nrf__lib__nrf_modem_lib.a(nrf_modem_os.c.obj)
                0x000000000000af4c                nrf_modem_os_application_irq_clear
 .text.nrf_modem_os_event_notify
                0x000000000000af5c       0x2c modules/nrf/lib/nrf_modem_lib/lib..__nrf__lib__nrf_modem_lib.a(nrf_modem_os.c.obj)
                0x000000000000af5c                nrf_modem_os_event_notify
 .text.nrf_modem_os_alloc
                0x000000000000af88       0x10 modules/nrf/lib/nrf_modem_lib/lib..__nrf__lib__nrf_modem_lib.a(nrf_modem_os.c.obj)
                0x000000000000af88                nrf_modem_os_alloc
 .text.nrf_modem_os_free
                0x000000000000af98        0xc modules/nrf/lib/nrf_modem_lib/lib..__nrf__lib__nrf_modem_lib.a(nrf_modem_os.c.obj)
                0x000000000000af98                nrf_modem_os_free
 .text.nrf_modem_os_shm_tx_alloc
                0x000000000000afa4       0x10 modules/nrf/lib/nrf_modem_lib/lib..__nrf__lib__nrf_modem_lib.a(nrf_modem_os.c.obj)
                0x000000000000afa4                nrf_modem_os_shm_tx_alloc
 .text.nrf_modem_os_shm_tx_free
                0x000000000000afb4        0xc modules/nrf/lib/nrf_modem_lib/lib..__nrf__lib__nrf_modem_lib.a(nrf_modem_os.c.obj)
                0x000000000000afb4                nrf_modem_os_shm_tx_free
 .text.nrf_modem_os_init
                0x000000000000afc0       0x34 modules/nrf/lib/nrf_modem_lib/lib..__nrf__lib__nrf_modem_lib.a(nrf_modem_os.c.obj)
                0x000000000000afc0                nrf_modem_os_init
 .text.on_modem_lib_init
                0x000000000000aff4       0x38 modules/nrf/lib/modem_antenna/lib..__nrf__lib__modem_antenna.a(modem_antenna.c.obj)
 .text.tfm_ns_interface_dispatch
                0x000000000000b02c       0x64 modules/trusted-firmware-m/libtfm_api.a(interface.c.obj)
                0x000000000000b02c                tfm_ns_interface_dispatch
 .text.psa_generate_random
                0x000000000000b090       0x44 modules/trusted-firmware-m/libtfm_api.a(tfm_crypto_ipc_api.c.obj)
                0x000000000000b090                psa_generate_random
 .text.psa_call
                0x000000000000b0d4       0x38 modules/trusted-firmware-m/libtfm_api.a(tfm_psa_ns_api.c.obj)
                0x000000000000b0d4                psa_call
 .text.SystemInit
                0x000000000000b10c       0x10 modules/hal_nordic/nrfx/libmodules__hal_nordic__nrfx.a(system_nrf9160.c.obj)
                0x000000000000b10c                SystemInit
 .text.nrfx_flag32_alloc
                0x000000000000b11c       0x44 modules/hal_nordic/nrfx/libmodules__hal_nordic__nrfx.a(nrfx_flag32_allocator.c.obj)
                0x000000000000b11c                nrfx_flag32_alloc
 .text.nrfx_flag32_free
                0x000000000000b160       0x3c modules/hal_nordic/nrfx/libmodules__hal_nordic__nrfx.a(nrfx_flag32_allocator.c.obj)
                0x000000000000b160                nrfx_flag32_free
 .text.clock_stop
                0x000000000000b19c       0x98 modules/hal_nordic/nrfx/libmodules__hal_nordic__nrfx.a(nrfx_clock.c.obj)
 .text.nrfx_clock_init
                0x000000000000b234       0x20 modules/hal_nordic/nrfx/libmodules__hal_nordic__nrfx.a(nrfx_clock.c.obj)
                0x000000000000b234                nrfx_clock_init
 .text.nrfx_clock_enable
                0x000000000000b254       0x20 modules/hal_nordic/nrfx/libmodules__hal_nordic__nrfx.a(nrfx_clock.c.obj)
                0x000000000000b254                nrfx_clock_enable
 .text.nrfx_clock_start
                0x000000000000b274       0x80 modules/hal_nordic/nrfx/libmodules__hal_nordic__nrfx.a(nrfx_clock.c.obj)
                0x000000000000b274                nrfx_clock_start
 .text.nrfx_power_clock_irq_handler
                0x000000000000b2f4       0x68 modules/hal_nordic/nrfx/libmodules__hal_nordic__nrfx.a(nrfx_clock.c.obj)
                0x000000000000b2f4                nrfx_power_clock_irq_handler
 .text.nrfx_dppi_channel_alloc
                0x000000000000b35c        0xc modules/hal_nordic/nrfx/libmodules__hal_nordic__nrfx.a(nrfx_dppi.c.obj)
                0x000000000000b35c                nrfx_dppi_channel_alloc
 .text.nrf_gpio_cfg_sense_set
                0x000000000000b368       0x20 modules/hal_nordic/nrfx/libmodules__hal_nordic__nrfx.a(nrfx_gpiote.c.obj)
 .text.pin_in_use_by_te
                0x000000000000b388       0x14 modules/hal_nordic/nrfx/libmodules__hal_nordic__nrfx.a(nrfx_gpiote.c.obj)
 .text.call_handler
                0x000000000000b39c       0x3c modules/hal_nordic/nrfx/libmodules__hal_nordic__nrfx.a(nrfx_gpiote.c.obj)
 .text.release_handler
                0x000000000000b3d8       0x54 modules/hal_nordic/nrfx/libmodules__hal_nordic__nrfx.a(nrfx_gpiote.c.obj)
 .text.pin_handler_trigger_uninit
                0x000000000000b42c       0x3c modules/hal_nordic/nrfx/libmodules__hal_nordic__nrfx.a(nrfx_gpiote.c.obj)
 .text.nrfx_gpiote_input_configure
                0x000000000000b468      0x154 modules/hal_nordic/nrfx/libmodules__hal_nordic__nrfx.a(nrfx_gpiote.c.obj)
                0x000000000000b468                nrfx_gpiote_input_configure
 .text.nrfx_gpiote_output_configure
                0x000000000000b5bc       0xf4 modules/hal_nordic/nrfx/libmodules__hal_nordic__nrfx.a(nrfx_gpiote.c.obj)
                0x000000000000b5bc                nrfx_gpiote_output_configure
 .text.nrfx_gpiote_global_callback_set
                0x000000000000b6b0        0xc modules/hal_nordic/nrfx/libmodules__hal_nordic__nrfx.a(nrfx_gpiote.c.obj)
                0x000000000000b6b0                nrfx_gpiote_global_callback_set
 .text.nrfx_gpiote_channel_get
                0x000000000000b6bc       0x2c modules/hal_nordic/nrfx/libmodules__hal_nordic__nrfx.a(nrfx_gpiote.c.obj)
                0x000000000000b6bc                nrfx_gpiote_channel_get
 .text.nrfx_gpiote_init
                0x000000000000b6e8       0x50 modules/hal_nordic/nrfx/libmodules__hal_nordic__nrfx.a(nrfx_gpiote.c.obj)
                0x000000000000b6e8                nrfx_gpiote_init
 .text.nrfx_gpiote_is_init
                0x000000000000b738       0x14 modules/hal_nordic/nrfx/libmodules__hal_nordic__nrfx.a(nrfx_gpiote.c.obj)
                0x000000000000b738                nrfx_gpiote_is_init
 .text.nrfx_gpiote_channel_free
                0x000000000000b74c        0xc modules/hal_nordic/nrfx/libmodules__hal_nordic__nrfx.a(nrfx_gpiote.c.obj)
                0x000000000000b74c                nrfx_gpiote_channel_free
 .text.nrfx_gpiote_channel_alloc
                0x000000000000b758        0xc modules/hal_nordic/nrfx/libmodules__hal_nordic__nrfx.a(nrfx_gpiote.c.obj)
                0x000000000000b758                nrfx_gpiote_channel_alloc
 .text.nrfx_gpiote_trigger_enable
                0x000000000000b764       0x88 modules/hal_nordic/nrfx/libmodules__hal_nordic__nrfx.a(nrfx_gpiote.c.obj)
                0x000000000000b764                nrfx_gpiote_trigger_enable
 .text.nrfx_gpiote_trigger_disable
                0x000000000000b7ec       0x50 modules/hal_nordic/nrfx/libmodules__hal_nordic__nrfx.a(nrfx_gpiote.c.obj)
                0x000000000000b7ec                nrfx_gpiote_trigger_disable
 .text.nrfx_gpiote_pin_uninit
                0x000000000000b83c       0x44 modules/hal_nordic/nrfx/libmodules__hal_nordic__nrfx.a(nrfx_gpiote.c.obj)
                0x000000000000b83c                nrfx_gpiote_pin_uninit
 .text.nrfx_gpiote_irq_handler
                0x000000000000b880      0x154 modules/hal_nordic/nrfx/libmodules__hal_nordic__nrfx.a(nrfx_gpiote.c.obj)
                0x000000000000b880                nrfx_gpiote_irq_handler
 .text.nrfx_ipc_init
                0x000000000000b9d4       0x30 modules/hal_nordic/nrfx/libmodules__hal_nordic__nrfx.a(nrfx_ipc.c.obj)
                0x000000000000b9d4                nrfx_ipc_init
 .text.nrfx_ipc_config_load
                0x000000000000ba04       0x40 modules/hal_nordic/nrfx/libmodules__hal_nordic__nrfx.a(nrfx_ipc.c.obj)
                0x000000000000ba04                nrfx_ipc_config_load
 .text.nrfx_ipc_uninit
                0x000000000000ba44       0x5c modules/hal_nordic/nrfx/libmodules__hal_nordic__nrfx.a(nrfx_ipc.c.obj)
                0x000000000000ba44                nrfx_ipc_uninit
 .text.nrfx_ipc_irq_handler
                0x000000000000baa0       0x40 modules/hal_nordic/nrfx/libmodules__hal_nordic__nrfx.a(nrfx_ipc.c.obj)
                0x000000000000baa0                nrfx_ipc_irq_handler
 .text.spim_pin_uninit
                0x000000000000bae0       0x18 modules/hal_nordic/nrfx/libmodules__hal_nordic__nrfx.a(nrfx_spim.c.obj)
 .text.nrf_gpio_pin_write
                0x000000000000baf8       0x18 modules/hal_nordic/nrfx/libmodules__hal_nordic__nrfx.a(nrfx_spim.c.obj)
 .text.nrfx_spim_init
                0x000000000000bb10      0x144 modules/hal_nordic/nrfx/libmodules__hal_nordic__nrfx.a(nrfx_spim.c.obj)
                0x000000000000bb10                nrfx_spim_init
 .text.nrfx_spim_uninit
                0x000000000000bc54       0x90 modules/hal_nordic/nrfx/libmodules__hal_nordic__nrfx.a(nrfx_spim.c.obj)
                0x000000000000bc54                nrfx_spim_uninit
 .text.nrfx_spim_xfer
                0x000000000000bce4       0xf0 modules/hal_nordic/nrfx/libmodules__hal_nordic__nrfx.a(nrfx_spim.c.obj)
                0x000000000000bce4                nrfx_spim_xfer
 .text.nrfx_spim_3_irq_handler
                0x000000000000bdd4       0x3c modules/hal_nordic/nrfx/libmodules__hal_nordic__nrfx.a(nrfx_spim.c.obj)
                0x000000000000bdd4                nrfx_spim_3_irq_handler
 .text.rpc_handle_data_message
                0x000000000000be10       0x44 /opt/nordic/ncs/v2.1.1/nrfxlib/nrf_modem/lib/cortex-m33/soft-float/libmodem.a(rpc_framework.c.obj)
                0x000000000000be10                rpc_handle_data_message
 .text.ipc_trace_init
                0x000000000000be54       0x38 /opt/nordic/ncs/v2.1.1/nrfxlib/nrf_modem/lib/cortex-m33/soft-float/libmodem.a(ipc_trace.c.obj)
                0x000000000000be54                ipc_trace_init
 .text.ipc_trace_handle
                0x000000000000be8c       0xc8 /opt/nordic/ncs/v2.1.1/nrfxlib/nrf_modem/lib/cortex-m33/soft-float/libmodem.a(ipc_trace.c.obj)
                0x000000000000be8c                ipc_trace_handle
 .text.rpc_transport_ipc_msg_alloc
                0x000000000000bf54       0x60 /opt/nordic/ncs/v2.1.1/nrfxlib/nrf_modem/lib/cortex-m33/soft-float/libmodem.a(rpc_transport_ipc.c.obj)
 .text.handle_modem_rpc_msg.part.0
                0x000000000000bfb4       0x84 /opt/nordic/ncs/v2.1.1/nrfxlib/nrf_modem/lib/cortex-m33/soft-float/libmodem.a(rpc_transport_ipc.c.obj)
 .text.ipc_irq_handler
                0x000000000000c038      0x114 /opt/nordic/ncs/v2.1.1/nrfxlib/nrf_modem/lib/cortex-m33/soft-float/libmodem.a(rpc_transport_ipc.c.obj)
                0x000000000000c038                ipc_irq_handler
 .text.rpc_transport_ipc_data_msg_send
                0x000000000000c14c       0x3c /opt/nordic/ncs/v2.1.1/nrfxlib/nrf_modem/lib/cortex-m33/soft-float/libmodem.a(rpc_transport_ipc.c.obj)
                0x000000000000c14c                rpc_transport_ipc_data_msg_send
 .text.rpc_transport_ipc_ctrl_msg_send
                0x000000000000c188       0x3c /opt/nordic/ncs/v2.1.1/nrfxlib/nrf_modem/lib/cortex-m33/soft-float/libmodem.a(rpc_transport_ipc.c.obj)
                0x000000000000c188                rpc_transport_ipc_ctrl_msg_send
 .text.rpc_transport_ipc_data_msg_alloc
                0x000000000000c1c4       0x24 /opt/nordic/ncs/v2.1.1/nrfxlib/nrf_modem/lib/cortex-m33/soft-float/libmodem.a(rpc_transport_ipc.c.obj)
                0x000000000000c1c4                rpc_transport_ipc_data_msg_alloc
 .text.rpc_transport_ipc_ctrl_msg_alloc
                0x000000000000c1e8       0x44 /opt/nordic/ncs/v2.1.1/nrfxlib/nrf_modem/lib/cortex-m33/soft-float/libmodem.a(rpc_transport_ipc.c.obj)
                0x000000000000c1e8                rpc_transport_ipc_ctrl_msg_alloc
 .text.rpc_transport_ipc_data_alloc
                0x000000000000c22c       0x14 /opt/nordic/ncs/v2.1.1/nrfxlib/nrf_modem/lib/cortex-m33/soft-float/libmodem.a(rpc_transport_ipc.c.obj)
                0x000000000000c22c                rpc_transport_ipc_data_alloc
 .text.nrf_modem_application_irq_handler
                0x000000000000c240       0x28 /opt/nordic/ncs/v2.1.1/nrfxlib/nrf_modem/lib/cortex-m33/soft-float/libmodem.a(rpc_transport_ipc.c.obj)
                0x000000000000c240                nrf_modem_application_irq_handler
 .text.rpc_transport_ipc_msg_free
                0x000000000000c268       0x4c /opt/nordic/ncs/v2.1.1/nrfxlib/nrf_modem/lib/cortex-m33/soft-float/libmodem.a(rpc_transport_ipc.c.obj)
                0x000000000000c268                rpc_transport_ipc_msg_free
 .text.rpc_transport_ipc_peer_data_free
                0x000000000000c2b4       0x34 /opt/nordic/ncs/v2.1.1/nrfxlib/nrf_modem/lib/cortex-m33/soft-float/libmodem.a(rpc_transport_ipc.c.obj)
                0x000000000000c2b4                rpc_transport_ipc_peer_data_free
 .text.rpc_transport_ipc_init
                0x000000000000c2e8      0x1a0 /opt/nordic/ncs/v2.1.1/nrfxlib/nrf_modem/lib/cortex-m33/soft-float/libmodem.a(rpc_transport_ipc.c.obj)
                0x000000000000c2e8                rpc_transport_ipc_init
 .text.sock_init
                0x000000000000c488       0x38 /opt/nordic/ncs/v2.1.1/nrfxlib/nrf_modem/lib/cortex-m33/soft-float/libmodem.a(sock.c.obj)
                0x000000000000c488                sock_init
 .text.sock_find
                0x000000000000c4c0       0x24 /opt/nordic/ncs/v2.1.1/nrfxlib/nrf_modem/lib/cortex-m33/soft-float/libmodem.a(sock.c.obj)
                0x000000000000c4c0                sock_find
 .text.sock_flow_control_set
                0x000000000000c4e4       0x3c /opt/nordic/ncs/v2.1.1/nrfxlib/nrf_modem/lib/cortex-m33/soft-float/libmodem.a(sock.c.obj)
                0x000000000000c4e4                sock_flow_control_set
 .text.on_getaddrinfo_res
                0x000000000000c520       0x18 /opt/nordic/ncs/v2.1.1/nrfxlib/nrf_modem/lib/cortex-m33/soft-float/libmodem.a(dns.c.obj)
                0x000000000000c520                on_getaddrinfo_res
 .text.addrinfo_init
                0x000000000000c538       0x10 /opt/nordic/ncs/v2.1.1/nrfxlib/nrf_modem/lib/cortex-m33/soft-float/libmodem.a(dns.c.obj)
                0x000000000000c538                addrinfo_init
 .text.rpc_ip_event_handler
                0x000000000000c548      0x210 /opt/nordic/ncs/v2.1.1/nrfxlib/nrf_modem/lib/cortex-m33/soft-float/libmodem.a(ip.c.obj)
                0x000000000000c548                rpc_ip_event_handler
 .text.ip_interface_init
                0x000000000000c758       0x28 /opt/nordic/ncs/v2.1.1/nrfxlib/nrf_modem/lib/cortex-m33/soft-float/libmodem.a(ip.c.obj)
                0x000000000000c758                ip_interface_init
 .text.on_tls_attach_res
                0x000000000000c780       0x28 /opt/nordic/ncs/v2.1.1/nrfxlib/nrf_modem/lib/cortex-m33/soft-float/libmodem.a(tls.c.obj)
                0x000000000000c780                on_tls_attach_res
 .text.on_tls_handshake_ntf
                0x000000000000c7a8       0x34 /opt/nordic/ncs/v2.1.1/nrfxlib/nrf_modem/lib/cortex-m33/soft-float/libmodem.a(tls.c.obj)
                0x000000000000c7a8                on_tls_handshake_ntf
 .text.tls_attach
                0x000000000000c7dc       0xe0 /opt/nordic/ncs/v2.1.1/nrfxlib/nrf_modem/lib/cortex-m33/soft-float/libmodem.a(tls.c.obj)
                0x000000000000c7dc                tls_attach
 .text.rpc_error_to_nrf_errno
                0x000000000000c8bc       0x18 /opt/nordic/ncs/v2.1.1/nrfxlib/nrf_modem/lib/cortex-m33/soft-float/libmodem.a(tables.c.obj)
                0x000000000000c8bc                rpc_error_to_nrf_errno
 .text.at_cmd_send
                0x000000000000c8d4       0x74 /opt/nordic/ncs/v2.1.1/nrfxlib/nrf_modem/lib/cortex-m33/soft-float/libmodem.a(nrf_modem_at.c.obj)
 .text.at_response_match
                0x000000000000c948       0x48 /opt/nordic/ncs/v2.1.1/nrfxlib/nrf_modem/lib/cortex-m33/soft-float/libmodem.a(nrf_modem_at.c.obj)
 .text.at_vsprintf
                0x000000000000c990       0x40 /opt/nordic/ncs/v2.1.1/nrfxlib/nrf_modem/lib/cortex-m33/soft-float/libmodem.a(nrf_modem_at.c.obj)
 .text.nrf_modem_at_init
                0x000000000000c9d0       0x20 /opt/nordic/ncs/v2.1.1/nrfxlib/nrf_modem/lib/cortex-m33/soft-float/libmodem.a(nrf_modem_at.c.obj)
                0x000000000000c9d0                nrf_modem_at_init
 .text.nrf_modem_at_printf
                0x000000000000c9f0       0x90 /opt/nordic/ncs/v2.1.1/nrfxlib/nrf_modem/lib/cortex-m33/soft-float/libmodem.a(nrf_modem_at.c.obj)
                0x000000000000c9f0                nrf_modem_at_printf
 .text.rpc_at_event_handler
                0x000000000000ca80       0x6c /opt/nordic/ncs/v2.1.1/nrfxlib/nrf_modem/lib/cortex-m33/soft-float/libmodem.a(nrf_modem_at.c.obj)
                0x000000000000ca80                rpc_at_event_handler
 .text.rpc_dfu_event_handler
                0x000000000000caec       0x30 /opt/nordic/ncs/v2.1.1/nrfxlib/nrf_modem/lib/cortex-m33/soft-float/libmodem.a(nrf_modem_delta_dfu.c.obj)
                0x000000000000caec                rpc_dfu_event_handler
 .text.rpc_gnss_event_handler
                0x000000000000cb1c      0x1bc /opt/nordic/ncs/v2.1.1/nrfxlib/nrf_modem/lib/cortex-m33/soft-float/libmodem.a(nrf_modem_gnss.c.obj)
                0x000000000000cb1c                rpc_gnss_event_handler
 .text.full_dfu_ipc_irq_handler
                0x000000000000ccd8       0x20 /opt/nordic/ncs/v2.1.1/nrfxlib/nrf_modem/lib/cortex-m33/soft-float/libmodem.a(full_dfu_interface.c.obj)
                0x000000000000ccd8                full_dfu_ipc_irq_handler
 .text.modem_ipc_wait_for_event
                0x000000000000ccf8       0x2c /opt/nordic/ncs/v2.1.1/nrfxlib/nrf_modem/lib/cortex-m33/soft-float/libmodem.a(full_dfu_interface.c.obj)
                0x000000000000ccf8                modem_ipc_wait_for_event
 .text.nrf_modem_full_dfu_setup
                0x000000000000cd24       0xe0 /opt/nordic/ncs/v2.1.1/nrfxlib/nrf_modem/lib/cortex-m33/soft-float/libmodem.a(full_dfu_interface.c.obj)
                0x000000000000cd24                nrf_modem_full_dfu_setup
 .text.modem_off
                0x000000000000ce04       0x28 /opt/nordic/ncs/v2.1.1/nrfxlib/nrf_modem/lib/cortex-m33/soft-float/libmodem.a(nrf_modem.c.obj)
 .text.nrf_modem_init
                0x000000000000ce2c       0x9c /opt/nordic/ncs/v2.1.1/nrfxlib/nrf_modem/lib/cortex-m33/soft-float/libmodem.a(nrf_modem.c.obj)
                0x000000000000ce2c                nrf_modem_init
 .text.nrf_modem_fault_handler_set
                0x000000000000cec8        0xc /opt/nordic/ncs/v2.1.1/nrfxlib/nrf_modem/lib/cortex-m33/soft-float/libmodem.a(nrf_modem_fault.c.obj)
                0x000000000000cec8                nrf_modem_fault_handler_set
 .text.nrf_modem_fault_handler_internal
                0x000000000000ced4       0x20 /opt/nordic/ncs/v2.1.1/nrfxlib/nrf_modem/lib/cortex-m33/soft-float/libmodem.a(nrf_modem_fault.c.obj)
                0x000000000000ced4                nrf_modem_fault_handler_internal
 .text.nrf_modem_state_set
                0x000000000000cef4        0xc /opt/nordic/ncs/v2.1.1/nrfxlib/nrf_modem/lib/cortex-m33/soft-float/libmodem.a(nrf_modem_state.c.obj)
                0x000000000000cef4                nrf_modem_state_set
 .text.nrf_modem_state_is_initialized
                0x000000000000cf00       0x10 /opt/nordic/ncs/v2.1.1/nrfxlib/nrf_modem/lib/cortex-m33/soft-float/libmodem.a(nrf_modem_state.c.obj)
                0x000000000000cf00                nrf_modem_state_is_initialized
 .text.nrf_modem_state_is_uninitialized
                0x000000000000cf10       0x10 /opt/nordic/ncs/v2.1.1/nrfxlib/nrf_modem/lib/cortex-m33/soft-float/libmodem.a(nrf_modem_state.c.obj)
                0x000000000000cf10                nrf_modem_state_is_uninitialized
 .text.z_sys_init_run_level
                0x000000000000cf20       0x40 zephyr/kernel/libkernel.a(device.c.obj)
                0x000000000000cf20                z_sys_init_run_level
 .text.z_impl_z_errno
                0x000000000000cf60        0xc zephyr/kernel/libkernel.a(errno.c.obj)
                0x000000000000cf60                z_impl_z_errno
 .text.bg_thread_main
                0x000000000000cf6c       0x34 zephyr/kernel/libkernel.a(init.c.obj)
 .text.z_bss_zero
                0x000000000000cfa0       0x18 zephyr/kernel/libkernel.a(init.c.obj)
                0x000000000000cfa0                z_bss_zero
 .text.z_init_cpu
                0x000000000000cfb8       0x68 zephyr/kernel/libkernel.a(init.c.obj)
                0x000000000000cfb8                z_init_cpu
 .text.z_cstart
                0x000000000000d020       0xd8 zephyr/kernel/libkernel.a(init.c.obj)
                0x000000000000d020                z_cstart
 .text.statics_init
                0x000000000000d0f8       0x24 zephyr/kernel/libkernel.a(kheap.c.obj)
 .text.z_setup_new_thread
                0x000000000000d11c       0x60 zephyr/kernel/libkernel.a(thread.c.obj)
                0x000000000000d11c                z_setup_new_thread
 .text.z_impl_k_thread_create
                0x000000000000d17c       0x58 zephyr/kernel/libkernel.a(thread.c.obj)
                0x000000000000d17c                z_impl_k_thread_create
 .text.z_init_static_threads
                0x000000000000d1d4       0xb8 zephyr/kernel/libkernel.a(thread.c.obj)
                0x000000000000d1d4                z_init_static_threads
 .text.idle     0x000000000000d28c       0x38 zephyr/kernel/libkernel.a(idle.c.obj)
                0x000000000000d28c                idle
 .text.z_impl_k_mutex_lock
                0x000000000000d2c4       0xf0 zephyr/kernel/libkernel.a(mutex.c.obj)
                0x000000000000d2c4                z_impl_k_mutex_lock
 .text.z_impl_k_mutex_unlock
                0x000000000000d3b4       0x78 zephyr/kernel/libkernel.a(mutex.c.obj)
                0x000000000000d3b4                z_impl_k_mutex_unlock
 .text.z_impl_k_sem_give
                0x000000000000d42c       0x4c zephyr/kernel/libkernel.a(sem.c.obj)
                0x000000000000d42c                z_impl_k_sem_give
 .text.z_impl_k_sem_take
                0x000000000000d478       0x50 zephyr/kernel/libkernel.a(sem.c.obj)
                0x000000000000d478                z_impl_k_sem_take
 .text.z_reset_time_slice
                0x000000000000d4c8       0x28 zephyr/kernel/libkernel.a(sched.c.obj)
                0x000000000000d4c8                z_reset_time_slice
 .text.k_sched_time_slice_set
                0x000000000000d4f0       0x64 zephyr/kernel/libkernel.a(sched.c.obj)
                0x000000000000d4f0                k_sched_time_slice_set
 .text.z_reschedule
                0x000000000000d554       0x24 zephyr/kernel/libkernel.a(sched.c.obj)
                0x000000000000d554                z_reschedule
 .text.k_sched_lock
                0x000000000000d578       0x28 zephyr/kernel/libkernel.a(sched.c.obj)
                0x000000000000d578                k_sched_lock
 .text.update_cache
                0x000000000000d5a0       0x40 zephyr/kernel/libkernel.a(sched.c.obj)
 .text.move_thread_to_end_of_prio_q
                0x000000000000d5e0       0x74 zephyr/kernel/libkernel.a(sched.c.obj)
 .text.z_time_slice
                0x000000000000d654       0x84 zephyr/kernel/libkernel.a(sched.c.obj)
                0x000000000000d654                z_time_slice
 .text.ready_thread
                0x000000000000d6d8       0x6c zephyr/kernel/libkernel.a(sched.c.obj)
 .text.z_sched_start
                0x000000000000d744       0x3c zephyr/kernel/libkernel.a(sched.c.obj)
                0x000000000000d744                z_sched_start
 .text.unready_thread
                0x000000000000d780       0x30 zephyr/kernel/libkernel.a(sched.c.obj)
 .text.pend     0x000000000000d7b0       0x4c zephyr/kernel/libkernel.a(sched.c.obj)
 .text.z_pend_curr
                0x000000000000d7fc       0x28 zephyr/kernel/libkernel.a(sched.c.obj)
                0x000000000000d7fc                z_pend_curr
 .text.z_set_prio
                0x000000000000d824       0x90 zephyr/kernel/libkernel.a(sched.c.obj)
                0x000000000000d824                z_set_prio
 .text.z_impl_k_thread_suspend
                0x000000000000d8b4       0x64 zephyr/kernel/libkernel.a(sched.c.obj)
                0x000000000000d8b4                z_impl_k_thread_suspend
 .text.k_sched_unlock
                0x000000000000d918       0x38 zephyr/kernel/libkernel.a(sched.c.obj)
                0x000000000000d918                k_sched_unlock
 .text.z_sched_init
                0x000000000000d950       0x18 zephyr/kernel/libkernel.a(sched.c.obj)
                0x000000000000d950                z_sched_init
 .text.z_impl_k_yield
                0x000000000000d968       0x80 zephyr/kernel/libkernel.a(sched.c.obj)
                0x000000000000d968                z_impl_k_yield
 .text.z_tick_sleep
                0x000000000000d9e8       0x90 zephyr/kernel/libkernel.a(sched.c.obj)
 .text.z_impl_k_sleep
                0x000000000000da78       0x34 zephyr/kernel/libkernel.a(sched.c.obj)
                0x000000000000da78                z_impl_k_sleep
 .text.z_impl_z_current_get
                0x000000000000daac        0xc zephyr/kernel/libkernel.a(sched.c.obj)
                0x000000000000daac                z_impl_z_current_get
 .text.z_thread_abort
                0x000000000000dab8       0xc0 zephyr/kernel/libkernel.a(sched.c.obj)
                0x000000000000dab8                z_thread_abort
 .text.z_sched_wait
                0x000000000000db78       0x24 zephyr/kernel/libkernel.a(sched.c.obj)
                0x000000000000db78                z_sched_wait
 .text.z_data_copy
                0x000000000000db9c       0x34 zephyr/kernel/libkernel.a(xip.c.obj)
                0x000000000000db9c                z_data_copy
 .text.elapsed  0x000000000000dbd0       0x14 zephyr/kernel/libkernel.a(timeout.c.obj)
 .text.next_timeout
                0x000000000000dbe4       0x4c zephyr/kernel/libkernel.a(timeout.c.obj)
 .text.remove_timeout
                0x000000000000dc30       0x34 zephyr/kernel/libkernel.a(timeout.c.obj)
 .text.z_add_timeout
                0x000000000000dc64       0xf4 zephyr/kernel/libkernel.a(timeout.c.obj)
                0x000000000000dc64                z_add_timeout
 .text.sys_clock_announce
                0x000000000000dd58       0xb8 zephyr/kernel/libkernel.a(timeout.c.obj)
                0x000000000000dd58                sys_clock_announce
 .text.sys_clock_tick_get
                0x000000000000de10       0x34 zephyr/kernel/libkernel.a(timeout.c.obj)
                0x000000000000de10                sys_clock_tick_get
 .text.z_impl_k_poll_signal_raise
                0x000000000000de44       0x50 zephyr/kernel/libkernel.a(poll.c.obj)
                0x000000000000de44                z_impl_k_poll_signal_raise
 .text.k_thread_system_pool_assign
                0x000000000000de94        0xc zephyr/kernel/libkernel.a(mempool.c.obj)
                0x000000000000de94                k_thread_system_pool_assign
 .text.boot_banner
                0x000000000000dea0       0x18 zephyr/kernel/libkernel.a(banner.c.obj)
                0x000000000000dea0                boot_banner
 .text.k_sys_work_q_init
                0x000000000000deb8       0x34 zephyr/kernel/libkernel.a(system_work_q.c.obj)
 .text.work_queue_main
                0x000000000000deec      0x12c zephyr/kernel/libkernel.a(work.c.obj)
 .text.submit_to_queue_locked
                0x000000000000e018       0xa0 zephyr/kernel/libkernel.a(work.c.obj)
 .text.k_work_queue_start
                0x000000000000e0b8       0x70 zephyr/kernel/libkernel.a(work.c.obj)
                0x000000000000e0b8                k_work_queue_start
 .text._free_r  0x000000000000e128       0x94 /opt/nordic/ncs/toolchains/v2.1.1/opt/zephyr-sdk/arm-zephyr-eabi/arm-zephyr-eabi/lib/thumb/v8-m.main/nofp/libc_nano.a(lib_a-nano-freer.o)
                0x000000000000e128                _free_r
 .text._malloc_r
                0x000000000000e1bc       0xb4 /opt/nordic/ncs/toolchains/v2.1.1/opt/zephyr-sdk/arm-zephyr-eabi/arm-zephyr-eabi/lib/thumb/v8-m.main/nofp/libc_nano.a(lib_a-nano-mallocr.o)
                0x000000000000e1bc                _malloc_r
 .text._printf_i
                0x000000000000e270      0x24c /opt/nordic/ncs/toolchains/v2.1.1/opt/zephyr-sdk/arm-zephyr-eabi/arm-zephyr-eabi/lib/thumb/v8-m.main/nofp/libc_nano.a(lib_a-nano-vfprintf_i.o)
                0x000000000000e270                _printf_i
 .text._sbrk_r  0x000000000000e4bc       0x20 /opt/nordic/ncs/toolchains/v2.1.1/opt/zephyr-sdk/arm-zephyr-eabi/arm-zephyr-eabi/lib/thumb/v8-m.main/nofp/libc_nano.a(lib_a-sbrkr.o)
                0x000000000000e4bc                _sbrk_r
 .text._strtol_l.constprop.0
                0x000000000000e4dc       0xf8 /opt/nordic/ncs/toolchains/v2.1.1/opt/zephyr-sdk/arm-zephyr-eabi/arm-zephyr-eabi/lib/thumb/v8-m.main/nofp/libc_nano.a(lib_a-strtol.o)
 .text.strtol   0x000000000000e5d4       0x14 /opt/nordic/ncs/toolchains/v2.1.1/opt/zephyr-sdk/arm-zephyr-eabi/arm-zephyr-eabi/lib/thumb/v8-m.main/nofp/libc_nano.a(lib_a-strtol.o)
                0x000000000000e5d4                strtol
 .text.vsnprintf
                0x000000000000e5e8       0x1c /opt/nordic/ncs/toolchains/v2.1.1/opt/zephyr-sdk/arm-zephyr-eabi/arm-zephyr-eabi/lib/thumb/v8-m.main/nofp/libc_nano.a(lib_a-vsnprintf.o)
                0x000000000000e5e8                vsnprintf
                0x000000000000e5e8                vsniprintf
 .text.__malloc_lock
                0x000000000000e604        0xc /opt/nordic/ncs/toolchains/v2.1.1/opt/zephyr-sdk/arm-zephyr-eabi/arm-zephyr-eabi/lib/thumb/v8-m.main/nofp/libc_nano.a(lib_a-mlock.o)
                0x000000000000e604                __malloc_lock
 .text.__malloc_unlock
                0x000000000000e610        0xc /opt/nordic/ncs/toolchains/v2.1.1/opt/zephyr-sdk/arm-zephyr-eabi/arm-zephyr-eabi/lib/thumb/v8-m.main/nofp/libc_nano.a(lib_a-mlock.o)
                0x000000000000e610                __malloc_unlock
 .text._svfprintf_r
                0x000000000000e61c      0x200 /opt/nordic/ncs/toolchains/v2.1.1/opt/zephyr-sdk/arm-zephyr-eabi/arm-zephyr-eabi/lib/thumb/v8-m.main/nofp/libc_nano.a(lib_a-nano-svfprintf.o)
                0x000000000000e61c                _svfprintf_r
                0x000000000000e61c                _svfiprintf_r
 .text.sys_notify_validate
                0x000000000000e81c       0x28 zephyr/libzephyr.a(notify.c.obj)
                0x000000000000e81c                sys_notify_validate
 .text.sys_notify_finalize
                0x000000000000e844       0x32 zephyr/libzephyr.a(notify.c.obj)
                0x000000000000e844                sys_notify_finalize
 .text.arch_printk_char_out
                0x000000000000e876        0x4 zephyr/libzephyr.a(printk.c.obj)
                0x000000000000e876                arch_printk_char_out
 .text.printk   0x000000000000e87a       0x1a zephyr/libzephyr.a(printk.c.obj)
                0x000000000000e87a                printk
 .text.process_recheck
                0x000000000000e894       0x38 zephyr/libzephyr.a(onoff.c.obj)
 .text.notify_one
                0x000000000000e8cc       0x2c zephyr/libzephyr.a(onoff.c.obj)
 .text.transition_complete
                0x000000000000e8f8       0x1c zephyr/libzephyr.a(onoff.c.obj)
 .text.validate_args
                0x000000000000e914       0x1e zephyr/libzephyr.a(onoff.c.obj)
 .text.onoff_manager_init
                0x000000000000e932       0x26 zephyr/libzephyr.a(onoff.c.obj)
                0x000000000000e932                onoff_manager_init
 .text.onoff_request
                0x000000000000e958       0x92 zephyr/libzephyr.a(onoff.c.obj)
                0x000000000000e958                onoff_request
 .text.z_thread_entry
                0x000000000000e9ea       0x14 zephyr/libzephyr.a(thread_entry.c.obj)
                0x000000000000e9ea                z_thread_entry
 .text.chunk_size
                0x000000000000e9fe        0xa zephyr/libzephyr.a(heap.c.obj)
 .text.free_list_add
                0x000000000000ea08       0x4e zephyr/libzephyr.a(heap.c.obj)
 .text.free_list_remove_bidx
                0x000000000000ea56       0x3a zephyr/libzephyr.a(heap.c.obj)
 .text.free_list_remove
                0x000000000000ea90       0x1a zephyr/libzephyr.a(heap.c.obj)
 .text.alloc_chunk
                0x000000000000eaaa       0x6c zephyr/libzephyr.a(heap.c.obj)
 .text.merge_chunks
                0x000000000000eb16       0x2c zephyr/libzephyr.a(heap.c.obj)
 .text.split_chunks
                0x000000000000eb42       0x34 zephyr/libzephyr.a(heap.c.obj)
 .text.free_chunk
                0x000000000000eb76       0x62 zephyr/libzephyr.a(heap.c.obj)
 .text.sys_heap_free
                0x000000000000ebd8       0x1e zephyr/libzephyr.a(heap.c.obj)
                0x000000000000ebd8                sys_heap_free
 .text.sys_heap_alloc
                0x000000000000ebf6       0x52 zephyr/libzephyr.a(heap.c.obj)
                0x000000000000ebf6                sys_heap_alloc
 .text.sys_heap_aligned_alloc
                0x000000000000ec48       0xd0 zephyr/libzephyr.a(heap.c.obj)
                0x000000000000ec48                sys_heap_aligned_alloc
 .text.sys_heap_init
                0x000000000000ed18       0x72 zephyr/libzephyr.a(heap.c.obj)
                0x000000000000ed18                sys_heap_init
 .text.outs     0x000000000000ed8a       0x2c zephyr/libzephyr.a(cbprintf_complete.c.obj)
 .text._ConfigAbsSyms
                0x000000000000edb6        0x2 zephyr/libzephyr.a(configs.c.obj)
                0x000000000000edb6                _ConfigAbsSyms
 .text.pm_state_set
                0x000000000000edb8       0x18 zephyr/libzephyr.a(power.c.obj)
                0x000000000000edb8                pm_state_set
 .text.pm_state_exit_post_ops
                0x000000000000edd0        0xc zephyr/libzephyr.a(power.c.obj)
                0x000000000000edd0                pm_state_exit_post_ops
 .text.z_arm_fatal_error
                0x000000000000eddc        0x4 zephyr/arch/arch/arm/core/aarch32/libarch__arm__core__aarch32.a(fatal.c.obj)
                0x000000000000eddc                z_arm_fatal_error
 .text.z_do_kernel_oops
                0x000000000000ede0        0x8 zephyr/arch/arch/arm/core/aarch32/libarch__arm__core__aarch32.a(fatal.c.obj)
                0x000000000000ede0                z_do_kernel_oops
 .text.z_irq_spurious
                0x000000000000ede8        0x8 zephyr/arch/arch/arm/core/aarch32/libarch__arm__core__aarch32.a(irq_manage.c.obj)
                0x000000000000ede8                z_irq_spurious
 .text.z_arm_nmi
                0x000000000000edf0        0xe zephyr/arch/arch/arm/core/aarch32/libarch__arm__core__aarch32.a(nmi.c.obj)
                0x000000000000edf0                z_arm_nmi
 .text.configure_builtin_stack_guard
                0x000000000000edfe        0x8 zephyr/arch/arch/arm/core/aarch32/libarch__arm__core__aarch32.a(thread.c.obj)
                0x000000000000edfe                configure_builtin_stack_guard
 .text.z_arm_save_fp_context
                0x000000000000ee06        0x2 zephyr/arch/arch/arm/core/aarch32/cortex_m/libarch__arm__core__aarch32__cortex_m.a(fpu.c.obj)
                0x000000000000ee06                z_arm_save_fp_context
 .text.z_arm_restore_fp_context
                0x000000000000ee08        0x2 zephyr/arch/arch/arm/core/aarch32/cortex_m/libarch__arm__core__aarch32__cortex_m.a(fpu.c.obj)
                0x000000000000ee08                z_arm_restore_fp_context
 .text.arm_cmse_mpu_region_get
                0x000000000000ee0a       0x12 zephyr/arch/arch/arm/core/aarch32/cortex_m/cmse/libarch__arm__core__aarch32__cortex_m__cmse.a(arm_core_cmse.c.obj)
                0x000000000000ee0a                arm_cmse_mpu_region_get
 .text.mpu_configure_region
                0x000000000000ee1c       0x3a zephyr/arch/arch/arm/core/aarch32/mpu/libarch__arm__core__aarch32__mpu.a(arm_mpu.c.obj)
 .text.malloc_prepare
                0x000000000000ee56        0x4 zephyr/lib/libc/newlib/liblib__libc__newlib.a(libc-hooks.c.obj)
 .text._stdout_hook_default
                0x000000000000ee5a        0x6 zephyr/lib/libc/newlib/liblib__libc__newlib.a(libc-hooks.c.obj)
 .text.__retarget_lock_acquire_recursive
                0x000000000000ee60        0xc zephyr/lib/libc/newlib/liblib__libc__newlib.a(libc-hooks.c.obj)
                0x000000000000ee60                __retarget_lock_acquire_recursive
 .text.__retarget_lock_release_recursive
                0x000000000000ee6c        0x4 zephyr/lib/libc/newlib/liblib__libc__newlib.a(libc-hooks.c.obj)
                0x000000000000ee6c                __retarget_lock_release_recursive
 .text.__errno  0x000000000000ee70        0x4 zephyr/lib/libc/newlib/liblib__libc__newlib.a(libc-hooks.c.obj)
                0x000000000000ee70                __errno
 .text.get_status
                0x000000000000ee74       0x12 zephyr/drivers/clock_control/libdrivers__clock_control.a(clock_control_nrf.c.obj)
 .text.set_on_state
                0x000000000000ee86       0x26 zephyr/drivers/clock_control/libdrivers__clock_control.a(clock_control_nrf.c.obj)
 .text.stop     0x000000000000eeac       0x52 zephyr/drivers/clock_control/libdrivers__clock_control.a(clock_control_nrf.c.obj)
 .text.api_stop
                0x000000000000eefe        0x6 zephyr/drivers/clock_control/libdrivers__clock_control.a(clock_control_nrf.c.obj)
 .text.async_start
                0x000000000000ef04       0x62 zephyr/drivers/clock_control/libdrivers__clock_control.a(clock_control_nrf.c.obj)
 .text.api_start
                0x000000000000ef66        0xe zephyr/drivers/clock_control/libdrivers__clock_control.a(clock_control_nrf.c.obj)
 .text.onoff_started_callback
                0x000000000000ef74       0x12 zephyr/drivers/clock_control/libdrivers__clock_control.a(clock_control_nrf.c.obj)
 .text.lfclk_start
                0x000000000000ef86        0x6 zephyr/drivers/clock_control/libdrivers__clock_control.a(clock_control_nrf.c.obj)
 .text.lfclk_stop
                0x000000000000ef8c        0x6 zephyr/drivers/clock_control/libdrivers__clock_control.a(clock_control_nrf.c.obj)
 .text.blocking_start_callback
                0x000000000000ef92        0x6 zephyr/drivers/clock_control/libdrivers__clock_control.a(clock_control_nrf.c.obj)
 .text.gpio_nrfx_port_get_raw
                0x000000000000ef98        0xc zephyr/drivers/gpio/libdrivers__gpio.a(gpio_nrfx.c.obj)
 .text.gpio_nrfx_port_set_masked_raw
                0x000000000000efa4       0x14 zephyr/drivers/gpio/libdrivers__gpio.a(gpio_nrfx.c.obj)
 .text.gpio_nrfx_port_set_bits_raw
                0x000000000000efb8        0xa zephyr/drivers/gpio/libdrivers__gpio.a(gpio_nrfx.c.obj)
 .text.gpio_nrfx_port_clear_bits_raw
                0x000000000000efc2        0xa zephyr/drivers/gpio/libdrivers__gpio.a(gpio_nrfx.c.obj)
 .text.gpio_nrfx_port_toggle_bits
                0x000000000000efcc       0x14 zephyr/drivers/gpio/libdrivers__gpio.a(gpio_nrfx.c.obj)
 .text.gpio_nrfx_manage_callback
                0x000000000000efe0       0x54 zephyr/drivers/gpio/libdrivers__gpio.a(gpio_nrfx.c.obj)
 .text.irq_connect3
                0x000000000000f034        0xa zephyr/drivers/spi/libdrivers__spi.a(spi_nrfx_spim.c.obj)
 .text.spi_context_get_next_buf.constprop.0
                0x000000000000f03e       0x22 zephyr/drivers/spi/libdrivers__spi.a(spi_nrfx_spim.c.obj)
 .text.gpio_pin_set_dt.isra.0
                0x000000000000f060       0x28 zephyr/drivers/spi/libdrivers__spi.a(spi_nrfx_spim.c.obj)
 .text._spi_context_cs_control
                0x000000000000f088       0x44 zephyr/drivers/spi/libdrivers__spi.a(spi_nrfx_spim.c.obj)
 .text.spi_context_unlock_unconditionally
                0x000000000000f0cc       0x20 zephyr/drivers/spi/libdrivers__spi.a(spi_nrfx_spim.c.obj)
 .text.spi_nrfx_release
                0x000000000000f0ec       0x24 zephyr/drivers/spi/libdrivers__spi.a(spi_nrfx_spim.c.obj)
 .text.spi_nrfx_init
                0x000000000000f110       0xac zephyr/drivers/spi/libdrivers__spi.a(spi_nrfx_spim.c.obj)
 .text.event_handler
                0x000000000000f1bc       0x98 zephyr/drivers/spi/libdrivers__spi.a(spi_nrfx_spim.c.obj)
 .text.spi_nrfx_transceive_async
                0x000000000000f254       0x12 zephyr/drivers/spi/libdrivers__spi.a(spi_nrfx_spim.c.obj)
 .text.spi_nrfx_transceive
                0x000000000000f266       0x10 zephyr/drivers/spi/libdrivers__spi.a(spi_nrfx_spim.c.obj)
 .text.uarte_nrfx_config_get
                0x000000000000f276       0x10 zephyr/drivers/serial/libdrivers__serial.a(uart_nrfx_uarte.c.obj)
 .text.uarte_nrfx_err_check
                0x000000000000f286        0xe zephyr/drivers/serial/libdrivers__serial.a(uart_nrfx_uarte.c.obj)
 .text.uarte_nrfx_poll_in
                0x000000000000f294       0x28 zephyr/drivers/serial/libdrivers__serial.a(uart_nrfx_uarte.c.obj)
 .text.is_tx_ready.isra.0
                0x000000000000f2bc       0x20 zephyr/drivers/serial/libdrivers__serial.a(uart_nrfx_uarte.c.obj)
 .text.uarte_nrfx_isr_int
                0x000000000000f2dc       0x72 zephyr/drivers/serial/libdrivers__serial.a(uart_nrfx_uarte.c.obj)
 .text.entropy_cc3xx_rng_get_entropy
                0x000000000000f34e       0x12 zephyr/drivers/entropy/libdrivers__entropy.a(entropy_cc3xx.c.obj)
 .text.entropy_cc3xx_rng_init
                0x000000000000f360       0x10 zephyr/drivers/entropy/libdrivers__entropy.a(entropy_cc3xx.c.obj)
 .text.sys_clock_idle_exit
                0x000000000000f370        0x2 zephyr/drivers/timer/libdrivers__timer.a(sys_clock_init.c.obj)
                0x000000000000f370                sys_clock_idle_exit
 .text.pinctrl_lookup_state
                0x000000000000f372       0x30 zephyr/drivers/pinctrl/libdrivers__pinctrl.a(common.c.obj)
                0x000000000000f372                pinctrl_lookup_state
 .text.nrf_modem_os_busywait
                0x000000000000f3a2        0x4 modules/nrf/lib/nrf_modem_lib/lib..__nrf__lib__nrf_modem_lib.a(nrf_modem_os.c.obj)
                0x000000000000f3a2                nrf_modem_os_busywait
 .text.nrf_modem_os_errno_set
                0x000000000000f3a6        0xc modules/nrf/lib/nrf_modem_lib/lib..__nrf__lib__nrf_modem_lib.a(nrf_modem_os.c.obj)
                0x000000000000f3a6                nrf_modem_os_errno_set
 .text.nrf_modem_os_is_in_isr
                0x000000000000f3b2        0x4 modules/nrf/lib/nrf_modem_lib/lib..__nrf__lib__nrf_modem_lib.a(nrf_modem_os.c.obj)
                0x000000000000f3b2                nrf_modem_os_is_in_isr
 .text.nrf_modem_os_sem_give
                0x000000000000f3b6        0x4 modules/nrf/lib/nrf_modem_lib/lib..__nrf__lib__nrf_modem_lib.a(nrf_modem_os.c.obj)
                0x000000000000f3b6                nrf_modem_os_sem_give
 .text.nrf_modem_os_sem_take
                0x000000000000f3ba       0x40 modules/nrf/lib/nrf_modem_lib/lib..__nrf__lib__nrf_modem_lib.a(nrf_modem_os.c.obj)
                0x000000000000f3ba                nrf_modem_os_sem_take
 .text.rpc_proxy_irq_handler
                0x000000000000f3fa       0x22 modules/nrf/lib/nrf_modem_lib/lib..__nrf__lib__nrf_modem_lib.a(nrf_modem_os.c.obj)
                0x000000000000f3fa                rpc_proxy_irq_handler
 .text.read_task_create
                0x000000000000f41c       0x16 modules/nrf/lib/nrf_modem_lib/lib..__nrf__lib__nrf_modem_lib.a(nrf_modem_os.c.obj)
                0x000000000000f41c                read_task_create
 .text.nrf_modem_fault_handler
                0x000000000000f432        0x2 modules/nrf/lib/nrf_modem_lib/lib..__nrf__lib__nrf_modem_lib.a(fault.c.obj)
                0x000000000000f432                nrf_modem_fault_handler
 .text.k_sys_fatal_error_handler
                0x000000000000f434        0x8 modules/nrf/lib/fatal_error/lib..__nrf__lib__fatal_error.a(fatal_error.c.obj)
                0x000000000000f434                k_sys_fatal_error_handler
 .text.ns_interface_init
                0x000000000000f43c        0x4 modules/trusted-firmware-m/libtfm_api.a(interface.c.obj)
 .text.psa_crypto_init
                0x000000000000f440        0x4 modules/trusted-firmware-m/libtfm_api.a(tfm_crypto_ipc_api.c.obj)
                0x000000000000f440                psa_crypto_init
 .text.nrfx_isr
                0x000000000000f444        0x2 modules/hal_nordic/nrfx/libmodules__hal_nordic__nrfx.a(nrfx_glue.c.obj)
                0x000000000000f444                nrfx_isr
 .text.nrfx_busy_wait
                0x000000000000f446        0x4 modules/hal_nordic/nrfx/libmodules__hal_nordic__nrfx.a(nrfx_glue.c.obj)
                0x000000000000f446                nrfx_busy_wait
 .text.nrfx_clock_stop
                0x000000000000f44a        0x4 modules/hal_nordic/nrfx/libmodules__hal_nordic__nrfx.a(nrfx_clock.c.obj)
                0x000000000000f44a                nrfx_clock_stop
 .text.set_ss_pin_state
                0x000000000000f44e       0x18 modules/hal_nordic/nrfx/libmodules__hal_nordic__nrfx.a(nrfx_spim.c.obj)
 .text.rpc_handle_ctrl_message
                0x000000000000f466       0x30 /opt/nordic/ncs/v2.1.1/nrfxlib/nrf_modem/lib/cortex-m33/soft-float/libmodem.a(rpc_framework.c.obj)
                0x000000000000f466                rpc_handle_ctrl_message
 .text.rpc_message_send
                0x000000000000f496       0x10 /opt/nordic/ncs/v2.1.1/nrfxlib/nrf_modem/lib/cortex-m33/soft-float/libmodem.a(rpc_framework.c.obj)
                0x000000000000f496                rpc_message_send
 .text.rpc_message_alloc
                0x000000000000f4a6       0x30 /opt/nordic/ncs/v2.1.1/nrfxlib/nrf_modem/lib/cortex-m33/soft-float/libmodem.a(rpc_framework.c.obj)
                0x000000000000f4a6                rpc_message_alloc
 .text.rpc_message_free
                0x000000000000f4d6        0x4 /opt/nordic/ncs/v2.1.1/nrfxlib/nrf_modem/lib/cortex-m33/soft-float/libmodem.a(rpc_framework.c.obj)
                0x000000000000f4d6                rpc_message_free
 .text.rpc_message_data_free
                0x000000000000f4da        0x4 /opt/nordic/ncs/v2.1.1/nrfxlib/nrf_modem/lib/cortex-m33/soft-float/libmodem.a(rpc_framework.c.obj)
                0x000000000000f4da                rpc_message_data_free
 .text.rpc_transport_data_msg_alloc
                0x000000000000f4de        0x4 /opt/nordic/ncs/v2.1.1/nrfxlib/nrf_modem/lib/cortex-m33/soft-float/libmodem.a(rpc_transport.c.obj)
                0x000000000000f4de                rpc_transport_data_msg_alloc
 .text.rpc_transport_msg_free
                0x000000000000f4e2        0x4 /opt/nordic/ncs/v2.1.1/nrfxlib/nrf_modem/lib/cortex-m33/soft-float/libmodem.a(rpc_transport.c.obj)
                0x000000000000f4e2                rpc_transport_msg_free
 .text.rpc_transport_data_alloc
                0x000000000000f4e6        0x4 /opt/nordic/ncs/v2.1.1/nrfxlib/nrf_modem/lib/cortex-m33/soft-float/libmodem.a(rpc_transport.c.obj)
                0x000000000000f4e6                rpc_transport_data_alloc
 .text.rpc_transport_local_data_free
                0x000000000000f4ea        0x4 /opt/nordic/ncs/v2.1.1/nrfxlib/nrf_modem/lib/cortex-m33/soft-float/libmodem.a(rpc_transport.c.obj)
                0x000000000000f4ea                rpc_transport_local_data_free
 .text.rpc_transport_peer_data_free
                0x000000000000f4ee        0x4 /opt/nordic/ncs/v2.1.1/nrfxlib/nrf_modem/lib/cortex-m33/soft-float/libmodem.a(rpc_transport.c.obj)
                0x000000000000f4ee                rpc_transport_peer_data_free
 .text.rpc_transport_data_msg_send
                0x000000000000f4f2        0x4 /opt/nordic/ncs/v2.1.1/nrfxlib/nrf_modem/lib/cortex-m33/soft-float/libmodem.a(rpc_transport.c.obj)
                0x000000000000f4f2                rpc_transport_data_msg_send
 .text.rpc_transport_ipc_local_data_free
                0x000000000000f4f6        0xe /opt/nordic/ncs/v2.1.1/nrfxlib/nrf_modem/lib/cortex-m33/soft-float/libmodem.a(rpc_transport_ipc.c.obj)
                0x000000000000f4f6                rpc_transport_ipc_local_data_free
 .text.rpc_client_request_alloc
                0x000000000000f504        0xc /opt/nordic/ncs/v2.1.1/nrfxlib/nrf_modem/lib/cortex-m33/soft-float/libmodem.a(rpc_client.c.obj)
                0x000000000000f504                rpc_client_request_alloc
 .text.rpc_client_request_send
                0x000000000000f510        0xe /opt/nordic/ncs/v2.1.1/nrfxlib/nrf_modem/lib/cortex-m33/soft-float/libmodem.a(rpc_client.c.obj)
                0x000000000000f510                rpc_client_request_send
 .text.rpc_client_message_free
                0x000000000000f51e        0x6 /opt/nordic/ncs/v2.1.1/nrfxlib/nrf_modem/lib/cortex-m33/soft-float/libmodem.a(rpc_client.c.obj)
                0x000000000000f51e                rpc_client_message_free
 .text.rpc_client_data_free
                0x000000000000f524        0x4 /opt/nordic/ncs/v2.1.1/nrfxlib/nrf_modem/lib/cortex-m33/soft-float/libmodem.a(rpc_client.c.obj)
                0x000000000000f524                rpc_client_data_free
 .text.sock_pkt_append
                0x000000000000f528       0x14 /opt/nordic/ncs/v2.1.1/nrfxlib/nrf_modem/lib/cortex-m33/soft-float/libmodem.a(sock.c.obj)
                0x000000000000f528                sock_pkt_append
 .text.sock_proto_is_secure
                0x000000000000f53c       0x18 /opt/nordic/ncs/v2.1.1/nrfxlib/nrf_modem/lib/cortex-m33/soft-float/libmodem.a(sock.c.obj)
                0x000000000000f53c                sock_proto_is_secure
 .text.sock_is_attaching
                0x000000000000f554        0x8 /opt/nordic/ncs/v2.1.1/nrfxlib/nrf_modem/lib/cortex-m33/soft-float/libmodem.a(sock.c.obj)
                0x000000000000f554                sock_is_attaching
 .text.sock_is_nonblock
                0x000000000000f55c        0x8 /opt/nordic/ncs/v2.1.1/nrfxlib/nrf_modem/lib/cortex-m33/soft-float/libmodem.a(sock.c.obj)
                0x000000000000f55c                sock_is_nonblock
 .text.on_conf_dnssrv_res
                0x000000000000f564        0x4 /opt/nordic/ncs/v2.1.1/nrfxlib/nrf_modem/lib/cortex-m33/soft-float/libmodem.a(dns.c.obj)
                0x000000000000f564                on_conf_dnssrv_res
 .text.res_forward
                0x000000000000f568        0xc /opt/nordic/ncs/v2.1.1/nrfxlib/nrf_modem/lib/cortex-m33/soft-float/libmodem.a(reqres.c.obj)
                0x000000000000f568                res_forward
 .text.nrf_modem_is_initialized
                0x000000000000f574        0x4 /opt/nordic/ncs/v2.1.1/nrfxlib/nrf_modem/lib/cortex-m33/soft-float/libmodem.a(nrf_modem.c.obj)
                0x000000000000f574                nrf_modem_is_initialized
 .text.z_device_state_init
                0x000000000000f578        0x2 zephyr/kernel/libkernel.a(device.c.obj)
                0x000000000000f578                z_device_state_init
 .text.z_device_is_ready
                0x000000000000f57a       0x14 zephyr/kernel/libkernel.a(device.c.obj)
                0x000000000000f57a                z_device_is_ready
 .text.z_fatal_error
                0x000000000000f58e       0x36 zephyr/kernel/libkernel.a(fatal.c.obj)
                0x000000000000f58e                z_fatal_error
 .text.z_early_memset
                0x000000000000f5c4        0x4 zephyr/kernel/libkernel.a(init.c.obj)
                0x000000000000f5c4                z_early_memset
 .text.z_early_memcpy
                0x000000000000f5c8        0x4 zephyr/kernel/libkernel.a(init.c.obj)
                0x000000000000f5c8                z_early_memcpy
 .text.k_heap_init
                0x000000000000f5cc       0x10 zephyr/kernel/libkernel.a(kheap.c.obj)
                0x000000000000f5cc                k_heap_init
 .text.k_heap_aligned_alloc
                0x000000000000f5dc       0x82 zephyr/kernel/libkernel.a(kheap.c.obj)
                0x000000000000f5dc                k_heap_aligned_alloc
 .text.k_heap_alloc
                0x000000000000f65e       0x14 zephyr/kernel/libkernel.a(kheap.c.obj)
                0x000000000000f65e                k_heap_alloc
 .text.k_heap_free
                0x000000000000f672       0x3a zephyr/kernel/libkernel.a(kheap.c.obj)
                0x000000000000f672                k_heap_free
 .text.k_is_in_isr
                0x000000000000f6ac        0xc zephyr/kernel/libkernel.a(thread.c.obj)
                0x000000000000f6ac                k_is_in_isr
 .text.z_impl_k_thread_name_set
                0x000000000000f6b8        0x6 zephyr/kernel/libkernel.a(thread.c.obj)
                0x000000000000f6b8                z_impl_k_thread_name_set
 .text.z_impl_k_thread_start
                0x000000000000f6be        0x4 zephyr/kernel/libkernel.a(thread.c.obj)
                0x000000000000f6be                z_impl_k_thread_start
 .text.z_pm_save_idle_exit
                0x000000000000f6c2        0xe zephyr/kernel/libkernel.a(idle.c.obj)
                0x000000000000f6c2                z_pm_save_idle_exit
 .text.adjust_owner_prio.isra.0
                0x000000000000f6d0       0x10 zephyr/kernel/libkernel.a(mutex.c.obj)
 .text.z_impl_k_mutex_init
                0x000000000000f6e0        0xe zephyr/kernel/libkernel.a(mutex.c.obj)
                0x000000000000f6e0                z_impl_k_mutex_init
 .text.z_impl_k_sem_init
                0x000000000000f6ee       0x20 zephyr/kernel/libkernel.a(sem.c.obj)
                0x000000000000f6ee                z_impl_k_sem_init
 .text.sys_dlist_remove
                0x000000000000f70e       0x10 zephyr/kernel/libkernel.a(sched.c.obj)
 .text.unpend_thread_no_timeout
                0x000000000000f71e       0x14 zephyr/kernel/libkernel.a(sched.c.obj)
 .text.z_unpend_thread
                0x000000000000f732       0x28 zephyr/kernel/libkernel.a(sched.c.obj)
                0x000000000000f732                z_unpend_thread
 .text.z_reschedule_irqlock
                0x000000000000f75a       0x18 zephyr/kernel/libkernel.a(sched.c.obj)
                0x000000000000f75a                z_reschedule_irqlock
 .text.z_reschedule_unlocked
                0x000000000000f772       0x14 zephyr/kernel/libkernel.a(sched.c.obj)
 .text.z_priq_dumb_best
                0x000000000000f786        0xc zephyr/kernel/libkernel.a(sched.c.obj)
                0x000000000000f786                z_priq_dumb_best
 .text.z_ready_thread
                0x000000000000f792       0x20 zephyr/kernel/libkernel.a(sched.c.obj)
                0x000000000000f792                z_ready_thread
 .text.z_thread_timeout
                0x000000000000f7b2       0x44 zephyr/kernel/libkernel.a(sched.c.obj)
                0x000000000000f7b2                z_thread_timeout
 .text.add_to_waitq_locked
                0x000000000000f7f6       0x54 zephyr/kernel/libkernel.a(sched.c.obj)
 .text.z_unpend_first_thread
                0x000000000000f84a       0x30 zephyr/kernel/libkernel.a(sched.c.obj)
                0x000000000000f84a                z_unpend_first_thread
 .text.z_unpend_all
                0x000000000000f87a       0x20 zephyr/kernel/libkernel.a(sched.c.obj)
                0x000000000000f87a                z_unpend_all
 .text.z_sched_wake
                0x000000000000f89a       0x3a zephyr/kernel/libkernel.a(sched.c.obj)
                0x000000000000f89a                z_sched_wake
 .text.z_abort_timeout
                0x000000000000f8d4       0x2c zephyr/kernel/libkernel.a(timeout.c.obj)
                0x000000000000f8d4                z_abort_timeout
 .text.z_get_next_timeout_expiry
                0x000000000000f900       0x20 zephyr/kernel/libkernel.a(timeout.c.obj)
                0x000000000000f900                z_get_next_timeout_expiry
 .text.z_set_timeout_expiry
                0x000000000000f920       0x34 zephyr/kernel/libkernel.a(timeout.c.obj)
                0x000000000000f920                z_set_timeout_expiry
 .text.sys_clock_tick_get_32
                0x000000000000f954        0x8 zephyr/kernel/libkernel.a(timeout.c.obj)
                0x000000000000f954                sys_clock_tick_get_32
 .text.z_impl_k_uptime_ticks
                0x000000000000f95c        0x4 zephyr/kernel/libkernel.a(timeout.c.obj)
                0x000000000000f95c                z_impl_k_uptime_ticks
 .text.z_impl_k_busy_wait
                0x000000000000f960        0x8 zephyr/kernel/libkernel.a(timeout.c.obj)
                0x000000000000f960                z_impl_k_busy_wait
 .text.sys_clock_timeout_end_calc
                0x000000000000f968       0x56 zephyr/kernel/libkernel.a(timeout.c.obj)
                0x000000000000f968                sys_clock_timeout_end_calc
 .text.signal_poll_event
                0x000000000000f9be       0xb4 zephyr/kernel/libkernel.a(poll.c.obj)
 .text.z_handle_obj_poll_events
                0x000000000000fa72       0x1c zephyr/kernel/libkernel.a(poll.c.obj)
                0x000000000000fa72                z_handle_obj_poll_events
 .text.flag_test_and_clear
                0x000000000000fa8e       0x16 zephyr/kernel/libkernel.a(work.c.obj)
 .text.notify_queue_locked.isra.0
                0x000000000000faa4        0xe zephyr/kernel/libkernel.a(work.c.obj)
 .text.z_work_submit_to_queue
                0x000000000000fab2       0x28 zephyr/kernel/libkernel.a(work.c.obj)
                0x000000000000fab2                z_work_submit_to_queue
 .text._OffsetAbsSyms
                0x000000000000fada        0x2 zephyr/CMakeFiles/offsets.dir/./arch/arm/core/offsets/offsets.c.obj
                0x000000000000fada                _OffsetAbsSyms
 .text.abs      0x000000000000fadc        0x8 /opt/nordic/ncs/toolchains/v2.1.1/opt/zephyr-sdk/arm-zephyr-eabi/arm-zephyr-eabi/lib/thumb/v8-m.main/nofp/libc_nano.a(lib_a-abs.o)
                0x000000000000fadc                abs
 .text.memcpy   0x000000000000fae4       0x1a /opt/nordic/ncs/toolchains/v2.1.1/opt/zephyr-sdk/arm-zephyr-eabi/arm-zephyr-eabi/lib/thumb/v8-m.main/nofp/libc_nano.a(lib_a-memcpy-stub.o)
                0x000000000000fae4                memcpy
 .text.memset   0x000000000000fafe       0x10 /opt/nordic/ncs/toolchains/v2.1.1/opt/zephyr-sdk/arm-zephyr-eabi/arm-zephyr-eabi/lib/thumb/v8-m.main/nofp/libc_nano.a(lib_a-memset.o)
                0x000000000000fafe                memset
 .text._printf_common
                0x000000000000fb0e       0xe0 /opt/nordic/ncs/toolchains/v2.1.1/opt/zephyr-sdk/arm-zephyr-eabi/arm-zephyr-eabi/lib/thumb/v8-m.main/nofp/libc_nano.a(lib_a-nano-vfprintf_i.o)
                0x000000000000fb0e                _printf_common
 .text.strcpy   0x000000000000fbee       0x10 /opt/nordic/ncs/toolchains/v2.1.1/opt/zephyr-sdk/arm-zephyr-eabi/arm-zephyr-eabi/lib/thumb/v8-m.main/nofp/libc_nano.a(lib_a-strcpy.o)
                0x000000000000fbee                strcpy
 .text.strnlen  0x000000000000fbfe       0x18 /opt/nordic/ncs/toolchains/v2.1.1/opt/zephyr-sdk/arm-zephyr-eabi/arm-zephyr-eabi/lib/thumb/v8-m.main/nofp/libc_nano.a(lib_a-strnlen.o)
                0x000000000000fbfe                strnlen
 .text.strstr   0x000000000000fc16       0x2c /opt/nordic/ncs/toolchains/v2.1.1/opt/zephyr-sdk/arm-zephyr-eabi/arm-zephyr-eabi/lib/thumb/v8-m.main/nofp/libc_nano.a(lib_a-strstr.o)
                0x000000000000fc16                strstr
 .text._vsnprintf_r
                0x000000000000fc42       0x56 /opt/nordic/ncs/toolchains/v2.1.1/opt/zephyr-sdk/arm-zephyr-eabi/arm-zephyr-eabi/lib/thumb/v8-m.main/nofp/libc_nano.a(lib_a-vsnprintf.o)
                0x000000000000fc42                _vsnprintf_r
                0x000000000000fc42                _vsniprintf_r
 .text.memchr   0x000000000000fc98       0x1c /opt/nordic/ncs/toolchains/v2.1.1/opt/zephyr-sdk/arm-zephyr-eabi/arm-zephyr-eabi/lib/thumb/v8-m.main/nofp/libc_nano.a(lib_a-memchr-stub.o)
                0x000000000000fc98                memchr
 .text.memmove  0x000000000000fcb4       0x34 /opt/nordic/ncs/toolchains/v2.1.1/opt/zephyr-sdk/arm-zephyr-eabi/arm-zephyr-eabi/lib/thumb/v8-m.main/nofp/libc_nano.a(lib_a-memmove.o)
                0x000000000000fcb4                memmove
 .text._realloc_r
                0x000000000000fce8       0x4c /opt/nordic/ncs/toolchains/v2.1.1/opt/zephyr-sdk/arm-zephyr-eabi/arm-zephyr-eabi/lib/thumb/v8-m.main/nofp/libc_nano.a(lib_a-nano-reallocr.o)
                0x000000000000fce8                _realloc_r
 .text.__ssputs_r
                0x000000000000fd34       0xb6 /opt/nordic/ncs/toolchains/v2.1.1/opt/zephyr-sdk/arm-zephyr-eabi/arm-zephyr-eabi/lib/thumb/v8-m.main/nofp/libc_nano.a(lib_a-nano-svfprintf.o)
                0x000000000000fd34                __ssputs_r
 .text._malloc_usable_size_r
                0x000000000000fdea       0x10 /opt/nordic/ncs/toolchains/v2.1.1/opt/zephyr-sdk/arm-zephyr-eabi/arm-zephyr-eabi/lib/thumb/v8-m.main/nofp/libc_nano.a(lib_a-nano-msizer.o)
                0x000000000000fdea                _malloc_usable_size_r
 *(SORT_BY_ALIGNMENT(.TEXT.*))
 *(SORT_BY_ALIGNMENT(.gnu.linkonce.t.*))
 *(SORT_BY_ALIGNMENT(.glue_7t))
 .glue_7t       0x000000000000fdfa        0x0 linker stubs
 *(SORT_BY_ALIGNMENT(.glue_7))
 .glue_7        0x000000000000fdfa        0x0 linker stubs
 *(SORT_BY_ALIGNMENT(.vfp11_veneer))
 .vfp11_veneer  0x000000000000fdfa        0x0 linker stubs
 *(SORT_BY_ALIGNMENT(.v4_bx))
 .v4_bx         0x000000000000fdfa        0x0 linker stubs
                0x000000000000fdfa                __text_region_end = .

.ARM.exidx      0x000000000000fdfc        0x8
                0x000000000000fdfc                __exidx_start = .
 *(SORT_BY_ALIGNMENT(.ARM.exidx*) SORT_BY_ALIGNMENT(gnu.linkonce.armexidx.*))
 .ARM.exidx     0x000000000000fdfc        0x8 /opt/nordic/ncs/toolchains/v2.1.1/opt/zephyr-sdk/arm-zephyr-eabi/bin/../lib/gcc/arm-zephyr-eabi/10.3.0/thumb/v8-m.main/nofp/libgcc.a(_udivmoddi4.o)
                0x000000000000fe04                __exidx_end = .
                0x000000000000fe04                __rodata_region_start = .

initlevel       0x000000000000fe04       0x70
                0x000000000000fe04                __init_start = .
                0x000000000000fe04                __init_PRE_KERNEL_1_start = .
 *(SORT_BY_NAME(SORT_BY_ALIGNMENT(.z_init_PRE_KERNEL_1[0-9]_*)))
 .z_init_PRE_KERNEL_10_
                0x000000000000fe04        0x8 zephyr/libzephyr.a(soc.c.obj)
 *(SORT_BY_NAME(SORT_BY_ALIGNMENT(.z_init_PRE_KERNEL_1[1-9][0-9]_*)))
 .z_init_PRE_KERNEL_130_
                0x000000000000fe0c        0x8 zephyr/drivers/clock_control/libdrivers__clock_control.a(clock_control_nrf.c.obj)
 .z_init_PRE_KERNEL_130_
                0x000000000000fe14        0x8 zephyr/kernel/libkernel.a(kheap.c.obj)
 .z_init_PRE_KERNEL_140_
                0x000000000000fe1c        0x8 zephyr/drivers/gpio/libdrivers__gpio.a(gpio_nrfx.c.obj)
 .z_init_PRE_KERNEL_150_
                0x000000000000fe24        0x8 zephyr/drivers/entropy/libdrivers__entropy.a(entropy_cc3xx.c.obj)
 .z_init_PRE_KERNEL_155_
                0x000000000000fe2c        0x8 zephyr/drivers/serial/libdrivers__serial.a(uart_nrfx_uarte.c.obj)
 .z_init_PRE_KERNEL_160_
                0x000000000000fe34        0x8 zephyr/drivers/console/libdrivers__console.a(uart_console.c.obj)
                0x000000000000fe3c                __init_PRE_KERNEL_2_start = .
 *(SORT_BY_NAME(SORT_BY_ALIGNMENT(.z_init_PRE_KERNEL_2[0-9]_*)))
 .z_init_PRE_KERNEL_20_
                0x000000000000fe3c        0x8 zephyr/drivers/timer/libdrivers__timer.a(nrf_rtc_timer.c.obj)
 *(SORT_BY_NAME(SORT_BY_ALIGNMENT(.z_init_PRE_KERNEL_2[1-9][0-9]_*)))
                0x000000000000fe44                __init_POST_KERNEL_start = .
 *(SORT_BY_NAME(SORT_BY_ALIGNMENT(.z_init_POST_KERNEL[0-9]_*)))
 .z_init_POST_KERNEL0_
                0x000000000000fe44        0x8 modules/nrf/lib/nrf_modem_lib/lib..__nrf__lib__nrf_modem_lib.a(nrf_modem_lib.c.obj)
 .z_init_POST_KERNEL0_
                0x000000000000fe4c        0x8 modules/nrf/lib/nrf_modem_lib/lib..__nrf__lib__nrf_modem_lib.a(nrf_modem_os.c.obj)
 *(SORT_BY_NAME(SORT_BY_ALIGNMENT(.z_init_POST_KERNEL[1-9][0-9]_*)))
 .z_init_POST_KERNEL40_
                0x000000000000fe54        0x8 zephyr/lib/libc/newlib/liblib__libc__newlib.a(libc-hooks.c.obj)
 .z_init_POST_KERNEL40_
                0x000000000000fe5c        0x8 modules/trusted-firmware-m/libtfm_api.a(interface.c.obj)
 .z_init_POST_KERNEL40_
                0x000000000000fe64        0x8 zephyr/kernel/libkernel.a(system_work_q.c.obj)
 .z_init_POST_KERNEL70_
                0x000000000000fe6c        0x8 zephyr/drivers/spi/libdrivers__spi.a(spi_nrfx_spim.c.obj)
                0x000000000000fe74                __init_APPLICATION_start = .
 *(SORT_BY_NAME(SORT_BY_ALIGNMENT(.z_init_APPLICATION[0-9]_*)))
 *(SORT_BY_NAME(SORT_BY_ALIGNMENT(.z_init_APPLICATION[1-9][0-9]_*)))
                0x000000000000fe74                __init_SMP_start = .
 *(SORT_BY_NAME(SORT_BY_ALIGNMENT(.z_init_SMP[0-9]_*)))
 *(SORT_BY_NAME(SORT_BY_ALIGNMENT(.z_init_SMP[1-9][0-9]_*)))
                0x000000000000fe74                __init_end = .

devices         0x000000000000fe74       0x78
                0x000000000000fe74                __device_start = .
                0x000000000000fe74                __device_PRE_KERNEL_1_start = .
 *(SORT_BY_NAME(SORT_BY_ALIGNMENT(.z_device_PRE_KERNEL_1[0-9]_*)))
 *(SORT_BY_NAME(SORT_BY_ALIGNMENT(.z_device_PRE_KERNEL_1[1-9][0-9]_*)))
 .z_device_PRE_KERNEL_130_
                0x000000000000fe74       0x18 zephyr/drivers/clock_control/libdrivers__clock_control.a(clock_control_nrf.c.obj)
                0x000000000000fe74                __device_dts_ord_64
 .z_device_PRE_KERNEL_140_
                0x000000000000fe8c       0x18 zephyr/drivers/gpio/libdrivers__gpio.a(gpio_nrfx.c.obj)
                0x000000000000fe8c                __device_dts_ord_10
 .z_device_PRE_KERNEL_150_
                0x000000000000fea4       0x18 zephyr/drivers/entropy/libdrivers__entropy.a(entropy_cc3xx.c.obj)
                0x000000000000fea4                __device_dts_ord_5
 .z_device_PRE_KERNEL_155_
                0x000000000000febc       0x18 zephyr/drivers/serial/libdrivers__serial.a(uart_nrfx_uarte.c.obj)
                0x000000000000febc                __device_dts_ord_94
                0x000000000000fed4                __device_PRE_KERNEL_2_start = .
 *(SORT_BY_NAME(SORT_BY_ALIGNMENT(.z_device_PRE_KERNEL_2[0-9]_*)))
 *(SORT_BY_NAME(SORT_BY_ALIGNMENT(.z_device_PRE_KERNEL_2[1-9][0-9]_*)))
                0x000000000000fed4                __device_POST_KERNEL_start = .
 *(SORT_BY_NAME(SORT_BY_ALIGNMENT(.z_device_POST_KERNEL[0-9]_*)))
 *(SORT_BY_NAME(SORT_BY_ALIGNMENT(.z_device_POST_KERNEL[1-9][0-9]_*)))
 .z_device_POST_KERNEL70_
                0x000000000000fed4       0x18 zephyr/drivers/spi/libdrivers__spi.a(spi_nrfx_spim.c.obj)
                0x000000000000fed4                __device_dts_ord_90
                0x000000000000feec                __device_APPLICATION_start = .
 *(SORT_BY_NAME(SORT_BY_ALIGNMENT(.z_device_APPLICATION[0-9]_*)))
 *(SORT_BY_NAME(SORT_BY_ALIGNMENT(.z_device_APPLICATION[1-9][0-9]_*)))
                0x000000000000feec                __device_SMP_start = .
 *(SORT_BY_NAME(SORT_BY_ALIGNMENT(.z_device_SMP[0-9]_*)))
 *(SORT_BY_NAME(SORT_BY_ALIGNMENT(.z_device_SMP[1-9][0-9]_*)))
                0x000000000000feec                __device_end = .

sw_isr_table    0x000000000000feec      0x208
                0x000000000000feec                . = ALIGN (0x4)
 *(SORT_BY_ALIGNMENT(.gnu.linkonce.sw_isr_table*))
 .gnu.linkonce.sw_isr_table
                0x000000000000feec      0x208 zephyr/arch/common/libisr_tables.a(isr_tables.c.obj)
                0x000000000000feec                _sw_isr_table

initlevel_error
                0x000000000000fe04        0x0
 *(SORT_BY_NAME(SORT_BY_ALIGNMENT(.z_init_[_A-Z0-9]*)))
                0x0000000000000001                ASSERT ((SIZEOF (initlevel_error) == 0x0), Undefined initialization levels used.)

app_shmem_regions
                0x00000000000100f4        0x0
                0x00000000000100f4                __app_shmem_regions_start = .
 *(SORT_BY_NAME(SORT_BY_ALIGNMENT(.app_regions.*)))
                0x00000000000100f4                __app_shmem_regions_end = .

k_p4wq_initparam_area
                0x00000000000100f4        0x0
                0x00000000000100f4                _k_p4wq_initparam_list_start = .
 *(SORT_BY_NAME(SORT_BY_ALIGNMENT(._k_p4wq_initparam.static.*)))
                0x00000000000100f4                _k_p4wq_initparam_list_end = .

device_handles  0x00000000000100f4       0x22
                0x00000000000100f4                __device_handles_start = .
 *(SORT_BY_NAME(SORT_BY_ALIGNMENT(.__device_handles_pass2*)))
 .__device_handles_pass2
                0x00000000000100f4       0x22 zephyr/CMakeFiles/zephyr_pre1.dir/dev_handles.c.obj
                0x00000000000100f4                __devicehdl_DT_N_S_soc_S_peripheral_40000000_S_spi_b000
                0x00000000000100fc                __devicehdl_DT_N_S_soc_S_peripheral_40000000_S_uart_8000
                0x0000000000010102                __devicehdl_DT_N_S_cryptocell_sw
                0x0000000000010108                __devicehdl_DT_N_S_soc_S_peripheral_40000000_S_gpio_842500
                0x0000000000010110                __devicehdl_DT_N_S_soc_S_peripheral_40000000_S_clock_5000
                0x0000000000010116                __device_handles_end = .

ztest           0x0000000000010116        0x0
                0x0000000000010116                _ztest_suite_node_list_start = .
 *(SORT_BY_NAME(SORT_BY_ALIGNMENT(._ztest_suite_node.static.*)))
                0x0000000000010116                _ztest_suite_node_list_end = .
                0x0000000000010116                _ztest_unit_test_list_start = .
 *(SORT_BY_NAME(SORT_BY_ALIGNMENT(._ztest_unit_test.static.*)))
                0x0000000000010116                _ztest_unit_test_list_end = .
                0x0000000000010116                _ztest_test_rule_list_start = .
 *(SORT_BY_NAME(SORT_BY_ALIGNMENT(._ztest_test_rule.static.*)))
                0x0000000000010116                _ztest_test_rule_list_end = .

bt_l2cap_fixed_chan_area
                0x0000000000010116        0x0
                0x0000000000010116                _bt_l2cap_fixed_chan_list_start = .
 *(SORT_BY_NAME(SORT_BY_ALIGNMENT(._bt_l2cap_fixed_chan.static.*)))
                0x0000000000010116                _bt_l2cap_fixed_chan_list_end = .

bt_gatt_service_static_area
                0x0000000000010116        0x0
                0x0000000000010116                _bt_gatt_service_static_list_start = .
 *(SORT_BY_NAME(SORT_BY_ALIGNMENT(._bt_gatt_service_static.static.*)))
                0x0000000000010116                _bt_gatt_service_static_list_end = .

log_strings_sections
                0x0000000000010116        0x0
                0x0000000000010116                __log_strings_start = .
 *(SORT_BY_NAME(SORT_BY_ALIGNMENT(.log_strings*)))
                0x0000000000010116                __log_strings_end = .

log_const_sections
                0x0000000000010116        0x0
                0x0000000000010116                __log_const_start = .
 *(SORT_BY_NAME(SORT_BY_ALIGNMENT(.log_const_*)))
                0x0000000000010116                __log_const_end = .

log_backends_sections
                0x0000000000010116        0x0
                0x0000000000010116                __log_backends_start = .
 *(SORT_BY_ALIGNMENT(._log_backend.*))
                0x0000000000010116                __log_backends_end = .

tracing_backend_area
                0x0000000000010116        0x0
                0x0000000000010116                _tracing_backend_list_start = .
 *(SORT_BY_NAME(SORT_BY_ALIGNMENT(._tracing_backend.static.*)))
                0x0000000000010116                _tracing_backend_list_end = .

zephyr_dbg_info
 *(SORT_BY_ALIGNMENT(.dbg_thread_info))

symbol_to_keep  0x0000000000010116        0x0
                0x0000000000010116                __symbol_to_keep_start = .
 *(SORT_BY_NAME(SORT_BY_ALIGNMENT(.symbol_to_keep*)))
                0x0000000000010116                __symbol_to_keep_end = .

shell_area      0x0000000000010116        0x0
                0x0000000000010116                _shell_list_start = .
 *(SORT_BY_NAME(SORT_BY_ALIGNMENT(._shell.static.*)))
                0x0000000000010116                _shell_list_end = .

shell_root_cmds_sections
                0x0000000000010116        0x0
                0x0000000000010116                __shell_root_cmds_start = .
 *(SORT_BY_NAME(SORT_BY_ALIGNMENT(.shell_root_cmd_*)))
                0x0000000000010116                __shell_root_cmds_end = .

shell_subcmds_sections
                0x0000000000010116        0x0
                0x0000000000010116                __shell_subcmds_start = .
 *(SORT_BY_NAME(SORT_BY_ALIGNMENT(.shell_subcmd_*)))
                0x0000000000010116                __shell_subcmds_end = .

shell_dynamic_subcmds_sections
                0x0000000000010116        0x0
                0x0000000000010116                __shell_dynamic_subcmds_start = .