Archive member included to satisfy reference by file (symbol)

platform/libplatform_s.a(system_nrf9160.o)
                              secure_fw/CMakeFiles/tfm_s.dir/__/platform/ext/target/nordic_nrf/common/nrf9160/gcc/startup_nrf9160_s.o (SystemInit)
secure_fw/partitions/lib/sprt/libtfm_sprt.a(crt_memset.o)
                              /opt/nordic/ncs/toolchains/v2.3.0/opt/zephyr-sdk/arm-zephyr-eabi/bin/../lib/gcc/arm-zephyr-eabi/12.1.0/../../../../arm-zephyr-eabi/lib/thumb/v8-m.main/nofp/crt0.o (memset)
secure_fw/spm/libtfm_spm.a(main.o)
                              /opt/nordic/ncs/toolchains/v2.3.0/opt/zephyr-sdk/arm-zephyr-eabi/bin/../lib/gcc/arm-zephyr-eabi/12.1.0/../../../../arm-zephyr-eabi/lib/thumb/v8-m.main/nofp/crt0.o (main)
secure_fw/spm/libtfm_spm.a(spm_cross_call.o)
                              secure_fw/CMakeFiles/tfm_s.dir/partitions/ns_agent_tz/tfm_psa_api_veneers.o (spm_interface_cross_dispatcher)
secure_fw/spm/libtfm_spm.a(psa_api.o)
                              secure_fw/spm/libtfm_spm.a(spm_cross_call.o) (spm_handle_programmer_errors)
secure_fw/spm/libtfm_spm.a(backend_ipc.o)
                              secure_fw/spm/libtfm_spm.a(spm_cross_call.o) (p_spm_thread_context)
secure_fw/spm/libtfm_spm.a(tfm_core_svcalls_ipc.o)
                              secure_fw/spm/libtfm_spm.a(main.o) (tfm_core_handler_mode)
secure_fw/spm/libtfm_spm.a(thread.o)
                              secure_fw/spm/libtfm_spm.a(spm_cross_call.o) (thrd_next)
secure_fw/spm/libtfm_spm.a(tfm_arch_v8m_main.o)
                              secure_fw/spm/libtfm_spm.a(spm_cross_call.o) (arch_non_preempt_call)
secure_fw/spm/libtfm_spm.a(ns_agent_tz.o)
                              secure_fw/CMakeFiles/tfm_s.dir/partitions/ns_agent_tz/load_info_ns_agent_tz.o (ns_agent_tz_main)
secure_fw/spm/libtfm_spm.a(idle_partition.o)
                              secure_fw/CMakeFiles/tfm_s.dir/partitions/idle_partition/load_info_idle_sp.o (tfm_idle_thread)
secure_fw/spm/libtfm_spm.a(tfm_boot_data.o)
                              secure_fw/spm/libtfm_spm.a(main.o) (tfm_core_validate_boot_data)
secure_fw/spm/libtfm_spm.a(tfm_core_utils.o)
                              secure_fw/spm/libtfm_spm.a(psa_api.o) (spm_memcpy)
secure_fw/spm/libtfm_spm.a(utilities.o)
                              secure_fw/spm/libtfm_spm.a(main.o) (tfm_core_panic)
secure_fw/spm/libtfm_spm.a(tfm_arch.o)
                              secure_fw/spm/libtfm_spm.a(tfm_core_svcalls_ipc.o) (tfm_arch_free_msp_and_exc_ret)
secure_fw/spm/libtfm_spm.a(spm_ipc.o)
                              secure_fw/spm/libtfm_spm.a(psa_api.o) (tfm_spm_to_user_handle)
secure_fw/spm/libtfm_spm.a(static_load.o)
                              secure_fw/spm/libtfm_spm.a(spm_ipc.o) (load_a_partition_assuredly)
secure_fw/spm/libtfm_spm.a(tfm_pools.o)
                              secure_fw/spm/libtfm_spm.a(spm_ipc.o) (tfm_pool_init)
secure_fw/spm/libtfm_spm.a(tfm_spm_ns_ctx.o)
                              secure_fw/spm/libtfm_spm.a(spm_ipc.o) (tfm_nspm_get_current_client_id)
secure_fw/partitions/crypto/libtfm_psa_rot_partition_crypto.a(crypto_init.o)
                              secure_fw/CMakeFiles/tfm_s.dir/__/generated/secure_fw/partitions/crypto/auto_generated/load_info_tfm_crypto.o (tfm_crypto_init)
secure_fw/partitions/crypto/libtfm_psa_rot_partition_crypto.a(crypto_alloc.o)
                              secure_fw/partitions/crypto/libtfm_psa_rot_partition_crypto.a(crypto_init.o) (tfm_crypto_init_alloc)
secure_fw/partitions/crypto/libtfm_psa_rot_partition_crypto.a(crypto_cipher.o)
                              secure_fw/partitions/crypto/libtfm_psa_rot_partition_crypto.a(crypto_init.o) (tfm_crypto_cipher_generate_iv)
secure_fw/partitions/crypto/libtfm_psa_rot_partition_crypto.a(crypto_hash.o)
                              secure_fw/partitions/crypto/libtfm_psa_rot_partition_crypto.a(crypto_init.o) (tfm_crypto_hash_setup)
secure_fw/partitions/crypto/libtfm_psa_rot_partition_crypto.a(crypto_mac.o)
                              secure_fw/partitions/crypto/libtfm_psa_rot_partition_crypto.a(crypto_init.o) (tfm_crypto_mac_sign_setup)
secure_fw/partitions/crypto/libtfm_psa_rot_partition_crypto.a(crypto_aead.o)
                              secure_fw/partitions/crypto/libtfm_psa_rot_partition_crypto.a(crypto_init.o) (tfm_crypto_aead_encrypt)
secure_fw/partitions/crypto/libtfm_psa_rot_partition_crypto.a(crypto_asymmetric.o)
                              secure_fw/partitions/crypto/libtfm_psa_rot_partition_crypto.a(crypto_init.o) (tfm_crypto_sign_message)
secure_fw/partitions/crypto/libtfm_psa_rot_partition_crypto.a(crypto_key_derivation.o)
                              secure_fw/partitions/crypto/libtfm_psa_rot_partition_crypto.a(crypto_init.o) (tfm_crypto_key_derivation_setup)
secure_fw/partitions/crypto/libtfm_psa_rot_partition_crypto.a(crypto_key_management.o)
                              secure_fw/partitions/crypto/libtfm_psa_rot_partition_crypto.a(crypto_init.o) (tfm_crypto_import_key)
[...]
Memory Configuration

Name             Origin             Length             Attributes
FLASH            0x0000000000000000 0x0000000000008000 xr
RAM              0x0000000020000000 0x0000000000008000 xrw
*default*        0x0000000000000000 0xffffffffffffffff

Linker script and memory map

LOAD /opt/nordic/ncs/toolchains/v2.3.0/opt/zephyr-sdk/arm-zephyr-eabi/bin/../lib/gcc/arm-zephyr-eabi/12.1.0/thumb/v8-m.main/nofp/crti.o
LOAD /opt/nordic/ncs/toolchains/v2.3.0/opt/zephyr-sdk/arm-zephyr-eabi/bin/../lib/gcc/arm-zephyr-eabi/12.1.0/thumb/v8-m.main/nofp/crtbegin.o
LOAD /opt/nordic/ncs/toolchains/v2.3.0/opt/zephyr-sdk/arm-zephyr-eabi/bin/../lib/gcc/arm-zephyr-eabi/12.1.0/../../../../arm-zephyr-eabi/lib/thumb/v8-m.main/nofp/crt0.o
LOAD secure_fw/CMakeFiles/tfm_s.dir/partitions/ns_agent_tz/tfm_psa_api_veneers.o
LOAD secure_fw/CMakeFiles/tfm_s.dir/__/platform/ext/target/nordic_nrf/common/nrf9160/gcc/startup_nrf9160_s.o
LOAD secure_fw/CMakeFiles/tfm_s.dir/__/platform/ext/common/faults.o
LOAD secure_fw/CMakeFiles/tfm_s.dir/__/generated/secure_fw/partitions/crypto/auto_generated/load_info_tfm_crypto.o
LOAD secure_fw/CMakeFiles/tfm_s.dir/__/generated/secure_fw/partitions/platform/auto_generated/load_info_tfm_platform.o
LOAD secure_fw/CMakeFiles/tfm_s.dir/partitions/ns_agent_tz/load_info_ns_agent_tz.o
LOAD secure_fw/CMakeFiles/tfm_s.dir/partitions/idle_partition/load_info_idle_sp.o
LOAD secure_fw/CMakeFiles/tfm_s.dir/__/platform/ext/target/nordic_nrf/common/core/plat_test.o
LOAD secure_fw/CMakeFiles/tfm_s.dir/spm/cmsis_psa/psa_interface_cross.o
LOAD secure_fw/CMakeFiles/tfm_s.dir/__/interface/src/tfm_psa_call_pack.o
LOAD platform/libplatform_s.a
LOAD secure_fw/partitions/lib/sprt/libtfm_sprt.a
LOAD secure_fw/spm/libtfm_spm.a
LOAD secure_fw/partitions/crypto/libtfm_psa_rot_partition_crypto.a
LOAD secure_fw/partitions/crypto/mbedcrypto/nrf_security_src/libcrypto_service_mbedcrypto.a
LOAD secure_fw/partitions/platform/libtfm_psa_rot_partition_platform.a
LOAD platform/libplatform_s.a
LOAD secure_fw/partitions/lib/sprt/libtfm_sprt.a
LOAD secure_fw/spm/libtfm_spm.a
LOAD secure_fw/partitions/crypto/libtfm_psa_rot_partition_crypto.a
LOAD secure_fw/partitions/crypto/mbedcrypto/nrf_security_src/libcrypto_service_mbedcrypto.a
LOAD secure_fw/partitions/platform/libtfm_psa_rot_partition_platform.a
LOAD platform/libplatform_s.a
LOAD secure_fw/partitions/lib/sprt/libtfm_sprt.a
LOAD secure_fw/spm/libtfm_spm.a
LOAD secure_fw/partitions/crypto/libtfm_psa_rot_partition_crypto.a
LOAD secure_fw/partitions/crypto/mbedcrypto/nrf_security_src/libcrypto_service_mbedcrypto.a
LOAD secure_fw/partitions/platform/libtfm_psa_rot_partition_platform.a
LOAD /opt/nordic/ncs/v2.3.0/nrfxlib/crypto/nrf_cc310_platform/lib/cortex-m33/soft-float/no-interrupts/libnrf_cc310_platform_0.9.16.a
LOAD secure_fw/partitions/crypto/mbedcrypto/nrf_security_crypto/liboberon_mbedcrypto__psa_3.0.12.a
LOAD /opt/nordic/ncs/v2.3.0/nrfxlib/crypto/nrf_oberon/lib/cortex-m33/soft-float/liboberon_mbedtls_3.0.12.a
LOAD secure_fw/partitions/crypto/mbedcrypto/nrf_security_src/libmbedcrypto_base.a
LOAD /opt/nordic/ncs/v2.3.0/nrfxlib/crypto/nrf_oberon/lib/cortex-m33/soft-float/liboberon_3.0.12.a
LOAD /opt/nordic/ncs/toolchains/v2.3.0/opt/zephyr-sdk/arm-zephyr-eabi/bin/../lib/gcc/arm-zephyr-eabi/12.1.0/../../../../arm-zephyr-eabi/lib/thumb/v8-m.main/nofp/libc_nano.a
START GROUP
LOAD /opt/nordic/ncs/toolchains/v2.3.0/opt/zephyr-sdk/arm-zephyr-eabi/bin/../lib/gcc/arm-zephyr-eabi/12.1.0/thumb/v8-m.main/nofp/libgcc.a
LOAD /opt/nordic/ncs/toolchains/v2.3.0/opt/zephyr-sdk/arm-zephyr-eabi/bin/../lib/gcc/arm-zephyr-eabi/12.1.0/../../../../arm-zephyr-eabi/lib/thumb/v8-m.main/nofp/libc_nano.a
END GROUP
START GROUP
LOAD /opt/nordic/ncs/toolchains/v2.3.0/opt/zephyr-sdk/arm-zephyr-eabi/bin/../lib/gcc/arm-zephyr-eabi/12.1.0/thumb/v8-m.main/nofp/libgcc.a
LOAD /opt/nordic/ncs/toolchains/v2.3.0/opt/zephyr-sdk/arm-zephyr-eabi/bin/../lib/gcc/arm-zephyr-eabi/12.1.0/../../../../arm-zephyr-eabi/lib/thumb/v8-m.main/nofp/libc_nano.a
END GROUP
LOAD /opt/nordic/ncs/toolchains/v2.3.0/opt/zephyr-sdk/arm-zephyr-eabi/bin/../lib/gcc/arm-zephyr-eabi/12.1.0/thumb/v8-m.main/nofp/crtend.o
LOAD /opt/nordic/ncs/toolchains/v2.3.0/opt/zephyr-sdk/arm-zephyr-eabi/bin/../lib/gcc/arm-zephyr-eabi/12.1.0/thumb/v8-m.main/nofp/crtn.o
                0x0000000000001000                __heap_size__ = 0x1000
                0x0000000000000800                __msp_init_stack_size__ = 0x800
START GROUP
LOAD /opt/nordic/ncs/toolchains/v2.3.0/opt/zephyr-sdk/arm-zephyr-eabi/bin/../lib/gcc/arm-zephyr-eabi/12.1.0/thumb/v8-m.main/nofp/libgcc.a
LOAD /opt/nordic/ncs/toolchains/v2.3.0/opt/zephyr-sdk/arm-zephyr-eabi/bin/../lib/gcc/arm-zephyr-eabi/12.1.0/../../../../arm-zephyr-eabi/lib/thumb/v8-m.main/nofp/libc.a
LOAD /opt/nordic/ncs/toolchains/v2.3.0/opt/zephyr-sdk/arm-zephyr-eabi/bin/../lib/gcc/arm-zephyr-eabi/12.1.0/../../../../arm-zephyr-eabi/lib/thumb/v8-m.main/nofp/libm.a
LOAD /opt/nordic/ncs/toolchains/v2.3.0/opt/zephyr-sdk/arm-zephyr-eabi/bin/../lib/gcc/arm-zephyr-eabi/12.1.0/../../../../arm-zephyr-eabi/lib/thumb/v8-m.main/nofp/libnosys.a
LOAD /opt/nordic/ncs/toolchains/v2.3.0/opt/zephyr-sdk/arm-zephyr-eabi/bin/../lib/gcc/arm-zephyr-eabi/12.1.0/../../../../arm-zephyr-eabi/lib/thumb/v8-m.main/nofp/libc_nano.a
END GROUP

.TFM_VECTORS    0x0000000000000000      0x24c
                0x0000000000000000                __vectors_start__ = .
 *(.vectors)
 .vectors       0x0000000000000000      0x144 secure_fw/CMakeFiles/tfm_s.dir/__/platform/ext/target/nordic_nrf/common/nrf9160/gcc/startup_nrf9160_s.o
                0x0000000000000000                __Vectors
                0x0000000000000144                __vectors_end__ = .
                0x0000000000000144                . = MAX (., 0x100)
 *startup*(.text*)
 .text          0x0000000000000144      0x108 secure_fw/CMakeFiles/tfm_s.dir/__/platform/ext/target/nordic_nrf/common/nrf9160/gcc/startup_nrf9160_s.o
                0x0000000000000144                Reset_Handler
                0x00000000000001a4                Default_Handler
                0x00000000000001a6                NMI_Handler
                0x00000000000001c2                DebugMon_Handler
                0x00000000000001ca                SysTick_Handler
                0x00000000000001ce                SPU_IRQHandler
                0x00000000000001d2                CLOCK_POWER_IRQHandler
                0x00000000000001d6                UARTE0_SPIM0_SPIS0_TWIM0_TWIS0_IRQHandler
                0x00000000000001da                UARTE1_SPIM1_SPIS1_TWIM1_TWIS1_IRQHandler
                0x00000000000001de                UARTE2_SPIM2_SPIS2_TWIM2_TWIS2_IRQHandler
                0x00000000000001e2                UARTE3_SPIM3_SPIS3_TWIM3_TWIS3_IRQHandler
                0x00000000000001e6                GPIOTE0_IRQHandler
                0x00000000000001ea                SAADC_IRQHandler
                0x00000000000001ee                TIMER0_IRQHandler
                0x00000000000001f2                TIMER1_IRQHandler
                0x00000000000001f6                TIMER2_IRQHandler
                0x00000000000001fa                RTC0_IRQHandler
                0x00000000000001fe                RTC1_IRQHandler
                0x0000000000000202                WDT_IRQHandler
                0x0000000000000206                EGU0_IRQHandler
                0x000000000000020a                EGU1_IRQHandler
                0x000000000000020e                EGU2_IRQHandler
                0x0000000000000212                EGU3_IRQHandler
                0x0000000000000216                EGU4_IRQHandler
                0x000000000000021a                EGU5_IRQHandler
                0x000000000000021e                PWM0_IRQHandler
                0x0000000000000222                PWM1_IRQHandler
                0x0000000000000226                PWM2_IRQHandler
                0x000000000000022a                PWM3_IRQHandler
                0x000000000000022e                PDM_IRQHandler
                0x0000000000000232                I2S_IRQHandler
                0x0000000000000236                IPC_IRQHandler
                0x000000000000023a                FPU_IRQHandler
                0x000000000000023e                GPIOTE1_IRQHandler
                0x0000000000000242                KMU_IRQHandler
                0x0000000000000246                CRYPTOCELL_IRQHandler
                0x000000000000024c                . = ALIGN (0x4)

.copy.table     0x000000000000024c       0x24
                0x000000000000024c                __copy_table_start__ = .
                0x000000000000024c        0x4 LONG 0x5480 LOADADDR (.TFM_DATA)
                0x0000000000000250        0x4 LONG 0x20002f20 ADDR (.TFM_DATA)
                0x0000000000000254        0x4 LONG 0xf8 SIZEOF (.TFM_DATA)
                0x0000000000000258        0x4 LONG 0x5480 LOADADDR (.TFM_PSA_ROT_LINKER_DATA)
                0x000000000000025c        0x4 LONG 0x20001c40 ADDR (.TFM_PSA_ROT_LINKER_DATA)
                0x0000000000000260        0x4 LONG 0x0 SIZEOF (.TFM_PSA_ROT_LINKER_DATA)
                0x0000000000000264        0x4 LONG 0x5480 LOADADDR (.TFM_APP_ROT_LINKER_DATA)
                0x0000000000000268        0x4 LONG 0x20001c20 ADDR (.TFM_APP_ROT_LINKER_DATA)
                0x000000000000026c        0x4 LONG 0x0 SIZEOF (.TFM_APP_ROT_LINKER_DATA)
                0x0000000000000270                __copy_table_end__ = .

.zero.table     0x0000000000000270       0x20
                0x0000000000000270                __zero_table_start__ = .
                0x0000000000000270        0x4 LONG 0x20003020 ADDR (.TFM_BSS)
                0x0000000000000274        0x4 LONG 0x1a30 SIZEOF (.TFM_BSS)
                0x0000000000000278        0x4 LONG 0x20001c40 ADDR (.TFM_PSA_ROT_LINKER_BSS)
                0x000000000000027c        0x4 LONG 0x12e0 SIZEOF (.TFM_PSA_ROT_LINKER_BSS)
                0x0000000000000280        0x4 LONG 0x20001c20 ADDR (.TFM_APP_ROT_LINKER_BSS)
                0x0000000000000284        0x4 LONG 0x20 SIZEOF (.TFM_APP_ROT_LINKER_BSS)
                0x0000000000000288        0x4 LONG 0x20001c00 ADDR (.TFM_SP_META_PTR)
                0x000000000000028c        0x4 LONG 0x4 SIZEOF (.TFM_SP_META_PTR)
                0x0000000000000290                __zero_table_end__ = .

.TFM_UNPRIV_CODE
                0x00000000000002a0      0x580
 *libc_nano*:*(.text*)
 .text.calloc   0x00000000000002a0       0x10 /opt/nordic/ncs/toolchains/v2.3.0/opt/zephyr-sdk/arm-zephyr-eabi/bin/../lib/gcc/arm-zephyr-eabi/12.1.0/../../../../arm-zephyr-eabi/lib/thumb/v8-m.main/nofp/libc_nano.a(lib_a-calloc.o)
                0x00000000000002a0                calloc
 .text.exit     0x00000000000002b0       0x28 /opt/nordic/ncs/toolchains/v2.3.0/opt/zephyr-sdk/arm-zephyr-eabi/bin/../lib/gcc/arm-zephyr-eabi/12.1.0/../../../../arm-zephyr-eabi/lib/thumb/v8-m.main/nofp/libc_nano.a(lib_a-exit.o)
                0x00000000000002b0                exit
 .text.__libc_init_array
                0x00000000000002d8       0x48 /opt/nordic/ncs/toolchains/v2.3.0/opt/zephyr-sdk/arm-zephyr-eabi/bin/../lib/gcc/arm-zephyr-eabi/12.1.0/../../../../arm-zephyr-eabi/lib/thumb/v8-m.main/nofp/libc_nano.a(lib_a-init.o)
                0x00000000000002d8                __libc_init_array
 .text.free     0x0000000000000320       0x10 /opt/nordic/ncs/toolchains/v2.3.0/opt/zephyr-sdk/arm-zephyr-eabi/bin/../lib/gcc/arm-zephyr-eabi/12.1.0/../../../../arm-zephyr-eabi/lib/thumb/v8-m.main/nofp/libc_nano.a(lib_a-malloc.o)
                0x0000000000000320                free
 .text.memmove  0x0000000000000330       0x34 /opt/nordic/ncs/toolchains/v2.3.0/opt/zephyr-sdk/arm-zephyr-eabi/bin/../lib/gcc/arm-zephyr-eabi/12.1.0/../../../../arm-zephyr-eabi/lib/thumb/v8-m.main/nofp/libc_nano.a(lib_a-memmove.o)
                0x0000000000000330                memmove
 .text._calloc_r
                0x0000000000000364       0x1c /opt/nordic/ncs/toolchains/v2.3.0/opt/zephyr-sdk/arm-zephyr-eabi/bin/../lib/gcc/arm-zephyr-eabi/12.1.0/../../../../arm-zephyr-eabi/lib/thumb/v8-m.main/nofp/libc_nano.a(lib_a-nano-callocr.o)
                0x0000000000000364                _calloc_r
 .text._free_r  0x0000000000000380       0x94 /opt/nordic/ncs/toolchains/v2.3.0/opt/zephyr-sdk/arm-zephyr-eabi/bin/../lib/gcc/arm-zephyr-eabi/12.1.0/../../../../arm-zephyr-eabi/lib/thumb/v8-m.main/nofp/libc_nano.a(lib_a-nano-freer.o)
                0x0000000000000380                _free_r
 .text._malloc_r
                0x0000000000000414       0xb4 /opt/nordic/ncs/toolchains/v2.3.0/opt/zephyr-sdk/arm-zephyr-eabi/bin/../lib/gcc/arm-zephyr-eabi/12.1.0/../../../../arm-zephyr-eabi/lib/thumb/v8-m.main/nofp/libc_nano.a(lib_a-nano-mallocr.o)
                0x0000000000000414                _malloc_r
 .text._sbrk_r  0x00000000000004c8       0x20 /opt/nordic/ncs/toolchains/v2.3.0/opt/zephyr-sdk/arm-zephyr-eabi/bin/../lib/gcc/arm-zephyr-eabi/12.1.0/../../../../arm-zephyr-eabi/lib/thumb/v8-m.main/nofp/libc_nano.a(lib_a-sbrkr.o)
                0x00000000000004c8                _sbrk_r
 .text.__malloc_lock
                0x00000000000004e8        0xc /opt/nordic/ncs/toolchains/v2.3.0/opt/zephyr-sdk/arm-zephyr-eabi/bin/../lib/gcc/arm-zephyr-eabi/12.1.0/../../../../arm-zephyr-eabi/lib/thumb/v8-m.main/nofp/libc_nano.a(lib_a-mlock.o)
                0x00000000000004e8                __malloc_lock
 .text.__malloc_unlock
                0x00000000000004f4        0xc /opt/nordic/ncs/toolchains/v2.3.0/opt/zephyr-sdk/arm-zephyr-eabi/bin/../lib/gcc/arm-zephyr-eabi/12.1.0/../../../../arm-zephyr-eabi/lib/thumb/v8-m.main/nofp/libc_nano.a(lib_a-mlock.o)
                0x00000000000004f4                __malloc_unlock
 .text.__retarget_lock_acquire_recursive
                0x0000000000000500        0x2 /opt/nordic/ncs/toolchains/v2.3.0/opt/zephyr-sdk/arm-zephyr-eabi/bin/../lib/gcc/arm-zephyr-eabi/12.1.0/../../../../arm-zephyr-eabi/lib/thumb/v8-m.main/nofp/libc_nano.a(lib_a-lock.o)
                0x0000000000000500                __retarget_lock_acquire_recursive
 .text.__retarget_lock_release_recursive
                0x0000000000000502        0x2 /opt/nordic/ncs/toolchains/v2.3.0/opt/zephyr-sdk/arm-zephyr-eabi/bin/../lib/gcc/arm-zephyr-eabi/12.1.0/../../../../arm-zephyr-eabi/lib/thumb/v8-m.main/nofp/libc_nano.a(lib_a-lock.o)
                0x0000000000000502                __retarget_lock_release_recursive
 *libc_nano*:*(.rodata*)
 .rodata._global_impure_ptr
                0x0000000000000504        0x4 /opt/nordic/ncs/toolchains/v2.3.0/opt/zephyr-sdk/arm-zephyr-eabi/bin/../lib/gcc/arm-zephyr-eabi/12.1.0/../../../../arm-zephyr-eabi/lib/thumb/v8-m.main/nofp/libc_nano.a(lib_a-impure.o)
                0x0000000000000504                _global_impure_ptr
 *(SFN)
 SFN            0x0000000000000508      0x100 secure_fw/CMakeFiles/tfm_s.dir/partitions/ns_agent_tz/tfm_psa_api_veneers.o
                0x0000000000000508                __acle_se_tfm_psa_framework_version_veneer
                0x0000000000000534                __acle_se_tfm_psa_version_veneer
                0x0000000000000560                __acle_se_tfm_psa_call_veneer
                0x0000000000000594                __acle_se_tfm_psa_connect_veneer
                0x00000000000005c2                __acle_se_tfm_psa_close_veneer
 *libgcc*:*(.text*)
 .text          0x0000000000000608       0xc8 /opt/nordic/ncs/toolchains/v2.3.0/opt/zephyr-sdk/arm-zephyr-eabi/bin/../lib/gcc/arm-zephyr-eabi/12.1.0/thumb/v8-m.main/nofp/libgcc.a(cmse.o)
                0x0000000000000608                cmse_check_address_range
 *libgcc*:*(.rodata*)
 *libtfm_sprt*:*(.text*)
 .text.memset   0x00000000000006d0       0x3e secure_fw/partitions/lib/sprt/libtfm_sprt.a(crt_memset.o)
                0x00000000000006d0                memset
 .text.memcpy   0x000000000000070e       0x62 secure_fw/partitions/lib/sprt/libtfm_sprt.a(crt_memcpy.o)
                0x000000000000070e                memcpy
 .text.runtime_init_c
                0x0000000000000770       0x18 secure_fw/partitions/lib/sprt/libtfm_sprt.a(sprt_main.o)
 .text.sprt_main
                0x0000000000000788        0x6 secure_fw/partitions/lib/sprt/libtfm_sprt.a(sprt_main.o)
                0x0000000000000788                sprt_main
 *fill*         0x000000000000078e        0x2 
 .text.common_sfn_thread
                0x0000000000000790       0x84 secure_fw/partitions/lib/sprt/libtfm_sprt.a(sfn_common_thread.o)
                0x0000000000000790                common_sfn_thread
 *libtfm_sprt*:*(.rodata*)
 *psa_client.*(.text*)
 *psa_client.*(.rodata*)
 *psa_service.*(.text*)
 *psa_service.*(.rodata*)
 *psa_lifecycle.*(.text*)
 *psa_lifecycle.*(.rodata*)
 *tfm_log_raw.*(.text*)
 *tfm_log_raw.*(.rodata*)
 *tfm_psa_call_pack.*(.text*)
 *tfm_psa_call_pack.*(.rodata*)
 *psa_interface_svc.*(.text*)
 *psa_interface_svc.*(.rodata*)
                0x0000000000000820                . = ALIGN (0x20)
 *fill*         0x0000000000000814        0xc 
                0x00000000000002a0                Image$$TFM_UNPRIV_CODE$$RO$$Base = ADDR (.TFM_UNPRIV_CODE)
                0x0000000000000820                Image$$TFM_UNPRIV_CODE$$RO$$Limit = (ADDR (.TFM_UNPRIV_CODE) + SIZEOF (.TFM_UNPRIV_CODE))

.TFM_SP_LOAD_LIST
                0x0000000000000820      0x124
 *(.part_load)
 .part_load     0x0000000000000820       0x4c secure_fw/CMakeFiles/tfm_s.dir/__/generated/secure_fw/partitions/crypto/auto_generated/load_info_tfm_crypto.o
                0x0000000000000820                tfm_sp_crypto_load
 .part_load     0x000000000000086c       0x78 secure_fw/CMakeFiles/tfm_s.dir/__/generated/secure_fw/partitions/platform/auto_generated/load_info_tfm_platform.o
                0x000000000000086c                tfm_sp_platform_load
 .part_load     0x00000000000008e4       0x30 secure_fw/CMakeFiles/tfm_s.dir/partitions/ns_agent_tz/load_info_ns_agent_tz.o
                0x00000000000008e4                tfm_sp_ns_agent_tz_load
 .part_load     0x0000000000000914       0x30 secure_fw/CMakeFiles/tfm_s.dir/partitions/idle_partition/load_info_idle_sp.o
                0x0000000000000914                tfm_sp_idle_load
                0x0000000000000820                Image$$TFM_SP_LOAD_LIST$$RO$$Base = ADDR (.TFM_SP_LOAD_LIST)
                0x0000000000000944                Image$$TFM_SP_LOAD_LIST$$RO$$Limit = (ADDR (.TFM_SP_LOAD_LIST) + SIZEOF (.TFM_SP_LOAD_LIST))
                0x0000000000000960                . = ALIGN (0x20)
                0x0000000000000960                Image$$TFM_PSA_CODE_START$$Base = .

.TFM_PSA_ROT_LINKER
                0x0000000000000960      0x600
 *tfm_psa_rot_partition*:*(.text*)
 .text.tfm_crypto_clear_scratch
                0x0000000000000960       0x20 secure_fw/partitions/crypto/libtfm_psa_rot_partition_crypto.a(crypto_init.o)
                0x0000000000000960                tfm_crypto_clear_scratch
 .text.tfm_crypto_init
                0x0000000000000980       0x20 secure_fw/partitions/crypto/libtfm_psa_rot_partition_crypto.a(crypto_init.o)
                0x0000000000000980                tfm_crypto_init
 .text.tfm_crypto_sfn
                0x00000000000009a0      0x178 secure_fw/partitions/crypto/libtfm_psa_rot_partition_crypto.a(crypto_init.o)
                0x00000000000009a0                tfm_crypto_sfn
 .text.tfm_crypto_init_alloc
                0x0000000000000b18       0x18 secure_fw/partitions/crypto/libtfm_psa_rot_partition_crypto.a(crypto_alloc.o)
                0x0000000000000b18                tfm_crypto_init_alloc
 .text.tfm_crypto_cipher_generate_iv
                0x0000000000000b30        0x6 secure_fw/partitions/crypto/libtfm_psa_rot_partition_crypto.a(crypto_cipher.o)
                0x0000000000000b30                tfm_crypto_cipher_generate_iv
 .text.tfm_crypto_cipher_set_iv
                0x0000000000000b36        0x6 secure_fw/partitions/crypto/libtfm_psa_rot_partition_crypto.a(crypto_cipher.o)
                0x0000000000000b36                tfm_crypto_cipher_set_iv
 .text.tfm_crypto_cipher_encrypt_setup
                0x0000000000000b3c        0x6 secure_fw/partitions/crypto/libtfm_psa_rot_partition_crypto.a(crypto_cipher.o)
                0x0000000000000b3c                tfm_crypto_cipher_encrypt_setup
 .text.tfm_crypto_cipher_decrypt_setup
                0x0000000000000b42        0x6 secure_fw/partitions/crypto/libtfm_psa_rot_partition_crypto.a(crypto_cipher.o)
                0x0000000000000b42                tfm_crypto_cipher_decrypt_setup
 .text.tfm_crypto_cipher_update
                0x0000000000000b48        0x6 secure_fw/partitions/crypto/libtfm_psa_rot_partition_crypto.a(crypto_cipher.o)
                0x0000000000000b48                tfm_crypto_cipher_update
 .text.tfm_crypto_cipher_finish
                0x0000000000000b4e        0x6 secure_fw/partitions/crypto/libtfm_psa_rot_partition_crypto.a(crypto_cipher.o)
                0x0000000000000b4e                tfm_crypto_cipher_finish
 .text.tfm_crypto_cipher_abort
                0x0000000000000b54        0x6 secure_fw/partitions/crypto/libtfm_psa_rot_partition_crypto.a(crypto_cipher.o)
                0x0000000000000b54                tfm_crypto_cipher_abort
 .text.tfm_crypto_cipher_encrypt
                0x0000000000000b5a        0x6 secure_fw/partitions/crypto/libtfm_psa_rot_partition_crypto.a(crypto_cipher.o)
                0x0000000000000b5a                tfm_crypto_cipher_encrypt
 .text.tfm_crypto_cipher_decrypt
                0x0000000000000b60        0x6 secure_fw/partitions/crypto/libtfm_psa_rot_partition_crypto.a(crypto_cipher.o)
                0x0000000000000b60                tfm_crypto_cipher_decrypt
 .text.tfm_crypto_hash_setup
                0x0000000000000b66        0x6 secure_fw/partitions/crypto/libtfm_psa_rot_partition_crypto.a(crypto_hash.o)
                0x0000000000000b66                tfm_crypto_hash_setup
 .text.tfm_crypto_hash_update
                0x0000000000000b6c        0x6 secure_fw/partitions/crypto/libtfm_psa_rot_partition_crypto.a(crypto_hash.o)
                0x0000000000000b6c                tfm_crypto_hash_update
 .text.tfm_crypto_hash_finish
                0x0000000000000b72        0x6 secure_fw/partitions/crypto/libtfm_psa_rot_partition_crypto.a(crypto_hash.o)
                0x0000000000000b72                tfm_crypto_hash_finish
 .text.tfm_crypto_hash_verify
                0x0000000000000b78        0x6 secure_fw/partitions/crypto/libtfm_psa_rot_partition_crypto.a(crypto_hash.o)
                0x0000000000000b78                tfm_crypto_hash_verify
 .text.tfm_crypto_hash_abort
                0x0000000000000b7e        0x6 secure_fw/partitions/crypto/libtfm_psa_rot_partition_crypto.a(crypto_hash.o)
                0x0000000000000b7e                tfm_crypto_hash_abort
 .text.tfm_crypto_hash_clone
                0x0000000000000b84        0x6 secure_fw/partitions/crypto/libtfm_psa_rot_partition_crypto.a(crypto_hash.o)
                0x0000000000000b84                tfm_crypto_hash_clone
 .text.tfm_crypto_hash_compute
                0x0000000000000b8a        0x6 secure_fw/partitions/crypto/libtfm_psa_rot_partition_crypto.a(crypto_hash.o)
                0x0000000000000b8a                tfm_crypto_hash_compute
 .text.tfm_crypto_hash_compare
                0x0000000000000b90        0x6 secure_fw/partitions/crypto/libtfm_psa_rot_partition_crypto.a(crypto_hash.o)
                0x0000000000000b90                tfm_crypto_hash_compare
 .text.tfm_crypto_mac_sign_setup
                0x0000000000000b96        0x6 secure_fw/partitions/crypto/libtfm_psa_rot_partition_crypto.a(crypto_mac.o)
                0x0000000000000b96                tfm_crypto_mac_sign_setup
 .text.tfm_crypto_mac_verify_setup
                0x0000000000000b9c        0x6 secure_fw/partitions/crypto/libtfm_psa_rot_partition_crypto.a(crypto_mac.o)
                0x0000000000000b9c                tfm_crypto_mac_verify_setup
 .text.tfm_crypto_mac_update
                0x0000000000000ba2        0x6 secure_fw/partitions/crypto/libtfm_psa_rot_partition_crypto.a(crypto_mac.o)
                0x0000000000000ba2                tfm_crypto_mac_update
 .text.tfm_crypto_mac_sign_finish
                0x0000000000000ba8        0x6 secure_fw/partitions/crypto/libtfm_psa_rot_partition_crypto.a(crypto_mac.o)
                0x0000000000000ba8                tfm_crypto_mac_sign_finish
 .text.tfm_crypto_mac_verify_finish
                0x0000000000000bae        0x6 secure_fw/partitions/crypto/libtfm_psa_rot_partition_crypto.a(crypto_mac.o)
                0x0000000000000bae                tfm_crypto_mac_verify_finish
 .text.tfm_crypto_mac_abort
                0x0000000000000bb4        0x6 secure_fw/partitions/crypto/libtfm_psa_rot_partition_crypto.a(crypto_mac.o)
                0x0000000000000bb4                tfm_crypto_mac_abort
 .text.tfm_crypto_mac_compute
                0x0000000000000bba        0x6 secure_fw/partitions/crypto/libtfm_psa_rot_partition_crypto.a(crypto_mac.o)
                0x0000000000000bba                tfm_crypto_mac_compute
 .text.tfm_crypto_mac_verify
                0x0000000000000bc0        0x6 secure_fw/partitions/crypto/libtfm_psa_rot_partition_crypto.a(crypto_mac.o)
                0x0000000000000bc0                tfm_crypto_mac_verify
 .text.tfm_crypto_aead_encrypt
                0x0000000000000bc6        0x6 secure_fw/partitions/crypto/libtfm_psa_rot_partition_crypto.a(crypto_aead.o)
                0x0000000000000bc6                tfm_crypto_aead_encrypt
 .text.tfm_crypto_aead_decrypt
                0x0000000000000bcc        0x6 secure_fw/partitions/crypto/libtfm_psa_rot_partition_crypto.a(crypto_aead.o)
                0x0000000000000bcc                tfm_crypto_aead_decrypt
 .text.tfm_crypto_aead_encrypt_setup
                0x0000000000000bd2        0x6 secure_fw/partitions/crypto/libtfm_psa_rot_partition_crypto.a(crypto_aead.o)
                0x0000000000000bd2                tfm_crypto_aead_encrypt_setup
 .text.tfm_crypto_aead_decrypt_setup
                0x0000000000000bd8        0x6 secure_fw/partitions/crypto/libtfm_psa_rot_partition_crypto.a(crypto_aead.o)
                0x0000000000000bd8                tfm_crypto_aead_decrypt_setup
 .text.tfm_crypto_aead_abort
                0x0000000000000bde        0x6 secure_fw/partitions/crypto/libtfm_psa_rot_partition_crypto.a(crypto_aead.o)
                0x0000000000000bde                tfm_crypto_aead_abort
 .text.tfm_crypto_aead_finish
                0x0000000000000be4        0x6 secure_fw/partitions/crypto/libtfm_psa_rot_partition_crypto.a(crypto_aead.o)
                0x0000000000000be4                tfm_crypto_aead_finish
 .text.tfm_crypto_aead_generate_nonce
                0x0000000000000bea        0x6 secure_fw/partitions/crypto/libtfm_psa_rot_partition_crypto.a(crypto_aead.o)
                0x0000000000000bea                tfm_crypto_aead_generate_nonce
 .text.tfm_crypto_aead_set_nonce
                0x0000000000000bf0        0x6 secure_fw/partitions/crypto/libtfm_psa_rot_partition_crypto.a(crypto_aead.o)
                0x0000000000000bf0                tfm_crypto_aead_set_nonce
 .text.tfm_crypto_aead_set_lengths
                0x0000000000000bf6        0x6 secure_fw/partitions/crypto/libtfm_psa_rot_partition_crypto.a(crypto_aead.o)
                0x0000000000000bf6                tfm_crypto_aead_set_lengths
 .text.tfm_crypto_aead_update
                0x0000000000000bfc        0x6 secure_fw/partitions/crypto/libtfm_psa_rot_partition_crypto.a(crypto_aead.o)
                0x0000000000000bfc                tfm_crypto_aead_update
 .text.tfm_crypto_aead_update_ad
                0x0000000000000c02        0x6 secure_fw/partitions/crypto/libtfm_psa_rot_partition_crypto.a(crypto_aead.o)
                0x0000000000000c02                tfm_crypto_aead_update_ad
 .text.tfm_crypto_aead_verify
                0x0000000000000c08        0x6 secure_fw/partitions/crypto/libtfm_psa_rot_partition_crypto.a(crypto_aead.o)
                0x0000000000000c08                tfm_crypto_aead_verify
 .text.tfm_crypto_sign_message
                0x0000000000000c0e        0x6 secure_fw/partitions/crypto/libtfm_psa_rot_partition_crypto.a(crypto_asymmetric.o)
                0x0000000000000c0e                tfm_crypto_sign_message
 .text.tfm_crypto_verify_message
                0x0000000000000c14        0x6 secure_fw/partitions/crypto/libtfm_psa_rot_partition_crypto.a(crypto_asymmetric.o)
                0x0000000000000c14                tfm_crypto_verify_message
 .text.tfm_crypto_sign_hash
                0x0000000000000c1a        0x6 secure_fw/partitions/crypto/libtfm_psa_rot_partition_crypto.a(crypto_asymmetric.o)
                0x0000000000000c1a                tfm_crypto_sign_hash
 .text.tfm_crypto_verify_hash
                0x0000000000000c20        0x6 secure_fw/partitions/crypto/libtfm_psa_rot_partition_crypto.a(crypto_asymmetric.o)
                0x0000000000000c20                tfm_crypto_verify_hash
 .text.tfm_crypto_asymmetric_encrypt
                0x0000000000000c26        0x6 secure_fw/partitions/crypto/libtfm_psa_rot_partition_crypto.a(crypto_asymmetric.o)
                0x0000000000000c26                tfm_crypto_asymmetric_encrypt
 .text.tfm_crypto_asymmetric_decrypt
                0x0000000000000c2c        0x6 secure_fw/partitions/crypto/libtfm_psa_rot_partition_crypto.a(crypto_asymmetric.o)
                0x0000000000000c2c                tfm_crypto_asymmetric_decrypt
 .text.tfm_crypto_key_derivation_setup
                0x0000000000000c32        0x6 secure_fw/partitions/crypto/libtfm_psa_rot_partition_crypto.a(crypto_key_derivation.o)
                0x0000000000000c32                tfm_crypto_key_derivation_setup
 .text.tfm_crypto_key_derivation_get_capacity
                0x0000000000000c38        0x6 secure_fw/partitions/crypto/libtfm_psa_rot_partition_crypto.a(crypto_key_derivation.o)
                0x0000000000000c38                tfm_crypto_key_derivation_get_capacity
 .text.tfm_crypto_key_derivation_set_capacity
                0x0000000000000c3e        0x6 secure_fw/partitions/crypto/libtfm_psa_rot_partition_crypto.a(crypto_key_derivation.o)
                0x0000000000000c3e                tfm_crypto_key_derivation_set_capacity
 .text.tfm_crypto_key_derivation_input_bytes
                0x0000000000000c44        0x6 secure_fw/partitions/crypto/libtfm_psa_rot_partition_crypto.a(crypto_key_derivation.o)
                0x0000000000000c44                tfm_crypto_key_derivation_input_bytes
 .text.tfm_crypto_key_derivation_output_bytes
                0x0000000000000c4a        0x6 secure_fw/partitions/crypto/libtfm_psa_rot_partition_crypto.a(crypto_key_derivation.o)
                0x0000000000000c4a                tfm_crypto_key_derivation_output_bytes
 .text.tfm_crypto_key_derivation_input_key
                0x0000000000000c50        0x6 secure_fw/partitions/crypto/libtfm_psa_rot_partition_crypto.a(crypto_key_derivation.o)
                0x0000000000000c50                tfm_crypto_key_derivation_input_key
 .text.tfm_crypto_key_derivation_output_key
                0x0000000000000c56        0x6 secure_fw/partitions/crypto/libtfm_psa_rot_partition_crypto.a(crypto_key_derivation.o)
                0x0000000000000c56                tfm_crypto_key_derivation_output_key
 .text.tfm_crypto_key_derivation_abort
                0x0000000000000c5c        0x6 secure_fw/partitions/crypto/libtfm_psa_rot_partition_crypto.a(crypto_key_derivation.o)
                0x0000000000000c5c                tfm_crypto_key_derivation_abort
 .text.tfm_crypto_key_derivation_key_agreement
                0x0000000000000c62        0x6 secure_fw/partitions/crypto/libtfm_psa_rot_partition_crypto.a(crypto_key_derivation.o)
                0x0000000000000c62                tfm_crypto_key_derivation_key_agreement
 .text.tfm_crypto_raw_key_agreement
                0x0000000000000c68        0x6 secure_fw/partitions/crypto/libtfm_psa_rot_partition_crypto.a(crypto_key_derivation.o)
                0x0000000000000c68                tfm_crypto_raw_key_agreement
 .text.tfm_crypto_import_key
                0x0000000000000c6e        0x6 secure_fw/partitions/crypto/libtfm_psa_rot_partition_crypto.a(crypto_key_management.o)
                0x0000000000000c6e                tfm_crypto_import_key
 .text.tfm_crypto_open_key
                0x0000000000000c74        0x6 secure_fw/partitions/crypto/libtfm_psa_rot_partition_crypto.a(crypto_key_management.o)
                0x0000000000000c74                tfm_crypto_open_key
 .text.tfm_crypto_close_key
                0x0000000000000c7a        0x6 secure_fw/partitions/crypto/libtfm_psa_rot_partition_crypto.a(crypto_key_management.o)
                0x0000000000000c7a                tfm_crypto_close_key
 .text.tfm_crypto_destroy_key
                0x0000000000000c80        0x6 secure_fw/partitions/crypto/libtfm_psa_rot_partition_crypto.a(crypto_key_management.o)
                0x0000000000000c80                tfm_crypto_destroy_key
 .text.tfm_crypto_get_key_attributes
                0x0000000000000c86        0x6 secure_fw/partitions/crypto/libtfm_psa_rot_partition_crypto.a(crypto_key_management.o)
                0x0000000000000c86                tfm_crypto_get_key_attributes
 .text.tfm_crypto_reset_key_attributes
                0x0000000000000c8c        0x6 secure_fw/partitions/crypto/libtfm_psa_rot_partition_crypto.a(crypto_key_management.o)
                0x0000000000000c8c                tfm_crypto_reset_key_attributes
 .text.tfm_crypto_export_key
                0x0000000000000c92        0x6 secure_fw/partitions/crypto/libtfm_psa_rot_partition_crypto.a(crypto_key_management.o)
                0x0000000000000c92                tfm_crypto_export_key
 .text.tfm_crypto_export_public_key
                0x0000000000000c98        0x6 secure_fw/partitions/crypto/libtfm_psa_rot_partition_crypto.a(crypto_key_management.o)
                0x0000000000000c98                tfm_crypto_export_public_key
 .text.tfm_crypto_purge_key
                0x0000000000000c9e        0x6 secure_fw/partitions/crypto/libtfm_psa_rot_partition_crypto.a(crypto_key_management.o)
                0x0000000000000c9e                tfm_crypto_purge_key
 .text.tfm_crypto_copy_key
                0x0000000000000ca4        0x6 secure_fw/partitions/crypto/libtfm_psa_rot_partition_crypto.a(crypto_key_management.o)
                0x0000000000000ca4                tfm_crypto_copy_key
 .text.tfm_crypto_generate_key
                0x0000000000000caa        0x6 secure_fw/partitions/crypto/libtfm_psa_rot_partition_crypto.a(crypto_key_management.o)
                0x0000000000000caa                tfm_crypto_generate_key
 .text.tfm_crypto_generate_random
                0x0000000000000cb0       0x1c secure_fw/partitions/crypto/libtfm_psa_rot_partition_crypto.a(crypto_rng.o)
                0x0000000000000cb0                tfm_crypto_generate_random
 .text.platform_sp_nv_counter_ipc
                0x0000000000000ccc        0x6 secure_fw/partitions/platform/libtfm_psa_rot_partition_platform.a(platform_sp.o)
 .text.platform_sp_system_reset_ipc
                0x0000000000000cd2        0xa secure_fw/partitions/platform/libtfm_psa_rot_partition_platform.a(platform_sp.o)
 .text.platform_sp_ioctl_ipc
                0x0000000000000cdc       0xf0 secure_fw/partitions/platform/libtfm_psa_rot_partition_platform.a(platform_sp.o)
 .text.platform_signal_handle
                0x0000000000000dcc       0x3a secure_fw/partitions/platform/libtfm_psa_rot_partition_platform.a(platform_sp.o)
 .text.platform_sp_system_reset
                0x0000000000000e06        0xa secure_fw/partitions/platform/libtfm_psa_rot_partition_platform.a(platform_sp.o)
                0x0000000000000e06                platform_sp_system_reset
 .text.platform_sp_init
                0x0000000000000e10       0x48 secure_fw/partitions/platform/libtfm_psa_rot_partition_platform.a(platform_sp.o)
                0x0000000000000e10                platform_sp_init
 *tfm_psa_rot_partition*:*(.rodata*)
 .rodata.sfid_func_table
                0x0000000000000e58      0x104 secure_fw/partitions/crypto/libtfm_psa_rot_partition_crypto.a(crypto_init.o)
 *(TFM_*_PSA-ROT_ATTR_FN)
                0x0000000000000f60                . = ALIGN (0x20)
 *fill*         0x0000000000000f5c        0x4 
                0x0000000000000960                Image$$TFM_PSA_ROT_LINKER$$RO$$Base = ADDR (.TFM_PSA_ROT_LINKER)
                0x0000000000000f60                Image$$TFM_PSA_ROT_LINKER$$RO$$Limit = (ADDR (.TFM_PSA_ROT_LINKER) + SIZEOF (.TFM_PSA_ROT_LINKER))
                0x0000000000000960                Image$$TFM_PSA_ROT_LINKER$$Base = ADDR (.TFM_PSA_ROT_LINKER)
                0x0000000000000f60                Image$$TFM_PSA_ROT_LINKER$$Limit = (ADDR (.TFM_PSA_ROT_LINKER) + SIZEOF (.TFM_PSA_ROT_LINKER))
                0x0000000000000f60                Image$$TFM_PSA_CODE_END$$Base = .
                0x0000000000000f60                Image$$TFM_APP_CODE_START$$Base = .

.TFM_APP_ROT_LINKER
                0x0000000000000f60        0x0
 *tfm_app_rot_partition*:*(.text*)
 *tfm_app_rot_partition*:*(.rodata*)
 *(TFM_*_APP-ROT_ATTR_FN)
                0x0000000000000f60                . = ALIGN (0x20)
                0x0000000000000f60                Image$$TFM_APP_ROT_LINKER$$RO$$Base = ADDR (.TFM_APP_ROT_LINKER)
                0x0000000000000f60                Image$$TFM_APP_ROT_LINKER$$RO$$Limit = (ADDR (.TFM_APP_ROT_LINKER) + SIZEOF (.TFM_APP_ROT_LINKER))
                0x0000000000000f60                Image$$TFM_APP_ROT_LINKER$$Base = ADDR (.TFM_APP_ROT_LINKER)
                0x0000000000000f60                Image$$TFM_APP_ROT_LINKER$$Limit = (ADDR (.TFM_APP_ROT_LINKER) + SIZEOF (.TFM_APP_ROT_LINKER))
                0x0000000000000f60                Image$$TFM_APP_CODE_END$$Base = .

.ER_TFM_CODE    0x0000000000000f60     0x4244
 *(.text*)
 .text          0x0000000000000f60       0x88 /opt/nordic/ncs/toolchains/v2.3.0/opt/zephyr-sdk/arm-zephyr-eabi/bin/../lib/gcc/arm-zephyr-eabi/12.1.0/thumb/v8-m.main/nofp/crtbegin.o
 .text          0x0000000000000fe8       0x7c /opt/nordic/ncs/toolchains/v2.3.0/opt/zephyr-sdk/arm-zephyr-eabi/bin/../lib/gcc/arm-zephyr-eabi/12.1.0/../../../../arm-zephyr-eabi/lib/thumb/v8-m.main/nofp/crt0.o
                0x0000000000000fe8                _stack_init
                0x0000000000000ff0                _mainCRTStartup
                0x0000000000000ff0                _start
 .text.C_HardFault_Handler
                0x0000000000001064        0x4 secure_fw/CMakeFiles/tfm_s.dir/__/platform/ext/common/faults.o
                0x0000000000001064                C_HardFault_Handler
 .text.HardFault_Handler
                0x0000000000001068        0x6 secure_fw/CMakeFiles/tfm_s.dir/__/platform/ext/common/faults.o
                0x0000000000001068                HardFault_Handler
 .text.C_MemManage_Handler
                0x000000000000106e        0x4 secure_fw/CMakeFiles/tfm_s.dir/__/platform/ext/common/faults.o
                0x000000000000106e                C_MemManage_Handler
 .text.MemManage_Handler
                0x0000000000001072        0x6 secure_fw/CMakeFiles/tfm_s.dir/__/platform/ext/common/faults.o
                0x0000000000001072                MemManage_Handler
 .text.C_BusFault_Handler
                0x0000000000001078        0x4 secure_fw/CMakeFiles/tfm_s.dir/__/platform/ext/common/faults.o
                0x0000000000001078                C_BusFault_Handler
 .text.BusFault_Handler
                0x000000000000107c        0x6 secure_fw/CMakeFiles/tfm_s.dir/__/platform/ext/common/faults.o
                0x000000000000107c                BusFault_Handler
 .text.C_SecureFault_Handler
                0x0000000000001082        0x4 secure_fw/CMakeFiles/tfm_s.dir/__/platform/ext/common/faults.o
                0x0000000000001082                C_SecureFault_Handler
 .text.SecureFault_Handler
                0x0000000000001086        0x6 secure_fw/CMakeFiles/tfm_s.dir/__/platform/ext/common/faults.o
                0x0000000000001086                SecureFault_Handler
 .text.C_UsageFault_Handler
                0x000000000000108c        0x4 secure_fw/CMakeFiles/tfm_s.dir/__/platform/ext/common/faults.o
                0x000000000000108c                C_UsageFault_Handler
 .text.UsageFault_Handler
                0x0000000000001090        0x6 secure_fw/CMakeFiles/tfm_s.dir/__/platform/ext/common/faults.o
                0x0000000000001090                UsageFault_Handler
 .text.nrf91_errata_14
                0x0000000000001096       0x20 platform/libplatform_s.a(system_nrf9160.o)
 *fill*         0x00000000000010b6        0x2 
 .text.SystemInit
                0x00000000000010b8      0x194 platform/libplatform_s.a(system_nrf9160.o)
                0x00000000000010b8                SystemInit
 .text.startup.main
                0x000000000000124c       0x4c secure_fw/spm/libtfm_spm.a(main.o)
                0x000000000000124c                main
 .text.cross_call_entering_c
                0x0000000000001298       0x2c secure_fw/spm/libtfm_spm.a(spm_cross_call.o)
                0x0000000000001298                cross_call_entering_c
 .text.cross_call_exiting_c
                0x00000000000012c4       0x30 secure_fw/spm/libtfm_spm.a(spm_cross_call.o)
                0x00000000000012c4                cross_call_exiting_c
 .text.spm_interface_cross_dispatcher
                0x00000000000012f4       0x38 secure_fw/spm/libtfm_spm.a(spm_cross_call.o)
                0x00000000000012f4                spm_interface_cross_dispatcher
 .text.spm_handle_programmer_errors
                0x000000000000132c       0x18 secure_fw/spm/libtfm_spm.a(psa_api.o)
                0x000000000000132c                spm_handle_programmer_errors
 .text.tfm_spm_get_lifecycle_state
                0x0000000000001344        0x4 secure_fw/spm/libtfm_spm.a(psa_api.o)
                0x0000000000001344                tfm_spm_get_lifecycle_state
 .text.tfm_spm_client_psa_framework_version
                0x0000000000001348        0x6 secure_fw/spm/libtfm_spm.a(psa_api.o)
                0x0000000000001348                tfm_spm_client_psa_framework_version
 .text.tfm_spm_client_psa_version
                0x000000000000134e       0x2c secure_fw/spm/libtfm_spm.a(psa_api.o)
                0x000000000000134e                tfm_spm_client_psa_version
 *fill*         0x000000000000137a        0x2 
 .text.tfm_spm_client_psa_call
                0x000000000000137c      0x1e8 secure_fw/spm/libtfm_spm.a(psa_api.o)
                0x000000000000137c                tfm_spm_client_psa_call
 .text.tfm_spm_client_psa_connect
                0x0000000000001564       0xa4 secure_fw/spm/libtfm_spm.a(psa_api.o)
                0x0000000000001564                tfm_spm_client_psa_connect
 .text.tfm_spm_client_psa_close
                0x0000000000001608       0x74 secure_fw/spm/libtfm_spm.a(psa_api.o)
                0x0000000000001608                tfm_spm_client_psa_close
 .text.tfm_spm_partition_psa_wait
                0x000000000000167c       0x40 secure_fw/spm/libtfm_spm.a(psa_api.o)
                0x000000000000167c                tfm_spm_partition_psa_wait
 .text.tfm_spm_partition_psa_get
                0x00000000000016bc       0x68 secure_fw/spm/libtfm_spm.a(psa_api.o)
                0x00000000000016bc                tfm_spm_partition_psa_get
 .text.tfm_spm_partition_psa_read
                0x0000000000001724       0x72 secure_fw/spm/libtfm_spm.a(psa_api.o)
                0x0000000000001724                tfm_spm_partition_psa_read
 .text.tfm_spm_partition_psa_skip
                0x0000000000001796       0x46 secure_fw/spm/libtfm_spm.a(psa_api.o)
                0x0000000000001796                tfm_spm_partition_psa_skip
 .text.tfm_spm_partition_psa_write
                0x00000000000017dc       0x6c secure_fw/spm/libtfm_spm.a(psa_api.o)
                0x00000000000017dc                tfm_spm_partition_psa_write
 .text.tfm_spm_partition_psa_reply
                0x0000000000001848       0xa4 secure_fw/spm/libtfm_spm.a(psa_api.o)
                0x0000000000001848                tfm_spm_partition_psa_reply
 .text.tfm_spm_partition_psa_notify
                0x00000000000018ec       0x10 secure_fw/spm/libtfm_spm.a(psa_api.o)
                0x00000000000018ec                tfm_spm_partition_psa_notify
 .text.tfm_spm_partition_psa_clear
                0x00000000000018fc       0x2c secure_fw/spm/libtfm_spm.a(psa_api.o)
                0x00000000000018fc                tfm_spm_partition_psa_clear
 .text.tfm_spm_partition_psa_panic
                0x0000000000001928        0x4 secure_fw/spm/libtfm_spm.a(psa_api.o)
                0x0000000000001928                tfm_spm_partition_psa_panic
 .text.tfm_spm_partition_psa_set_rhandle
                0x000000000000192c       0x24 secure_fw/spm/libtfm_spm.a(psa_api.o)
                0x000000000000192c                tfm_spm_partition_psa_set_rhandle
 .text.ipc_wake_up
                0x0000000000001950       0x16 secure_fw/spm/libtfm_spm.a(backend_ipc.o)
 .text.ipc_replying
                0x0000000000001966        0xc secure_fw/spm/libtfm_spm.a(backend_ipc.o)
 *fill*         0x0000000000001972        0x2 
 .text.ipc_wait
                0x0000000000001974       0x28 secure_fw/spm/libtfm_spm.a(backend_ipc.o)
 .text.ipc_messaging
                0x000000000000199c       0x64 secure_fw/spm/libtfm_spm.a(backend_ipc.o)
 .text.ipc_system_run
                0x0000000000001a00       0x28 secure_fw/spm/libtfm_spm.a(backend_ipc.o)
 .text.ipc_comp_init_assuredly
                0x0000000000001a28       0xb8 secure_fw/spm/libtfm_spm.a(backend_ipc.o)
 .text.tfm_core_svc_handler
                0x0000000000001ae0      0x194 secure_fw/spm/libtfm_spm.a(tfm_core_svcalls_ipc.o)
                0x0000000000001ae0                tfm_core_svc_handler
 .text.tfm_core_handler_mode
                0x0000000000001c74        0x4 secure_fw/spm/libtfm_spm.a(tfm_core_svcalls_ipc.o)
                0x0000000000001c74                tfm_core_handler_mode
 .text.tfm_access_violation_handler
                0x0000000000001c78        0x4 secure_fw/spm/libtfm_spm.a(tfm_core_svcalls_ipc.o)
                0x0000000000001c78                tfm_access_violation_handler
 .text.thrd_next
                0x0000000000001c7c       0x18 secure_fw/spm/libtfm_spm.a(thread.o)
                0x0000000000001c7c                thrd_next
 .text.thrd_set_state
                0x0000000000001c94       0x28 secure_fw/spm/libtfm_spm.a(thread.o)
                0x0000000000001c94                thrd_set_state
 .text.thrd_start
                0x0000000000001cbc       0x44 secure_fw/spm/libtfm_spm.a(thread.o)
                0x0000000000001cbc                thrd_start
 .text.thrd_start_scheduler
                0x0000000000001d00       0x1c secure_fw/spm/libtfm_spm.a(thread.o)
                0x0000000000001d00                thrd_start_scheduler
 .text.thrd_set_wait
                0x0000000000001d1c       0x18 secure_fw/spm/libtfm_spm.a(thread.o)
                0x0000000000001d1c                thrd_set_wait
 .text.thrd_wake_up
                0x0000000000001d34       0x26 secure_fw/spm/libtfm_spm.a(thread.o)
                0x0000000000001d34                thrd_wake_up
 *fill*         0x0000000000001d5a        0x2 
 .text.arch_non_preempt_call
                0x0000000000001d5c       0x54 secure_fw/spm/libtfm_spm.a(tfm_arch_v8m_main.o)
                0x0000000000001d5c                arch_non_preempt_call
 .text.PendSV_Handler
                0x0000000000001db0       0x3c secure_fw/spm/libtfm_spm.a(tfm_arch_v8m_main.o)
                0x0000000000001db0                PendSV_Handler
 .text.SVC_Handler
                0x0000000000001dec       0x54 secure_fw/spm/libtfm_spm.a(tfm_arch_v8m_main.o)
                0x0000000000001dec                SVC_Handler
 .text.tfm_arch_set_secure_exception_priorities
                0x0000000000001e40       0x28 secure_fw/spm/libtfm_spm.a(tfm_arch_v8m_main.o)
                0x0000000000001e40                tfm_arch_set_secure_exception_priorities
 .text.tfm_arch_config_extensions
                0x0000000000001e68        0x2 secure_fw/spm/libtfm_spm.a(tfm_arch_v8m_main.o)
                0x0000000000001e68                tfm_arch_config_extensions
 .text.tfm_arch_clear_fp_status
                0x0000000000001e6a       0x12 secure_fw/spm/libtfm_spm.a(tfm_arch_v8m_main.o)
                0x0000000000001e6a                tfm_arch_clear_fp_status
 .text.ns_agent_tz_init_c
                0x0000000000001e7c       0x20 secure_fw/spm/libtfm_spm.a(ns_agent_tz.o)
 .text.ns_agent_tz_main
                0x0000000000001e9c       0x34 secure_fw/spm/libtfm_spm.a(ns_agent_tz.o)
                0x0000000000001e9c                ns_agent_tz_main
 .text.tfm_idle_thread
                0x0000000000001ed0       0x14 secure_fw/spm/libtfm_spm.a(idle_partition.o)
                0x0000000000001ed0                tfm_idle_thread
 .text.tfm_core_validate_boot_data
                0x0000000000001ee4        0xc secure_fw/spm/libtfm_spm.a(tfm_boot_data.o)
                0x0000000000001ee4                tfm_core_validate_boot_data
 .text.tfm_core_get_boot_data_handler
                0x0000000000001ef0       0x30 secure_fw/spm/libtfm_spm.a(tfm_boot_data.o)
                0x0000000000001ef0                tfm_core_get_boot_data_handler
 .text.spm_memcpy
                0x0000000000001f20       0x62 secure_fw/spm/libtfm_spm.a(tfm_core_utils.o)
                0x0000000000001f20                spm_memcpy
 .text.spm_memset
                0x0000000000001f82       0x3e secure_fw/spm/libtfm_spm.a(tfm_core_utils.o)
                0x0000000000001f82                spm_memset
 .text.tfm_core_panic
                0x0000000000001fc0        0x4 secure_fw/spm/libtfm_spm.a(utilities.o)
                0x0000000000001fc0                tfm_core_panic
 .text.tfm_arch_free_msp_and_exc_ret
                0x0000000000001fc4       0x10 secure_fw/spm/libtfm_spm.a(tfm_arch.o)
                0x0000000000001fc4                tfm_arch_free_msp_and_exc_ret
 .text.tfm_arch_set_context_ret_code
                0x0000000000001fd4       0x14 secure_fw/spm/libtfm_spm.a(tfm_arch.o)
                0x0000000000001fd4                tfm_arch_set_context_ret_code
 .text.tfm_arch_trigger_pendsv
                0x0000000000001fe8       0x18 secure_fw/spm/libtfm_spm.a(tfm_arch.o)
                0x0000000000001fe8                tfm_arch_trigger_pendsv
 .text.tfm_arch_init_context
                0x0000000000002000       0x44 secure_fw/spm/libtfm_spm.a(tfm_arch.o)
                0x0000000000002000                tfm_arch_init_context
 .text.tfm_arch_refresh_hardware_context
                0x0000000000002044       0x12 secure_fw/spm/libtfm_spm.a(tfm_arch.o)
                0x0000000000002044                tfm_arch_refresh_hardware_context
 *fill*         0x0000000000002056        0x2 
 .text.tfm_spm_to_user_handle
                0x0000000000002058       0x20 secure_fw/spm/libtfm_spm.a(spm_ipc.o)
                0x0000000000002058                tfm_spm_to_user_handle
 .text.tfm_spm_to_handle_instance
                0x0000000000002078       0x10 secure_fw/spm/libtfm_spm.a(spm_ipc.o)
                0x0000000000002078                tfm_spm_to_handle_instance
 .text.tfm_spm_create_conn_handle
                0x0000000000002088       0x20 secure_fw/spm/libtfm_spm.a(spm_ipc.o)
                0x0000000000002088                tfm_spm_create_conn_handle
 .text.tfm_spm_validate_conn_handle
                0x00000000000020a8       0x1c secure_fw/spm/libtfm_spm.a(spm_ipc.o)
                0x00000000000020a8                tfm_spm_validate_conn_handle
 .text.tfm_spm_free_conn_handle
                0x00000000000020c4       0x1c secure_fw/spm/libtfm_spm.a(spm_ipc.o)
                0x00000000000020c4                tfm_spm_free_conn_handle
 .text.spm_get_handle_by_signal
                0x00000000000020e0       0x4a secure_fw/spm/libtfm_spm.a(spm_ipc.o)
                0x00000000000020e0                spm_get_handle_by_signal
 *fill*         0x000000000000212a        0x2 
 .text.tfm_spm_get_service_by_sid
                0x000000000000212c       0x2c secure_fw/spm/libtfm_spm.a(spm_ipc.o)
                0x000000000000212c                tfm_spm_get_service_by_sid
 .text.tfm_spm_get_partition_by_id
                0x0000000000002158       0x1c secure_fw/spm/libtfm_spm.a(spm_ipc.o)
                0x0000000000002158                tfm_spm_get_partition_by_id
 .text.tfm_spm_check_client_version
                0x0000000000002174       0x24 secure_fw/spm/libtfm_spm.a(spm_ipc.o)
                0x0000000000002174                tfm_spm_check_client_version
 .text.tfm_spm_check_authorization
                0x0000000000002198       0x4c secure_fw/spm/libtfm_spm.a(spm_ipc.o)
                0x0000000000002198                tfm_spm_check_authorization
 .text.spm_get_handle_by_client_handle
                0x00000000000021e4       0x20 secure_fw/spm/libtfm_spm.a(spm_ipc.o)
                0x00000000000021e4                spm_get_handle_by_client_handle
 .text.spm_fill_message
                0x0000000000002204       0x98 secure_fw/spm/libtfm_spm.a(spm_ipc.o)
                0x0000000000002204                spm_fill_message
 .text.tfm_spm_partition_get_running_partition_id
                0x000000000000229c       0x20 secure_fw/spm/libtfm_spm.a(spm_ipc.o)
                0x000000000000229c                tfm_spm_partition_get_running_partition_id
 .text.spm_get_handle_by_msg_handle
                0x00000000000022bc       0x28 secure_fw/spm/libtfm_spm.a(spm_ipc.o)
                0x00000000000022bc                spm_get_handle_by_msg_handle
 .text.tfm_memory_check
                0x00000000000022e4       0x40 secure_fw/spm/libtfm_spm.a(spm_ipc.o)
                0x00000000000022e4                tfm_memory_check
 .text.tfm_spm_is_ns_caller
                0x0000000000002324       0x24 secure_fw/spm/libtfm_spm.a(spm_ipc.o)
                0x0000000000002324                tfm_spm_is_ns_caller
 .text.tfm_spm_get_client_id
                0x0000000000002348       0x20 secure_fw/spm/libtfm_spm.a(spm_ipc.o)
                0x0000000000002348                tfm_spm_get_client_id
 .text.tfm_spm_init
                0x0000000000002368       0x9c secure_fw/spm/libtfm_spm.a(spm_ipc.o)
                0x0000000000002368                tfm_spm_init
 .text.do_schedule
                0x0000000000002404       0x7c secure_fw/spm/libtfm_spm.a(spm_ipc.o)
                0x0000000000002404                do_schedule
 .text.update_caller_outvec_len
                0x0000000000002480       0x24 secure_fw/spm/libtfm_spm.a(spm_ipc.o)
                0x0000000000002480                update_caller_outvec_len
 .text.spm_assert_signal
                0x00000000000024a4       0x30 secure_fw/spm/libtfm_spm.a(spm_ipc.o)
                0x00000000000024a4                spm_assert_signal
 .text.load_a_partition_assuredly
                0x00000000000024d4       0xd0 secure_fw/spm/libtfm_spm.a(static_load.o)
                0x00000000000024d4                load_a_partition_assuredly
 .text.load_services_assuredly
                0x00000000000025a4       0xc4 secure_fw/spm/libtfm_spm.a(static_load.o)
                0x00000000000025a4                load_services_assuredly
 .text.load_irqs_assuredly
                0x0000000000002668       0x7e secure_fw/spm/libtfm_spm.a(static_load.o)
                0x0000000000002668                load_irqs_assuredly
 *fill*         0x00000000000026e6        0x2 
 .text.tfm_pool_init
                0x00000000000026e8       0x5c secure_fw/spm/libtfm_spm.a(tfm_pools.o)
                0x00000000000026e8                tfm_pool_init
 .text.tfm_pool_alloc
                0x0000000000002744       0x16 secure_fw/spm/libtfm_spm.a(tfm_pools.o)
                0x0000000000002744                tfm_pool_alloc
 .text.tfm_pool_free
                0x000000000000275a        0xc secure_fw/spm/libtfm_spm.a(tfm_pools.o)
                0x000000000000275a                tfm_pool_free
 .text.is_valid_chunk_data_in_pool
                0x0000000000002766       0x2e secure_fw/spm/libtfm_spm.a(tfm_pools.o)
                0x0000000000002766                is_valid_chunk_data_in_pool
 .text.tfm_nspm_get_current_client_id
                0x0000000000002794        0x6 secure_fw/spm/libtfm_spm.a(tfm_spm_ns_ctx.o)
                0x0000000000002794                tfm_nspm_get_current_client_id
 .text.tfm_nspm_ctx_init
                0x000000000000279a        0x2 secure_fw/spm/libtfm_spm.a(tfm_spm_ns_ctx.o)
                0x000000000000279a                tfm_nspm_ctx_init
 .text.verify_header
                0x000000000000279c       0x40 secure_fw/partitions/crypto/mbedcrypto/nrf_security_src/libcrypto_service_mbedcrypto.a(memory_buffer_alloc.o)
 .text.verify_chain
                0x00000000000027dc       0x3c secure_fw/partitions/crypto/mbedcrypto/nrf_security_src/libcrypto_service_mbedcrypto.a(memory_buffer_alloc.o)
 .text.buffer_alloc_calloc
                0x0000000000002818       0xf4 secure_fw/partitions/crypto/mbedcrypto/nrf_security_src/libcrypto_service_mbedcrypto.a(memory_buffer_alloc.o)
 .text.buffer_alloc_free
                0x000000000000290c       0xe8 secure_fw/partitions/crypto/mbedcrypto/nrf_security_src/libcrypto_service_mbedcrypto.a(memory_buffer_alloc.o)
 .text.mbedtls_memory_buffer_alloc_init
                0x00000000000029f4       0x64 secure_fw/partitions/crypto/mbedcrypto/nrf_security_src/libcrypto_service_mbedcrypto.a(memory_buffer_alloc.o)
                0x00000000000029f4                mbedtls_memory_buffer_alloc_init
 .text.psa_remove_key_data_from_memory
                0x0000000000002a58       0x1c secure_fw/partitions/crypto/mbedcrypto/nrf_security_src/libcrypto_service_mbedcrypto.a(psa_crypto.o)
                0x0000000000002a58                psa_remove_key_data_from_memory
 .text.psa_wipe_key_slot
                0x0000000000002a74       0x22 secure_fw/partitions/crypto/mbedcrypto/nrf_security_src/libcrypto_service_mbedcrypto.a(psa_crypto.o)
                0x0000000000002a74                psa_wipe_key_slot
 *fill*         0x0000000000002a96        0x2 
 .text.mbedcrypto__psa_generate_random
                0x0000000000002a98       0x38 secure_fw/partitions/crypto/mbedcrypto/nrf_security_src/libcrypto_service_mbedcrypto.a(psa_crypto.o)
                0x0000000000002a98                mbedcrypto__psa_generate_random
 .text.mbedtls_psa_crypto_free
                0x0000000000002ad0       0x30 secure_fw/partitions/crypto/mbedcrypto/nrf_security_src/libcrypto_service_mbedcrypto.a(psa_crypto.o)
                0x0000000000002ad0                mbedtls_psa_crypto_free
 .text.mbedcrypto__psa_crypto_init
                0x0000000000002b00       0x48 secure_fw/partitions/crypto/mbedcrypto/nrf_security_src/libcrypto_service_mbedcrypto.a(psa_crypto.o)
                0x0000000000002b00                mbedcrypto__psa_crypto_init
 .text.psa_initialize_key_slots
                0x0000000000002b48       0x18 secure_fw/partitions/crypto/mbedcrypto/nrf_security_src/libcrypto_service_mbedcrypto.a(psa_crypto_slot_management.o)
                0x0000000000002b48                psa_initialize_key_slots
 .text.psa_wipe_all_key_slots
                0x0000000000002b60       0x2c secure_fw/partitions/crypto/mbedcrypto/nrf_security_src/libcrypto_service_mbedcrypto.a(psa_crypto_slot_management.o)
                0x0000000000002b60                psa_wipe_all_key_slots
 .text.psa_driver_wrapper_init
                0x0000000000002b8c        0x4 secure_fw/partitions/crypto/mbedcrypto/nrf_security_src/libcrypto_service_mbedcrypto.a(psa_crypto_driver_wrappers.o)
                0x0000000000002b8c                psa_driver_wrapper_init
 .text.psa_driver_wrapper_free
                0x0000000000002b90        0x2 secure_fw/partitions/crypto/mbedcrypto/nrf_security_src/libcrypto_service_mbedcrypto.a(psa_crypto_driver_wrappers.o)
                0x0000000000002b90                psa_driver_wrapper_free
 .text.mbedtls_psa_external_get_random
                0x0000000000002b92       0x20 secure_fw/partitions/crypto/mbedcrypto/nrf_security_src/libcrypto_service_mbedcrypto.a(random_ext.o)
                0x0000000000002b92                mbedtls_psa_external_get_random
 .text.tfm_hal_bind_boundaries
                0x0000000000002bb2       0x3e platform/libplatform_s.a(tfm_hal_isolation.o)
                0x0000000000002bb2                tfm_hal_bind_boundaries
 .text.tfm_hal_update_boundaries
                0x0000000000002bf0       0x1e platform/libplatform_s.a(tfm_hal_isolation.o)
                0x0000000000002bf0                tfm_hal_update_boundaries
 .text.tfm_hal_memory_has_access
                0x0000000000002c0e      0x126 platform/libplatform_s.a(tfm_hal_isolation.o)
                0x0000000000002c0e                tfm_hal_memory_has_access
 .text.mpu_init_cfg
                0x0000000000002d34      0x11c platform/libplatform_s.a(tfm_hal_isolation.o)
                0x0000000000002d34                mpu_init_cfg
 .text.tfm_hal_set_up_static_boundaries
                0x0000000000002e50       0x24 platform/libplatform_s.a(tfm_hal_isolation.o)
                0x0000000000002e50                tfm_hal_set_up_static_boundaries
 .text.tfm_hal_platform_common_init
                0x0000000000002e74       0x32 platform/libplatform_s.a(tfm_hal_platform_common.o)
                0x0000000000002e74                tfm_hal_platform_common_init
 *fill*         0x0000000000002ea6        0x2 
 .text.tfm_hal_get_ns_VTOR
                0x0000000000002ea8        0xc platform/libplatform_s.a(tfm_hal_platform_common.o)
                0x0000000000002ea8                tfm_hal_get_ns_VTOR
 .text.tfm_hal_get_ns_MSP
                0x0000000000002eb4        0xc platform/libplatform_s.a(tfm_hal_platform_common.o)
                0x0000000000002eb4                tfm_hal_get_ns_MSP
 .text.tfm_hal_get_ns_entry_point
                0x0000000000002ec0        0xc platform/libplatform_s.a(tfm_hal_platform_common.o)
                0x0000000000002ec0                tfm_hal_get_ns_entry_point
 .text.tfm_hal_irq_enable
                0x0000000000002ecc       0x20 platform/libplatform_s.a(tfm_hal_nvic.o)
                0x0000000000002ecc                tfm_hal_irq_enable
 .text.tfm_hal_irq_disable
                0x0000000000002eec       0x28 platform/libplatform_s.a(tfm_hal_nvic.o)
                0x0000000000002eec                tfm_hal_irq_disable
 .text.enable_fault_handlers
                0x0000000000002f14       0x14 platform/libplatform_s.a(target_cfg.o)
                0x0000000000002f14                enable_fault_handlers
 .text.system_reset_cfg
                0x0000000000002f28       0x18 platform/libplatform_s.a(target_cfg.o)
                0x0000000000002f28                system_reset_cfg
 .text.init_debug
                0x0000000000002f40        0x4 platform/libplatform_s.a(target_cfg.o)
                0x0000000000002f40                init_debug
 .text.nvic_interrupt_target_state_cfg
                0x0000000000002f44       0x30 platform/libplatform_s.a(target_cfg.o)
                0x0000000000002f44                nvic_interrupt_target_state_cfg
 .text.nvic_interrupt_enable
                0x0000000000002f74       0x18 platform/libplatform_s.a(target_cfg.o)
                0x0000000000002f74                nvic_interrupt_enable
 .text.sau_and_idau_cfg
                0x0000000000002f8c       0x20 platform/libplatform_s.a(target_cfg.o)
                0x0000000000002f8c                sau_and_idau_cfg
 .text.spu_init_cfg
                0x0000000000002fac       0x34 platform/libplatform_s.a(target_cfg.o)
                0x0000000000002fac                spu_init_cfg
 .text.spu_periph_init_cfg
                0x0000000000002fe0      0x188 platform/libplatform_s.a(target_cfg.o)
                0x0000000000002fe0                spu_periph_init_cfg
 .text.tfm_hal_platform_init
                0x0000000000003168       0x30 platform/libplatform_s.a(tfm_hal_platform.o)
                0x0000000000003168                tfm_hal_platform_init
 .text.tfm_plat_otp_init
                0x0000000000003198        0x4 platform/libplatform_s.a(dummy_otp.o)
                0x0000000000003198                tfm_plat_otp_init
 .text.tfm_plat_provisioning_is_required
                0x000000000000319c        0x4 platform/libplatform_s.a(dummy_provisioning.o)
                0x000000000000319c                tfm_plat_provisioning_is_required
 .text.tfm_plat_provisioning_perform
                0x00000000000031a0        0x4 platform/libplatform_s.a(dummy_provisioning.o)
                0x00000000000031a0                tfm_plat_provisioning_perform
 .text.tfm_plat_provisioning_check_for_dummy_keys
                0x00000000000031a4        0x2 platform/libplatform_s.a(dummy_provisioning.o)
                0x00000000000031a4                tfm_plat_provisioning_check_for_dummy_keys
 *fill*         0x00000000000031a6        0x2 
 .text.tfm_platform_hal_system_reset
                0x00000000000031a8       0x24 platform/libplatform_s.a(tfm_platform_system.o)
                0x00000000000031a8                tfm_platform_hal_system_reset
 .text.tfm_platform_hal_ioctl
                0x00000000000031cc       0x10 platform/libplatform_s.a(tfm_platform_system.o)
                0x00000000000031cc                tfm_platform_hal_ioctl
 .text.tfm_hal_system_reset
                0x00000000000031dc       0x24 platform/libplatform_s.a(tfm_platform.o)
                0x00000000000031dc                tfm_hal_system_reset
 .text.mpu_armv8m_enable
                0x0000000000003200       0x34 platform/libplatform_s.a(mpu_armv8m_drv.o)
                0x0000000000003200                mpu_armv8m_enable
 .text.mpu_armv8m_region_enable
                0x0000000000003234       0x64 platform/libplatform_s.a(mpu_armv8m_drv.o)
                0x0000000000003234                mpu_armv8m_region_enable
 .text.mpu_armv8m_region_disable
                0x0000000000003298       0x14 platform/libplatform_s.a(mpu_armv8m_drv.o)
                0x0000000000003298                mpu_armv8m_region_disable
 .text.mpu_armv8m_clean
                0x00000000000032ac       0x1e platform/libplatform_s.a(mpu_armv8m_drv.o)
                0x00000000000032ac                mpu_armv8m_clean
 *fill*         0x00000000000032ca        0x2 
 .text.spu_enable_interrupts
                0x00000000000032cc       0x10 platform/libplatform_s.a(spu.o)
                0x00000000000032cc                spu_enable_interrupts
 .text.spu_regions_reset_unlocked_secure
                0x00000000000032dc       0x30 platform/libplatform_s.a(spu.o)
                0x00000000000032dc                spu_regions_reset_unlocked_secure
 .text.spu_regions_flash_config_non_secure
                0x000000000000330c       0x24 platform/libplatform_s.a(spu.o)
                0x000000000000330c                spu_regions_flash_config_non_secure
 .text.spu_regions_sram_config_non_secure
                0x0000000000003330       0x2c platform/libplatform_s.a(spu.o)
                0x0000000000003330                spu_regions_sram_config_non_secure
 .text.spu_regions_flash_config_non_secure_callable
                0x000000000000335c       0x30 platform/libplatform_s.a(spu.o)
                0x000000000000335c                spu_regions_flash_config_non_secure_callable
 .text.spu_regions_flash_get_base_address_in_region
                0x000000000000338c        0x4 platform/libplatform_s.a(spu.o)
                0x000000000000338c                spu_regions_flash_get_base_address_in_region
 .text.spu_regions_flash_get_last_address_in_region
                0x0000000000003390        0xa platform/libplatform_s.a(spu.o)
                0x0000000000003390                spu_regions_flash_get_last_address_in_region
 .text.spu_regions_flash_get_start_id
                0x000000000000339a        0x4 platform/libplatform_s.a(spu.o)
                0x000000000000339a                spu_regions_flash_get_start_id
 .text.spu_regions_flash_get_last_id
                0x000000000000339e        0x4 platform/libplatform_s.a(spu.o)
                0x000000000000339e                spu_regions_flash_get_last_id
 .text.spu_regions_flash_get_region_size
                0x00000000000033a2        0x6 platform/libplatform_s.a(spu.o)
                0x00000000000033a2                spu_regions_flash_get_region_size
 .text.spu_regions_sram_get_base_address_in_region
                0x00000000000033a8        0xa platform/libplatform_s.a(spu.o)
                0x00000000000033a8                spu_regions_sram_get_base_address_in_region
 *fill*         0x00000000000033b2        0x2 
 .text.spu_regions_sram_get_last_address_in_region
                0x00000000000033b4        0xc platform/libplatform_s.a(spu.o)
                0x00000000000033b4                spu_regions_sram_get_last_address_in_region
 .text.spu_regions_sram_get_start_id
                0x00000000000033c0        0x4 platform/libplatform_s.a(spu.o)
                0x00000000000033c0                spu_regions_sram_get_start_id
 .text.spu_regions_sram_get_last_id
                0x00000000000033c4        0x4 platform/libplatform_s.a(spu.o)
                0x00000000000033c4                spu_regions_sram_get_last_id
 .text.spu_regions_sram_get_region_size
                0x00000000000033c8        0x6 platform/libplatform_s.a(spu.o)
                0x00000000000033c8                spu_regions_sram_get_region_size
 *fill*         0x00000000000033ce        0x2 
 .text.spu_peripheral_config_non_secure
                0x00000000000033d0       0x18 platform/libplatform_s.a(spu.o)
                0x00000000000033d0                spu_peripheral_config_non_secure
 .text.tfm_platform_hal_read_service
                0x00000000000033e8       0x80 platform/libplatform_s.a(tfm_platform_hal_ioctl.o)
                0x00000000000033e8                tfm_platform_hal_read_service
 .text.nrf_cc3xx_platform_init_hmac_drbg
                0x0000000000003468       0x44 /opt/nordic/ncs/v2.3.0/nrfxlib/crypto/nrf_cc310_platform/lib/cortex-m33/soft-float/no-interrupts/libnrf_cc310_platform_0.9.16.a(nrf_cc3xx_platform.c.obj)
                0x0000000000003468                nrf_cc3xx_platform_init_hmac_drbg
 .text.nrf_cc3xx_platform_hmac_drbg_init
                0x00000000000034ac       0x64 /opt/nordic/ncs/v2.3.0/nrfxlib/crypto/nrf_cc310_platform/lib/cortex-m33/soft-float/no-interrupts/libnrf_cc310_platform_0.9.16.a(nrf_cc3xx_platform_hmac_drbg.c.obj)
                0x00000000000034ac                nrf_cc3xx_platform_hmac_drbg_init
 .text.nrf_cc3xx_platform_hmac_drbg_get
                0x0000000000003510       0x48 /opt/nordic/ncs/v2.3.0/nrfxlib/crypto/nrf_cc310_platform/lib/cortex-m33/soft-float/no-interrupts/libnrf_cc310_platform_0.9.16.a(nrf_cc3xx_platform_hmac_drbg.c.obj)
                0x0000000000003510                nrf_cc3xx_platform_hmac_drbg_get
 .text.mbedtls_zeroize_internal
                0x0000000000003558       0x14 /opt/nordic/ncs/v2.3.0/nrfxlib/crypto/nrf_cc310_platform/lib/cortex-m33/soft-float/no-interrupts/libnrf_cc310_platform_0.9.16.a(mbedtls_common.c.obj)
                0x0000000000003558                mbedtls_zeroize_internal
 .text.mbedtls_platform_zeroize
                0x000000000000356c       0x14 /opt/nordic/ncs/v2.3.0/nrfxlib/crypto/nrf_cc310_platform/lib/cortex-m33/soft-float/no-interrupts/libnrf_cc310_platform_0.9.16.a(mbedtls_common.c.obj)
                0x000000000000356c                mbedtls_platform_zeroize
 .text.cc_hmac_sha256_starts.constprop.0
                0x0000000000003580      0x108 /opt/nordic/ncs/v2.3.0/nrfxlib/crypto/nrf_cc310_platform/lib/cortex-m33/soft-float/no-interrupts/libnrf_cc310_platform_0.9.16.a(hmac_drbg_alt.c.obj)
 .text.cc_mbedtls_hmac_drbg_init
                0x0000000000003688       0x28 /opt/nordic/ncs/v2.3.0/nrfxlib/crypto/nrf_cc310_platform/lib/cortex-m33/soft-float/no-interrupts/libnrf_cc310_platform_0.9.16.a(hmac_drbg_alt.c.obj)
                0x0000000000003688                cc_mbedtls_hmac_drbg_init
 .text.cc_mbedtls_hmac_drbg_update
                0x00000000000036b0      0x170 /opt/nordic/ncs/v2.3.0/nrfxlib/crypto/nrf_cc310_platform/lib/cortex-m33/soft-float/no-interrupts/libnrf_cc310_platform_0.9.16.a(hmac_drbg_alt.c.obj)
                0x00000000000036b0                cc_mbedtls_hmac_drbg_update
 .text.cc_hmac_drbg_reseed_core
                0x0000000000003820       0xac /opt/nordic/ncs/v2.3.0/nrfxlib/crypto/nrf_cc310_platform/lib/cortex-m33/soft-float/no-interrupts/libnrf_cc310_platform_0.9.16.a(hmac_drbg_alt.c.obj)
 .text.cc_mbedtls_hmac_drbg_seed
                0x00000000000038cc       0x54 /opt/nordic/ncs/v2.3.0/nrfxlib/crypto/nrf_cc310_platform/lib/cortex-m33/soft-float/no-interrupts/libnrf_cc310_platform_0.9.16.a(hmac_drbg_alt.c.obj)
                0x00000000000038cc                cc_mbedtls_hmac_drbg_seed
 .text.cc_mbedtls_hmac_drbg_random_with_add
                0x0000000000003920      0x144 /opt/nordic/ncs/v2.3.0/nrfxlib/crypto/nrf_cc310_platform/lib/cortex-m33/soft-float/no-interrupts/libnrf_cc310_platform_0.9.16.a(hmac_drbg_alt.c.obj)
                0x0000000000003920                cc_mbedtls_hmac_drbg_random_with_add
 .text.entropy_update
                0x0000000000003a64       0x7c /opt/nordic/ncs/v2.3.0/nrfxlib/crypto/nrf_cc310_platform/lib/cortex-m33/soft-float/no-interrupts/libnrf_cc310_platform_0.9.16.a(entropy.c.obj)
 .text.entropy_gather_internal.part.0
                0x0000000000003ae0       0x88 /opt/nordic/ncs/v2.3.0/nrfxlib/crypto/nrf_cc310_platform/lib/cortex-m33/soft-float/no-interrupts/libnrf_cc310_platform_0.9.16.a(entropy.c.obj)
 .text.cc_mbedtls_entropy_init
                0x0000000000003b68       0x84 /opt/nordic/ncs/v2.3.0/nrfxlib/crypto/nrf_cc310_platform/lib/cortex-m33/soft-float/no-interrupts/libnrf_cc310_platform_0.9.16.a(entropy.c.obj)
                0x0000000000003b68                cc_mbedtls_entropy_init
 .text.cc_mbedtls_entropy_func
                0x0000000000003bec      0x10c /opt/nordic/ncs/v2.3.0/nrfxlib/crypto/nrf_cc310_platform/lib/cortex-m33/soft-float/no-interrupts/libnrf_cc310_platform_0.9.16.a(entropy.c.obj)
                0x0000000000003bec                cc_mbedtls_entropy_func
 .text.RndStartupTest.constprop.0
                0x0000000000003cf8       0x9c /opt/nordic/ncs/v2.3.0/nrfxlib/crypto/nrf_cc310_platform/lib/cortex-m33/soft-float/no-interrupts/libnrf_cc310_platform_0.9.16.a(cc_lib.c.obj)
 .text.CC_LibInit_HMAC_DRBG
                0x0000000000003d94       0xc0 /opt/nordic/ncs/v2.3.0/nrfxlib/crypto/nrf_cc310_platform/lib/cortex-m33/soft-float/no-interrupts/libnrf_cc310_platform_0.9.16.a(cc_lib.c.obj)
                0x0000000000003d94                CC_LibInit_HMAC_DRBG
 .text.CC_HalInit
                0x0000000000003e54        0x4 /opt/nordic/ncs/v2.3.0/nrfxlib/crypto/nrf_cc310_platform/lib/cortex-m33/soft-float/no-interrupts/libnrf_cc310_platform_0.9.16.a(cc_hal.c.obj)
                0x0000000000003e54                CC_HalInit
 .text.CC_HalTerminate
                0x0000000000003e58        0x4 /opt/nordic/ncs/v2.3.0/nrfxlib/crypto/nrf_cc310_platform/lib/cortex-m33/soft-float/no-interrupts/libnrf_cc310_platform_0.9.16.a(cc_hal.c.obj)
                0x0000000000003e58                CC_HalTerminate
 .text.CC_HalClearInterruptBit
                0x0000000000003e5c       0x1c /opt/nordic/ncs/v2.3.0/nrfxlib/crypto/nrf_cc310_platform/lib/cortex-m33/soft-float/no-interrupts/libnrf_cc310_platform_0.9.16.a(cc_hal.c.obj)
                0x0000000000003e5c                CC_HalClearInterruptBit
 .text.CC_HalMaskInterrupt
                0x0000000000003e78        0xc /opt/nordic/ncs/v2.3.0/nrfxlib/crypto/nrf_cc310_platform/lib/cortex-m33/soft-float/no-interrupts/libnrf_cc310_platform_0.9.16.a(cc_hal.c.obj)
                0x0000000000003e78                CC_HalMaskInterrupt
 .text.CC_HalWaitInterrupt
                0x0000000000003e84        0xc /opt/nordic/ncs/v2.3.0/nrfxlib/crypto/nrf_cc310_platform/lib/cortex-m33/soft-float/no-interrupts/libnrf_cc310_platform_0.9.16.a(cc_hal.c.obj)
                0x0000000000003e84                CC_HalWaitInterrupt
 .text.CC_HalWaitInterruptRND
                0x0000000000003e90        0xc /opt/nordic/ncs/v2.3.0/nrfxlib/crypto/nrf_cc310_platform/lib/cortex-m33/soft-float/no-interrupts/libnrf_cc310_platform_0.9.16.a(cc_hal.c.obj)
                0x0000000000003e90                CC_HalWaitInterruptRND
 .text.CC_PalInit
                0x0000000000003e9c       0x5c /opt/nordic/ncs/v2.3.0/nrfxlib/crypto/nrf_cc310_platform/lib/cortex-m33/soft-float/no-interrupts/libnrf_cc310_platform_0.9.16.a(cc_pal.c.obj)
                0x0000000000003e9c                CC_PalInit
 .text.CC_PalTerminate
                0x0000000000003ef8       0x34 /opt/nordic/ncs/v2.3.0/nrfxlib/crypto/nrf_cc310_platform/lib/cortex-m33/soft-float/no-interrupts/libnrf_cc310_platform_0.9.16.a(cc_pal.c.obj)
                0x0000000000003ef8                CC_PalTerminate
 .text.CC_PalDmaInit
                0x0000000000003f2c        0x4 /opt/nordic/ncs/v2.3.0/nrfxlib/crypto/nrf_cc310_platform/lib/cortex-m33/soft-float/no-interrupts/libnrf_cc310_platform_0.9.16.a(cc_pal_dma.c.obj)
                0x0000000000003f2c                CC_PalDmaInit
 .text.CC_PalDmaTerminate
                0x0000000000003f30        0x4 /opt/nordic/ncs/v2.3.0/nrfxlib/crypto/nrf_cc310_platform/lib/cortex-m33/soft-float/no-interrupts/libnrf_cc310_platform_0.9.16.a(cc_pal_dma.c.obj)
                0x0000000000003f30                CC_PalDmaTerminate
 .text.CC_PalWaitInterruptRND
                0x0000000000003f34       0x2c /opt/nordic/ncs/v2.3.0/nrfxlib/crypto/nrf_cc310_platform/lib/cortex-m33/soft-float/no-interrupts/libnrf_cc310_platform_0.9.16.a(cc_pal_interrupt_ctrl.c.obj)
                0x0000000000003f34                CC_PalWaitInterruptRND
 .text.CC_PalWaitInterrupt
                0x0000000000003f60       0x18 /opt/nordic/ncs/v2.3.0/nrfxlib/crypto/nrf_cc310_platform/lib/cortex-m33/soft-float/no-interrupts/libnrf_cc310_platform_0.9.16.a(cc_pal_interrupt_ctrl.c.obj)
                0x0000000000003f60                CC_PalWaitInterrupt
 .text.CC_PalMemCopyPlat
                0x0000000000003f78        0x4 /opt/nordic/ncs/v2.3.0/nrfxlib/crypto/nrf_cc310_platform/lib/cortex-m33/soft-float/no-interrupts/libnrf_cc310_platform_0.9.16.a(cc_pal_mem.c.obj)
                0x0000000000003f78                CC_PalMemCopyPlat
 .text.CC_PalMemSetZeroPlat
                0x0000000000003f7c        0x8 /opt/nordic/ncs/v2.3.0/nrfxlib/crypto/nrf_cc310_platform/lib/cortex-m33/soft-float/no-interrupts/libnrf_cc310_platform_0.9.16.a(cc_pal_mem.c.obj)
                0x0000000000003f7c                CC_PalMemSetZeroPlat
 .text.CC_PalMutexCreate
                0x0000000000003f84       0x14 /opt/nordic/ncs/v2.3.0/nrfxlib/crypto/nrf_cc310_platform/lib/cortex-m33/soft-float/no-interrupts/libnrf_cc310_platform_0.9.16.a(cc_pal_mutex.c.obj)
                0x0000000000003f84                CC_PalMutexCreate
 .text.CC_PalMutexDestroy
                0x0000000000003f98       0x14 /opt/nordic/ncs/v2.3.0/nrfxlib/crypto/nrf_cc310_platform/lib/cortex-m33/soft-float/no-interrupts/libnrf_cc310_platform_0.9.16.a(cc_pal_mutex.c.obj)
                0x0000000000003f98                CC_PalMutexDestroy
 .text.CC_PalMutexLock
                0x0000000000003fac       0x10 /opt/nordic/ncs/v2.3.0/nrfxlib/crypto/nrf_cc310_platform/lib/cortex-m33/soft-float/no-interrupts/libnrf_cc310_platform_0.9.16.a(cc_pal_mutex.c.obj)
                0x0000000000003fac                CC_PalMutexLock
 .text.CC_PalMutexUnlock
                0x0000000000003fbc       0x14 /opt/nordic/ncs/v2.3.0/nrfxlib/crypto/nrf_cc310_platform/lib/cortex-m33/soft-float/no-interrupts/libnrf_cc310_platform_0.9.16.a(cc_pal_mutex.c.obj)
                0x0000000000003fbc                CC_PalMutexUnlock
 .text.CC_PalPowerSaveModeInit
                0x0000000000003fd0       0x3c /opt/nordic/ncs/v2.3.0/nrfxlib/crypto/nrf_cc310_platform/lib/cortex-m33/soft-float/no-interrupts/libnrf_cc310_platform_0.9.16.a(cc_pal_pm.c.obj)
                0x0000000000003fd0                CC_PalPowerSaveModeInit
 .text.CC_PalPowerSaveModeSelect
                0x000000000000400c       0x84 /opt/nordic/ncs/v2.3.0/nrfxlib/crypto/nrf_cc310_platform/lib/cortex-m33/soft-float/no-interrupts/libnrf_cc310_platform_0.9.16.a(cc_pal_pm.c.obj)
                0x000000000000400c                CC_PalPowerSaveModeSelect
 .text.mutex_init
                0x0000000000004090        0xc /opt/nordic/ncs/v2.3.0/nrfxlib/crypto/nrf_cc310_platform/lib/cortex-m33/soft-float/no-interrupts/libnrf_cc310_platform_0.9.16.a(threading_alt.c.obj)
                0x0000000000004090                mutex_init
 .text.mutex_lock
                0x000000000000409c        0xc /opt/nordic/ncs/v2.3.0/nrfxlib/crypto/nrf_cc310_platform/lib/cortex-m33/soft-float/no-interrupts/libnrf_cc310_platform_0.9.16.a(threading_alt.c.obj)
                0x000000000000409c                mutex_lock
 .text.mutex_unlock
                0x00000000000040a8        0xc /opt/nordic/ncs/v2.3.0/nrfxlib/crypto/nrf_cc310_platform/lib/cortex-m33/soft-float/no-interrupts/libnrf_cc310_platform_0.9.16.a(threading_alt.c.obj)
                0x00000000000040a8                mutex_unlock
 .text.nrf_cc3xx_platform_abort
                0x00000000000040b4       0x24 /opt/nordic/ncs/v2.3.0/nrfxlib/crypto/nrf_cc310_platform/lib/cortex-m33/soft-float/no-interrupts/libnrf_cc310_platform_0.9.16.a(nrf_cc3xx_platform_abort.c.obj)
 .text.CC_PalAbort
                0x00000000000040d8       0x34 /opt/nordic/ncs/v2.3.0/nrfxlib/crypto/nrf_cc310_platform/lib/cortex-m33/soft-float/no-interrupts/libnrf_cc310_platform_0.9.16.a(nrf_cc3xx_platform_abort.c.obj)
                0x00000000000040d8                CC_PalAbort
 .text.mutex_free
                0x000000000000410c       0x34 /opt/nordic/ncs/v2.3.0/nrfxlib/crypto/nrf_cc310_platform/lib/cortex-m33/soft-float/no-interrupts/libnrf_cc310_platform_0.9.16.a(nrf_cc3xx_platform_mutex.c.obj)
 .text.mutex_lock
                0x0000000000004140       0x48 /opt/nordic/ncs/v2.3.0/nrfxlib/crypto/nrf_cc310_platform/lib/cortex-m33/soft-float/no-interrupts/libnrf_cc310_platform_0.9.16.a(nrf_cc3xx_platform_mutex.c.obj)
 .text.mutex_unlock
                0x0000000000004188       0x38 /opt/nordic/ncs/v2.3.0/nrfxlib/crypto/nrf_cc310_platform/lib/cortex-m33/soft-float/no-interrupts/libnrf_cc310_platform_0.9.16.a(nrf_cc3xx_platform_mutex.c.obj)
 .text.mutex_init
                0x00000000000041c0       0x20 /opt/nordic/ncs/v2.3.0/nrfxlib/crypto/nrf_cc310_platform/lib/cortex-m33/soft-float/no-interrupts/libnrf_cc310_platform_0.9.16.a(nrf_cc3xx_platform_mutex.c.obj)
 .text.startTrngHW
                0x00000000000041e0      0x150 /opt/nordic/ncs/v2.3.0/nrfxlib/crypto/nrf_cc310_platform/lib/cortex-m33/soft-float/no-interrupts/libnrf_cc310_platform_0.9.16.a(llf_rnd_trng90b.c.obj)
 .text.LLF_RND_RepetitionCounterTest.part.0
                0x0000000000004330       0x54 /opt/nordic/ncs/v2.3.0/nrfxlib/crypto/nrf_cc310_platform/lib/cortex-m33/soft-float/no-interrupts/libnrf_cc310_platform_0.9.16.a(llf_rnd_trng90b.c.obj)
 .text.LLF_RND_AdaptiveProportionTest
                0x0000000000004384       0x8c /opt/nordic/ncs/v2.3.0/nrfxlib/crypto/nrf_cc310_platform/lib/cortex-m33/soft-float/no-interrupts/libnrf_cc310_platform_0.9.16.a(llf_rnd_trng90b.c.obj)
                0x0000000000004384                LLF_RND_AdaptiveProportionTest
 .text.getTrngSource
                0x0000000000004410      0x2bc /opt/nordic/ncs/v2.3.0/nrfxlib/crypto/nrf_cc310_platform/lib/cortex-m33/soft-float/no-interrupts/libnrf_cc310_platform_0.9.16.a(llf_rnd_trng90b.c.obj)
 .text.LLF_RND_GetTrngSource
                0x00000000000046cc       0x18 /opt/nordic/ncs/v2.3.0/nrfxlib/crypto/nrf_cc310_platform/lib/cortex-m33/soft-float/no-interrupts/libnrf_cc310_platform_0.9.16.a(llf_rnd_trng90b.c.obj)
                0x00000000000046cc                LLF_RND_GetTrngSource
 .text.LLF_RND_RunTrngStartupTest
                0x00000000000046e4       0x1c /opt/nordic/ncs/v2.3.0/nrfxlib/crypto/nrf_cc310_platform/lib/cortex-m33/soft-float/no-interrupts/libnrf_cc310_platform_0.9.16.a(llf_rnd_trng90b.c.obj)
                0x00000000000046e4                LLF_RND_RunTrngStartupTest
 .text.mbedtls_hardware_poll
                0x0000000000004700      0x104 /opt/nordic/ncs/v2.3.0/nrfxlib/crypto/nrf_cc310_platform/lib/cortex-m33/soft-float/no-interrupts/libnrf_cc310_platform_0.9.16.a(trng_api.c.obj)
                0x0000000000004700                mbedtls_hardware_poll
 .text.cc_mbedtls_sha256_init
                0x0000000000004804       0x28 /opt/nordic/ncs/v2.3.0/nrfxlib/crypto/nrf_cc310_platform/lib/cortex-m33/soft-float/no-interrupts/libnrf_cc310_platform_0.9.16.a(sha256_alt.c.obj)
                0x0000000000004804                cc_mbedtls_sha256_init
 .text.cc_mbedtls_sha256_free
                0x000000000000482c        0xc /opt/nordic/ncs/v2.3.0/nrfxlib/crypto/nrf_cc310_platform/lib/cortex-m33/soft-float/no-interrupts/libnrf_cc310_platform_0.9.16.a(sha256_alt.c.obj)
                0x000000000000482c                cc_mbedtls_sha256_free
 .text.cc_mbedtls_sha256_starts
                0x0000000000004838       0x28 /opt/nordic/ncs/v2.3.0/nrfxlib/crypto/nrf_cc310_platform/lib/cortex-m33/soft-float/no-interrupts/libnrf_cc310_platform_0.9.16.a(sha256_alt.c.obj)
                0x0000000000004838                cc_mbedtls_sha256_starts
 .text.cc_mbedtls_sha256_update
                0x0000000000004860       0x54 /opt/nordic/ncs/v2.3.0/nrfxlib/crypto/nrf_cc310_platform/lib/cortex-m33/soft-float/no-interrupts/libnrf_cc310_platform_0.9.16.a(sha256_alt.c.obj)
                0x0000000000004860                cc_mbedtls_sha256_update
 .text.cc_mbedtls_sha256_finish
                0x00000000000048b4       0x48 /opt/nordic/ncs/v2.3.0/nrfxlib/crypto/nrf_cc310_platform/lib/cortex-m33/soft-float/no-interrupts/libnrf_cc310_platform_0.9.16.a(sha256_alt.c.obj)
                0x00000000000048b4                cc_mbedtls_sha256_finish
 .text.mbedtls_sha_starts_internal
                0x00000000000048fc       0x28 /opt/nordic/ncs/v2.3.0/nrfxlib/crypto/nrf_cc310_platform/lib/cortex-m33/soft-float/no-interrupts/libnrf_cc310_platform_0.9.16.a(mbedtls_hash_common.c.obj)
                0x00000000000048fc                mbedtls_sha_starts_internal
 .text.mbedtls_sha_finish_internal
                0x0000000000004924       0x5c /opt/nordic/ncs/v2.3.0/nrfxlib/crypto/nrf_cc310_platform/lib/cortex-m33/soft-float/no-interrupts/libnrf_cc310_platform_0.9.16.a(mbedtls_hash_common.c.obj)
                0x0000000000004924                mbedtls_sha_finish_internal
 .text.mbedtls_sha_update_internal
                0x0000000000004980      0x1f0 /opt/nordic/ncs/v2.3.0/nrfxlib/crypto/nrf_cc310_platform/lib/cortex-m33/soft-float/no-interrupts/libnrf_cc310_platform_0.9.16.a(mbedtls_hash_common.c.obj)
                0x0000000000004980                mbedtls_sha_update_internal
 .text.cc_mbedtls_sha256
                0x0000000000004b70       0x50 /opt/nordic/ncs/v2.3.0/nrfxlib/crypto/nrf_cc310_platform/lib/cortex-m33/soft-float/no-interrupts/libnrf_cc310_platform_0.9.16.a(sha256.c.obj)
                0x0000000000004b70                cc_mbedtls_sha256
 .text.RNG_PLAT_SetUserRngParameters
                0x0000000000004bc0       0x7c /opt/nordic/ncs/v2.3.0/nrfxlib/crypto/nrf_cc310_platform/lib/cortex-m33/soft-float/no-interrupts/libnrf_cc310_platform_0.9.16.a(cc_rng_plat.c.obj)
                0x0000000000004bc0                RNG_PLAT_SetUserRngParameters
 .text.CC_PalTrngParamGet
                0x0000000000004c3c      0x114 /opt/nordic/ncs/v2.3.0/nrfxlib/crypto/nrf_cc310_platform/lib/cortex-m33/soft-float/no-interrupts/libnrf_cc310_platform_0.9.16.a(cc_pal_trng.c.obj)
                0x0000000000004c3c                CC_PalTrngParamGet
 .text.LLF_RND_WaitRngInterrupt
                0x0000000000004d50       0x20 /opt/nordic/ncs/v2.3.0/nrfxlib/crypto/nrf_cc310_platform/lib/cortex-m33/soft-float/no-interrupts/libnrf_cc310_platform_0.9.16.a(llf_rnd.c.obj)
                0x0000000000004d50                LLF_RND_WaitRngInterrupt
 .text.LLF_RND_GetRoscSampleCnt
                0x0000000000004d70       0x3c /opt/nordic/ncs/v2.3.0/nrfxlib/crypto/nrf_cc310_platform/lib/cortex-m33/soft-float/no-interrupts/libnrf_cc310_platform_0.9.16.a(llf_rnd.c.obj)
                0x0000000000004d70                LLF_RND_GetRoscSampleCnt
 .text.LLF_RND_GetFastestRosc
                0x0000000000004dac       0x20 /opt/nordic/ncs/v2.3.0/nrfxlib/crypto/nrf_cc310_platform/lib/cortex-m33/soft-float/no-interrupts/libnrf_cc310_platform_0.9.16.a(llf_rnd.c.obj)
                0x0000000000004dac                LLF_RND_GetFastestRosc
 .text.LLF_RND_TurnOffTrng
                0x0000000000004dcc       0x18 /opt/nordic/ncs/v2.3.0/nrfxlib/crypto/nrf_cc310_platform/lib/cortex-m33/soft-float/no-interrupts/libnrf_cc310_platform_0.9.16.a(llf_rnd.c.obj)
                0x0000000000004dcc                LLF_RND_TurnOffTrng
 .text.SetDataBuffersInfo
                0x0000000000004de4       0x68 /opt/nordic/ncs/v2.3.0/nrfxlib/crypto/nrf_cc310_platform/lib/cortex-m33/soft-float/no-interrupts/libnrf_cc310_platform_0.9.16.a(driver_common.c.obj)
                0x0000000000004de4                SetDataBuffersInfo
 .text.InitHashDrv
                0x0000000000004e4c       0x54 /opt/nordic/ncs/v2.3.0/nrfxlib/crypto/nrf_cc310_platform/lib/cortex-m33/soft-float/no-interrupts/libnrf_cc310_platform_0.9.16.a(hash_driver.c.obj)
                0x0000000000004e4c                InitHashDrv
 .text.ProcessHashDrv
                0x0000000000004ea0      0x22c /opt/nordic/ncs/v2.3.0/nrfxlib/crypto/nrf_cc310_platform/lib/cortex-m33/soft-float/no-interrupts/libnrf_cc310_platform_0.9.16.a(hash_driver.c.obj)
                0x0000000000004ea0                ProcessHashDrv
 .text.FinishHashDrv
                0x00000000000050cc       0x74 /opt/nordic/ncs/v2.3.0/nrfxlib/crypto/nrf_cc310_platform/lib/cortex-m33/soft-float/no-interrupts/libnrf_cc310_platform_0.9.16.a(hash_driver.c.obj)
                0x00000000000050cc                FinishHashDrv
 .text.CC_PalDataBufferAttrGet
                0x0000000000005140        0x8 /opt/nordic/ncs/v2.3.0/nrfxlib/crypto/nrf_cc310_platform/lib/cortex-m33/soft-float/no-interrupts/libnrf_cc310_platform_0.9.16.a(cc_pal_buff_attr.c.obj)
                0x0000000000005140                CC_PalDataBufferAttrGet
 .text.mbedtls_free
                0x0000000000005148        0xc secure_fw/partitions/crypto/mbedcrypto/nrf_security_src/libmbedcrypto_base.a(platform.o)
                0x0000000000005148                mbedtls_free
 .text.mbedtls_platform_set_calloc_free
                0x0000000000005154       0x14 secure_fw/partitions/crypto/mbedcrypto/nrf_security_src/libmbedcrypto_base.a(platform.o)
                0x0000000000005154                mbedtls_platform_set_calloc_free
 .text._sbrk    0x0000000000005168       0x20 /opt/nordic/ncs/toolchains/v2.3.0/opt/zephyr-sdk/arm-zephyr-eabi/bin/../lib/gcc/arm-zephyr-eabi/12.1.0/../../../../arm-zephyr-eabi/lib/thumb/v8-m.main/nofp/libnosys.a(sbrk.o)
                0x0000000000005168                _sbrk
 .text._exit    0x0000000000005188        0x4 /opt/nordic/ncs/toolchains/v2.3.0/opt/zephyr-sdk/arm-zephyr-eabi/bin/../lib/gcc/arm-zephyr-eabi/12.1.0/../../../../arm-zephyr-eabi/lib/thumb/v8-m.main/nofp/libnosys.a(_exit.o)
                0x0000000000005188                _exit
 *(.init)
 .init          0x000000000000518c        0x4 /opt/nordic/ncs/toolchains/v2.3.0/opt/zephyr-sdk/arm-zephyr-eabi/bin/../lib/gcc/arm-zephyr-eabi/12.1.0/thumb/v8-m.main/nofp/crti.o
                0x000000000000518c                _init
 .init          0x0000000000005190        0x8 /opt/nordic/ncs/toolchains/v2.3.0/opt/zephyr-sdk/arm-zephyr-eabi/bin/../lib/gcc/arm-zephyr-eabi/12.1.0/thumb/v8-m.main/nofp/crtn.o
 *(.fini)
 .fini          0x0000000000005198        0x4 /opt/nordic/ncs/toolchains/v2.3.0/opt/zephyr-sdk/arm-zephyr-eabi/bin/../lib/gcc/arm-zephyr-eabi/12.1.0/thumb/v8-m.main/nofp/crti.o
                0x0000000000005198                _fini
 .fini          0x000000000000519c        0x8 /opt/nordic/ncs/toolchains/v2.3.0/opt/zephyr-sdk/arm-zephyr-eabi/bin/../lib/gcc/arm-zephyr-eabi/12.1.0/thumb/v8-m.main/nofp/crtn.o
 *crtbegin.o(.ctors)
 *crtbegin?.o(.ctors)
 *(EXCLUDE_FILE(*crtend.o *crtend?.o) .ctors)
 *(SORT_BY_NAME(.ctors.*))
 *(.ctors)
 *crtbegin.o(.dtors)
 *crtbegin?.o(.dtors)
 *(EXCLUDE_FILE(*crtend.o *crtend?.o) .dtors)
 *(SORT_BY_NAME(.dtors.*))
 *(.dtors)

.glue_7         0x00000000000051a4        0x0
 .glue_7        0x00000000000051a4        0x0 linker stubs

.glue_7t        0x00000000000051a4        0x0
 .glue_7t       0x00000000000051a4        0x0 linker stubs

.vfp11_veneer   0x00000000000051a4        0x0
 .vfp11_veneer  0x00000000000051a4        0x0 linker stubs

.v4_bx          0x00000000000051a4        0x0
 .v4_bx         0x00000000000051a4        0x0 linker stubs

.iplt           0x00000000000051a4        0x0
 .iplt          0x00000000000051a4        0x0 /opt/nordic/ncs/toolchains/v2.3.0/opt/zephyr-sdk/arm-zephyr-eabi/bin/../lib/gcc/arm-zephyr-eabi/12.1.0/thumb/v8-m.main/nofp/crtbegin.o

.psa_interface_cross_call
                0x00000000000051a4       0xc8
 .psa_interface_cross_call
                0x00000000000051a4       0xc8 secure_fw/CMakeFiles/tfm_s.dir/spm/cmsis_psa/psa_interface_cross.o
                0x00000000000051ac                psa_framework_version_cross
                0x00000000000051b4                psa_version_cross
                0x00000000000051bc                tfm_psa_call_pack_cross
                0x00000000000051c4                psa_wait_cross
                0x00000000000051cc                psa_get_cross
                0x00000000000051d4                psa_read_cross
                0x00000000000051dc                psa_skip_cross
                0x00000000000051e4                psa_write_cross
                0x00000000000051ec                psa_reply_cross
                0x00000000000051f4                psa_notify_cross
                0x00000000000051fc                psa_clear_cross
                0x0000000000005204                psa_panic_cross
                0x000000000000520c                psa_rot_lifecycle_state_cross
                0x0000000000005214                psa_connect_cross
                0x000000000000521c                psa_close_cross
                0x0000000000005224                psa_set_rhandle_cross
